******************************************************************************
                  TI ARM Linker PC v20.2.5                     
******************************************************************************
>> Linked Sat Dec  4 13:44:13 2021

OUTPUT FILE NAME:   <mqtt_client_CC3220SF_LAUNCHXL_freertos_ccs.out>
ENTRY POINT SYMBOL: "resetISR"  address: 0101928d


MEMORY CONFIGURATION

         name            origin    length      used     unused   attr    fill
----------------------  --------  ---------  --------  --------  ----  --------
  FLASH_HDR             01000000   000007ff  00000000  000007ff  R  X
  FLASH                 01000800   000ff800  00019dda  000e5a26  R  X
  SRAM                  20000000   00040000  0000b075  00034f8b  RW X


SEGMENT ALLOCATION MAP

run origin  load origin   length   init length attrs members
----------  ----------- ---------- ----------- ----- -------
01000800    01000800    00019de0   00019de0    r-x
  01000800    01000800    00000040   00000040    r-- .resetVecs
  01000840    01000840    000190b8   000190b8    r-x .text
  010198f8    010198f8    00000ae2   00000ae2    r-- .const
  0101a3e0    0101a3e0    00000200   00000200    r-- .cinit
20000400    20000400    0000a96c   00000000    rw-
  20000400    20000400    00009be5   00000000    rw- .bss
  20009fe8    20009fe8    00000d84   00000000    rw- .data
2003fc00    2003fc00    00000400   00000000    rw-
  2003fc00    2003fc00    00000400   00000000    rw- .stack


SECTION ALLOCATION MAP

 output                                  attributes/
section   page    origin      length       input sections
--------  ----  ----------  ----------   ----------------
.resetVecs 
*          0    01000800    00000040     
                  01000800    00000040     freertos_builds_CC3220SF_LAUNCHXL_release_ccs.lib : startup_cc32xx_ccs.obj (.resetVecs:retain)

.text      0    01000840    000190b8     
                  01000840    00000a4e     rtsv7M4_T_le_eabi.lib : _printfi.c.obj (.text:__TI_printfi)
                  0100128e    00000002     ti_drivers_config.obj (.text:Board_initHook)
                  01001290    000008e8     simplelink.a : driver.obj (.text:_SlDrvMsgRead)
                  01001b78    00000540     mqtt_if.obj (.text:MQTTClientCallback)
                  010020b8    000004bc     simplelink.a : sl_socket.obj (.text:_SlSocketHandleAsync_Select)
                  01002574    0000042c     driverlib.a : prcm.obj (.text:PRCMCC3200MCUInit)
                  010029a0    00000384     simplelink.a : driver.obj (.text:_SlDrvMsgWrite)
                  01002d24    00000378     publish_task.obj (.text:publish_task)
                  0100309c    00000320     network_if.obj (.text:Network_IF_ConnectAP)
                  010033bc    0000031c     simplelink.a : driver.obj (.text:_SlDrvReleasePoolObj)
                  010036d8    0000031c     mqtt_if.obj (.text:jsmn_parse)
                  010039f4    000002e0     simplelink.a : driver.obj (.text:_SlDrvWaitForPoolObj)
                  01003cd4    000002d8                  : driver.obj (.text:_SlDrvRxHdrRead)
                  01003fac    000002b8     mqtt_if.obj (.text:MQTTAppThread)
                  01004264    000002b0     simplelink.a : wlan.obj (.text:sl_WlanProfileAdd)
                  01004514    000002ac                  : sl_socket.obj (.text:sl_Select)
                  010047c0    00000294     publish_task.obj (.text:WifiInit)
                  01004a54    0000028d     network_if.obj (.text:SimpleLinkSockEventHandler)
                  01004ce1    00000001     --HOLE-- [fill = 0]
                  01004ce2    00000002     driverlib.a : interrupt.obj (.text:IntDefaultHandler)
                  01004ce4    0000027c     simplelink.a : wlan.obj (.text:sl_WlanConnect)
                  01004f60    00000278     freertos_builds_CC3220SF_LAUNCHXL_release_ccs.lib : mqueue.obj (.text:mq_open)
                  010051d8    00000268     rtsv7M4_T_le_eabi.lib : _printfi.c.obj (.text:_pconv_a)
                  01005440    00000264     network_if.obj (.text:Network_IF_InitDriver)
                  010056a4    0000025c     simplelink.a : driver.obj (.text:_SlDrvDataReadOp)
                  01005900    0000024c     mqtt_if.obj (.text:MQTT_IF_Connect)
                  01005b4c    00000238     publish_task.obj (.text:DisplayAppBanner)
                  01005d84    0000022c     publish_task.obj (.text:MQTT_EventCallback)
                  01005fb0    00000224     simplelink.a : driver.obj (.text:_SlDrvDriverCBInit)
                  010061d4    00000218                  : driver.obj (.text:_SlDrvDataWriteOp)
                  010063ec    00000214     claw_control.obj (.text:claw_control_task)
                  01006600    0000020c     drivers_cc32xx.aem4 : UARTCC32XXDMA.oem4 (.text:UARTCC32XXDMA_open)
                  0100680c    00000208     freertos_builds_CC3220SF_LAUNCHXL_release_ccs.lib : tasks.obj (.text:xTaskIncrementTick)
                  01006a14    000001f4     simplelink.a : driver.obj (.text:_SlDrvMsgReadCmdCtx)
                  01006c08    000001f2                  : netapp.obj (.text:_SlNetAppEventHandler)
                  01006dfa    00000002     drivers_cc32xx.aem4 : PWMTimerCC32XX.oem4 (.text:PWMTimerCC32XX_init)
                  01006dfc    000001e4                         : GPIOCC32XX.oem4 (.text:GPIO_setConfig)
                  01006fe0    000001e1     network_if.obj (.text:SimpleLinkFatalErrorEventHandler)
                  010071c1    00000001     --HOLE-- [fill = 0]
                  010071c2    00000002     freertos_builds_CC3220SF_LAUNCHXL_release_ccs.lib : PowerCC32XX_freertos.obj (.text:PowerCC32XX_initPolicy)
                  010071c4    000001e0     simplelink.a : device.obj (.text:sl_Stop)
                  010073a4    000001d8     network_if.obj (.text:SimpleLinkWlanEventHandler)
                  0100757c    000001d0     drivers_cc32xx.aem4 : SPICC32XXDMA.oem4 (.text:SPICC32XXDMA_transfer)
                  0100774c    000001d0     freertos_builds_CC3220SF_LAUNCHXL_release_ccs.lib : queue.obj (.text:xQueueSemaphoreTake)
                  0100791c    000001cc     rtsv7M4_T_le_eabi.lib : _printfi.c.obj (.text:_pconv_g)
                  01007ae8    000001cc     freertos_builds_CC3220SF_LAUNCHXL_release_ccs.lib : tasks.obj (.text:xTaskResumeAll)
                  01007cb4    000001c4     mqtt_if.obj (.text:MQTT_IF_Subscribe)
                  01007e78    000001b8     drivers_cc32xx.aem4 : SPICC32XXDMA.oem4 (.text:configDMA)
                  01008030    000001b8     freertos_builds_CC3220SF_LAUNCHXL_release_ccs.lib : queue.obj (.text:xQueueGenericSend)
                  010081e8    000001b6     rtsv7M4_T_le_eabi.lib : fd_add_t2.asm.obj (.text)
                  0100839e    00000002     drivers_cc32xx.aem4 : TimerCC32XX.oem4 (.text:TimerCC32XX_init)
                  010083a0    000001b4     simplelink.a : driver.obj (.text:_SlDrvReleaseAllActivePendingPoolObj)
                  01008554    000001b0     freertos_builds_CC3220SF_LAUNCHXL_release_ccs.lib : PowerCC32XX_freertos.obj (.text:PowerCC32XX_sleepPolicy)
                  01008704    000001a8     simplelink.a : sl_socket.obj (.text:sl_Accept)
                  010088ac    000001a4     freertos_builds_CC3220SF_LAUNCHXL_release_ccs.lib : heap_4.obj (.text:pvPortMalloc)
                  01008a50    000001a0     mqtt_if.obj (.text:MQTT_IF_Init)
                  01008bf0    00000198     slnetsock_release.a : slnetsock.oem4 (.text:SlNetSock_select)
                  01008d88    00000190     simplelink.a : sl_socket.obj (.text:_SlDrvRegisterForSelectAsync)
                  01008f18    0000018c     mqtt_if.obj (.text:jsmn_parse_string)
                  010090a4    00000188     freertos_builds_CC3220SF_LAUNCHXL_release_ccs.lib : tasks.obj (.text:xTaskRemoveFromEventList)
                  0100922c    00000184     simplelink.a : driver.obj (.text:_SlDrvFindAndSetActiveObj)
                  010093b0    00000180     network_if.obj (.text:SimpleLinkNetAppEventHandler)
                  01009530    0000017c     freertos_builds_CC3220SF_LAUNCHXL_release_ccs.lib : queue.obj (.text:xQueueReceive)
                  010096ac    00000178     simplelink.a : sl_socket.obj (.text:sl_Connect)
                  01009824    00000170                  : netapp.obj (.text:sl_NetAppDnsGetHostByName)
                  01009994    00000160     mqtt_release.a : mqtt_net_func.oem4 (.text:createSocket)
                  01009af4    00000158     drivers_cc32xx.aem4 : SPICC32XXDMA.oem4 (.text:SPICC32XXDMA_open)
                  01009c4c    00000154     mqtt_release.a : mqttclient.oem4 (.text:MQTTClient_connect)
                  01009da0    00000154     freertos_builds_CC3220SF_LAUNCHXL_release_ccs.lib : timers.obj (.text:prvProcessReceivedCommands)
                  01009ef4    00000154     simplelink.a : sl_socket.obj (.text:sl_RecvFrom)
                  0100a048    00000148                  : sl_socket.obj (.text:_SlDrvGetNextTimeoutValue)
                  0100a190    00000148     drivers_cc32xx.aem4 : PowerCC32XX.oem4 (.text:parkPins)
                  0100a2d8    00000148     simplelink.a : sl_socket.obj (.text:sl_StartTLS)
                  0100a420    00000148     freertos_builds_CC3220SF_LAUNCHXL_release_ccs.lib : tasks.obj (.text:vTaskPriorityDisinheritAfterTimeout)
                  0100a568    00000140     drivers_cc32xx.aem4 : PWMTimerCC32XX.oem4 (.text:PWMTimerCC32XX_setDutyAndPeriod)
                  0100a6a8    00000140     simplelink.a : driver.obj (.text:_SlDrvMsgReadSpawnCtx)
                  0100a7e8    0000013c     rtsv7M4_T_le_eabi.lib : _printfi.c.obj (.text:_pconv_e)
                  0100a924    0000013a     freertos_builds_CC3220SF_LAUNCHXL_release_ccs.lib : tasks.obj (.text:prvInitialiseNewTask)
                  0100aa5e    00000002     drivers_cc32xx.aem4 : UARTCC32XXDMA.oem4 (.text:UARTCC32XXDMA_init)
                  0100aa60    00000138                         : PowerCC32XX.oem4 (.text:Power_sleep)
                  0100ab98    00000138     simplelink.a : driver.obj (.text:_SlSpawnMsgListInsert)
                  0100acd0    00000138     freertos_builds_CC3220SF_LAUNCHXL_release_ccs.lib : pthread.obj (.text:pthread_create)
                  0100ae08    00000136     rtsv7M4_T_le_eabi.lib : fd_div_t2.asm.obj (.text)
                  0100af3e    00000002     freertos_builds_CC3220SF_LAUNCHXL_release_ccs.lib : startup_cc32xx_ccs.obj (.text:busFaultHandler)
                  0100af40    00000134     simplelink.a : sl_socket.obj (.text:_SlSocketHandleAsync_StartTLS)
                  0100b074    00000130                  : driver.obj (.text:_SlDrvDriverCBDeinit)
                  0100b1a4    00000128     drivers_cc32xx.aem4 : TimerCC32XX.oem4 (.text:TimerCC32XX_open)
                  0100b2cc    00000128     simplelink.a : driver.obj (.text:_SlDrvClassifyRxMsg)
                  0100b3f4    00000128     freertos_builds_CC3220SF_LAUNCHXL_release_ccs.lib : queue.obj (.text:xQueueGenericSendFromISR)
                  0100b51c    00000124     simplelink.a : fs.obj (.text:sl_FsOpen)
                  0100b640    00000120                  : driver.obj (.text:_SlDrvAsyncEventGenericHandler)
                  0100b760    00000120     rtsv7M4_T_le_eabi.lib : _printfi.c.obj (.text:fcvt)
                  0100b880    00000120     freertos_builds_CC3220SF_LAUNCHXL_release_ccs.lib : tasks.obj (.text:xTaskPriorityInherit)
                  0100b9a0    0000011c     simplelink.a : device.obj (.text:sl_Start)
                  0100babc    00000118                  : netapp.obj (.text:_SlNetAppHandleAsync_DnsGetHostByService)
                  0100bbd4    00000118     freertos_builds_CC3220SF_LAUNCHXL_release_ccs.lib : tasks.obj (.text:vTaskSuspend)
                  0100bcec    00000118                                                       : tasks.obj (.text:xTaskPriorityDisinherit)
                  0100be04    00000112     mqtt_release.a : mqtt_common.oem4 (.text:MQTT_PacketRecv)
                  0100bf16    00000002     freertos_builds_CC3220SF_LAUNCHXL_release_ccs.lib : startup_cc32xx_ccs.obj (.text:defaultHandler)
                  0100bf18    00000110     rtsv7M4_T_le_eabi.lib : strtoul.c.obj (.text:strtoul)
                  0100c028    0000010e     freertos_builds_CC3220SF_LAUNCHXL_release_ccs.lib : queue.obj (.text:xQueueGiveFromISR)
                  0100c136    00000002                                                       : startup_cc32xx_ccs.obj (.text:faultISR)
                  0100c138    00000108     slnetsock_release.a : slnetutils.oem4 (.text:SlNetUtil_str2BinIpV6)
                  0100c240    00000104     simplelink.a : device.obj (.text:_SlDeviceEventHandler)
                  0100c344    00000104                  : driver.obj (.text:_SlDrvCmdOp)
                  0100c448    00000104     freertos_builds_CC3220SF_LAUNCHXL_release_ccs.lib : tasks.obj (.text:prvAddNewTaskToReadyList)
                  0100c54c    00000104                                                       : queue.obj (.text:xQueueGenericReset)
                  0100c650    00000100     simplelink.a : driver.obj (.text:_SlDrvObjGlobalLockWaitForever)
                  0100c750    00000100                  : fs.obj (.text:sl_FsWrite)
                  0100c850    00000100     freertos_builds_CC3220SF_LAUNCHXL_release_ccs.lib : tasks.obj (.text:vTaskDelete)
                  0100c950    000000fc     rtsv7M4_T_le_eabi.lib : fd_mul_t2.asm.obj (.text)
                  0100ca4c    000000f8     mqtt_release.a : mqttclient.oem4 (.text:MqttClientCtxCreate)
                  0100cb44    000000f8     slnetifwifi.a : slnetifwifi.obj (.text:SlNetIfWifi_loadSecObj)
                  0100cc3c    000000f8     drivers_cc32xx.aem4 : UARTCC32XXDMA.oem4 (.text:UARTCC32XXDMA_close)
                  0100cd34    000000f8     simplelink.a : sl_socket.obj (.text:sl_Close)
                  0100ce2c    000000f8     mqtt_release.a : client_core.oem4 (.text:utf8ArraySend)
                  0100cf24    000000f6                    : mqtt_net_func.oem4 (.text:MQTTNet_commOpen)
                  0100d01a    000000f6     freertos_builds_CC3220SF_LAUNCHXL_release_ccs.lib : queue.obj (.text:xQueueReceiveFromISR)
                  0100d110    000000f4     simplelink.a : sl_socket.obj (.text:sl_SendTo)
                  0100d204    000000f2     drivers_cc32xx.aem4 : SPICC32XXDMA.oem4 (.text:SPICC32XXDMA_transferCancel)
                  0100d2f6    00000002     freertos_builds_CC3220SF_LAUNCHXL_release_ccs.lib : startup_cc32xx_ccs.obj (.text:nmiISR)
                  0100d2f8    000000f0     drivers_cc32xx.aem4 : PWMTimerCC32XX.oem4 (.text:PWMTimerCC32XX_open)
                  0100d3e8    000000e8                         : UARTCC32XXDMA.oem4 (.text:initHw)
                  0100d4d0    000000e8     freertos_builds_CC3220SF_LAUNCHXL_release_ccs.lib : tasks.obj (.text:prvAddCurrentTaskToDelayedList)
                  0100d5b8    000000e4     slnetsock_release.a : slnetif.oem4 (.text:SlNetIf_add)
                  0100d69c    000000de     mqtt_release.a : client_core.oem4 (.text:connectMsgSend)
                  0100d77a    00000002     rtsv7M4_T_le_eabi.lib : div0.asm.obj (.text)
                  0100d77c    000000dc     main_freertos.obj (.text:main)
                  0100d858    000000dc     freertos_builds_CC3220SF_LAUNCHXL_release_ccs.lib : tasks.obj (.text:vTaskSwitchContext)
                  0100d934    000000d8     uart_term.obj (.text:GetCmd)
                  0100da0c    000000d8     drivers_cc32xx.aem4 : SPICC32XXDMA.oem4 (.text:SPICC32XXDMA_close)
                  0100dae4    000000d8     simplelink.a : device.obj (.text:_SlDeviceHandleAsync_InitComplete)
                  0100dbbc    000000d8                  : driver.obj (.text:_SlDrvWaitForInternalAsyncEvent)
                  0100dc94    000000d8                  : netapp.obj (.text:_SlNetAppHandleAsync_NetAppReceive)
                  0100dd6c    000000d0     publish_task.obj (.text:SetClientIdNamefromMacAddress)
                  0100de3c    000000d0     simplelink.a : driver.obj (.text:_SlDrvRemoveFromList)
                  0100df0c    000000d0     rtsv7M4_T_le_eabi.lib : s_scalbn.c.obj (.text:scalbn)
                  0100dfdc    000000cc     mqtt_release.a : mqttclient.oem4 (.text:processNotifyAckCB)
                  0100e0a8    000000c8     mqtt_if.obj (.text:jsmn_parse_primitive)
                  0100e170    000000c8     drivers_cc32xx.aem4 : SPICC32XXDMA.oem4 (.text:spiHwiFxn)
                  0100e238    000000c4                         : GPIOCC32XX.oem4 (.text:GPIO_init)
                  0100e2fc    000000c4                         : PWMTimerCC32XX.oem4 (.text:PWMTimerCC32XX_stop)
                  0100e3c0    000000c0     mqtt_release.a : mqttclient.oem4 (.text:MqttClientSub)
                  0100e480    000000c0     simplelink.a : cc_pal.obj (.text:NwpPowerOff)
                  0100e540    000000c0     drivers_cc32xx.aem4 : PowerCC32XX.oem4 (.text:restoreParkedPins)
                  0100e600    000000c0     simplelink.a : netcfg.obj (.text:sl_NetCfgGet)
                  0100e6c0    000000c0     freertos_builds_CC3220SF_LAUNCHXL_release_ccs.lib : port.obj (.text:xPortStartScheduler)
                  0100e780    000000bc     simplelink.a : netapp.obj (.text:_SlNetAppSendResponse)
                  0100e83c    000000bc     mqtt_release.a : client_core.oem4 (.text:clCtxConnStateTryLocked)
                  0100e8f8    000000bc     freertos_builds_CC3220SF_LAUNCHXL_release_ccs.lib : queue.obj (.text:prvCopyDataToQueue)
                  0100e9b4    000000bc                                                       : heap_4.obj (.text:prvHeapInit)
                  0100ea70    000000bc     simplelink.a : sl_socket.obj (.text:sl_Send)
                  0100eb2c    000000ba     freertos_builds_CC3220SF_LAUNCHXL_release_ccs.lib : portasm.obj (.text)
                  0100ebe6    000000ba     debug.obj (.text:setGPIOs)
                  0100eca0    000000b8     drivers_cc32xx.aem4 : PWMTimerCC32XX.oem4 (.text:PWMTimerCC32XX_setDuty)
                  0100ed58    000000b8                         : UARTCC32XXDMA.oem4 (.text:UARTCC32XXDMA_configDMA)
                  0100ee10    000000b8     simplelink.a : netapp.obj (.text:_SlNetAppHandleAsync_DnsGetHostByName)
                  0100eec8    000000b8                  : netapp.obj (.text:_SlNetAppHandleAsync_PingResponse)
                  0100ef80    000000b8     publish_task.obj (.text:pushButtonConnectionHandler)
                  0100f038    000000b8     simplelink.a : device.obj (.text:sl_DeviceGet)
                  0100f0f0    000000b8                  : wlan.obj (.text:sl_WlanGet)
                  0100f1a8    000000b4     mqtt_release.a : mqttclient.oem4 (.text:MqttClient_send)
                  0100f25c    000000b4     drivers_cc32xx.aem4 : UARTCC32XXDMA.oem4 (.text:UARTCC32XXDMA_hwiIntFxn)
                  0100f310    000000b4     simplelink.a : driver.obj (.text:_SlDrvHandleFatalError)
                  0100f3c4    000000b4                  : netutil.obj (.text:_SlNetUtilHandleAsync_Cmd)
                  0100f478    000000b4     freertos_builds_CC3220SF_LAUNCHXL_release_ccs.lib : clock.obj (.text:_clock_abstime2ticks)
                  0100f52c    000000b4     simplelink.a : sl_socket.obj (.text:sl_GetSockOpt)
                  0100f5e0    000000b4     freertos_builds_CC3220SF_LAUNCHXL_release_ccs.lib : tasks.obj (.text:xTaskCheckForTimeOut)
                  0100f694    000000b2     uart_term.obj (.text:Report)
                  0100f746    00000002     --HOLE-- [fill = 0]
                  0100f748    000000b1     rtsv7M4_T_le_eabi.lib : _printfi.c.obj (.text:_ltostr)
                  0100f7f9    00000003     --HOLE-- [fill = 0]
                  0100f7fc    000000b0     slnetifwifi.a : slnetifwifi.obj (.text:SlNetIfWifi_getSockOpt)
                  0100f8ac    000000ae                   : slnetifwifi.obj (.text:matchModeByRole)
                  0100f95a    000000ae     freertos_builds_CC3220SF_LAUNCHXL_release_ccs.lib : queue.obj (.text:prvUnlockQueue)
                  0100fa08    000000ac     simplelink.a : sl_socket.obj (.text:_SlSocketHandleAsync_Close)
                  0100fab4    000000ac                  : sl_socket.obj (.text:_SlSocketHandleAsync_Connect)
                  0100fb60    000000ac     freertos_builds_CC3220SF_LAUNCHXL_release_ccs.lib : clock.obj (.text:clock_gettime)
                  0100fc0c    000000a8     driverlib.a : interrupt.obj (.text:IntDisable)
                  0100fcb4    000000a8                 : interrupt.obj (.text:IntEnable)
                  0100fd5c    000000a8     network_if.obj (.text:Network_IF_IpConfigGet)
                  0100fe04    000000a8     driverlib.a : prcm.obj (.text:PRCMPeripheralClockGet)
                  0100feac    000000a8     drivers_cc32xx.aem4 : PowerCC32XX.oem4 (.text:PowerCC32XX_configureWakeup)
                  0100ff54    000000a8     freertos_builds_CC3220SF_LAUNCHXL_release_ccs.lib : heap_4.obj (.text:prvInsertBlockIntoFreeList)
                  0100fffc    000000a8     simplelink.a : fs.obj (.text:sl_FsClose)
                  010100a4    000000a8     freertos_builds_CC3220SF_LAUNCHXL_release_ccs.lib : heap_4.obj (.text:vPortFree)
                  0101014c    000000a6     simplelink.a : driver.obj (.text:_SlDrvIsTimeoutExpired)
                  010101f2    00000002     --HOLE-- [fill = 0]
                  010101f4    000000a4     mqtt_release.a : mqttclient.oem4 (.text:MQTTClient_create)
                  01010298    000000a4                    : mqttclient.oem4 (.text:MQTTClient_delete)
                  0101033c    000000a4                    : mqttclient.oem4 (.text:MqttClientConfig)
                  010103e0    000000a4     drivers_cc32xx.aem4 : PWMTimerCC32XX.oem4 (.text:initHw)
                  01010484    000000a4     simplelink.a : sl_socket.obj (.text:sl_Bind)
                  01010528    000000a0     freertos_builds_CC3220SF_LAUNCHXL_release_ccs.lib : ClockP_freertos.obj (.text:ClockP_create)
                  010105c8    000000a0     simplelink.a : fs.obj (.text:FsGetCreateFsMode)
                  01010668    000000a0                  : sl_socket.obj (.text:_SlDrvUnRegisterForSelectAsync)
                  01010708    000000a0                  : driver.obj (.text:_SlSpawnMsgListProcess)
                  010107a8    0000009e                  : cc_pal.obj (.text:spi_Read)
                  01010846    0000009e                  : cc_pal.obj (.text:spi_Write)
                  010108e4    0000009c     mqtt_release.a : client_core.oem4 (.text:MQTTClientCore_initLib)
                  01010980    0000009c                    : client_core.oem4 (.text:MQTTClientCore_sendPubMsg)
                  01010a1c    0000009c                    : client_core.oem4 (.text:_msgDispatch)
                  01010ab8    0000009c     rtsv7M4_T_le_eabi.lib : memcpy_t2.asm.obj (.text)
                  01010b54    0000009c     freertos_builds_CC3220SF_LAUNCHXL_release_ccs.lib : tasks.obj (.text:vTaskStartScheduler)
                  01010bf0    0000009a     mqtt_release.a : client_core.oem4 (.text:procPubMsgRx)
                  01010c8a    00000002     --HOLE-- [fill = 0]
                  01010c8c    00000098     mqtt_if.obj (.text:MQTT_IF_Publish)
                  01010d24    00000098     drivers_cc32xx.aem4 : PWMTimerCC32XX.oem4 (.text:PWMTimerCC32XX_setPeriod)
                  01010dbc    00000098     uart_term.obj (.text:TrimSpace)
                  01010e54    00000098     drivers_cc32xx.aem4 : GPIOCC32XX.oem4 (.text:powerNotifyFxn)
                  01010eec    00000096     mqtt_release.a : mqtt_net_func.oem4 (.text:MQTTNet_tcpSelect)
                  01010f82    00000096     rtsv7M4_T_le_eabi.lib : ull_div_t2.asm.obj (.text)
                  01011018    00000094     drivers_cc32xx.aem4 : ADCCC32XX.oem4 (.text:ADCCC32XX_open)
                  010110ac    00000094     simplelink.a : cc_pal.obj (.text:Semaphore_pend_handle)
                  01011140    00000094     drivers_cc32xx.aem4 : SPICC32XXDMA.oem4 (.text:initHw)
                  010111d4    00000092     slnetsock_release.a : slnetsock.oem4 (.text:SlNetSock_create)
                  01011266    00000092     freertos_builds_CC3220SF_LAUNCHXL_release_ccs.lib : mqueue.obj (.text:mq_send)
                  010112f8    00000090     slnetsock_release.a : slnetsock.oem4 (.text:SlNetSock_getVirtualSdConf)
                  01011388    00000090     simplelink.a : device.obj (.text:_SlDeviceHandleAsync_Stop)
                  01011418    00000090                  : sl_socket.obj (.text:_SlSocketHandleAsync_Accept)
                  010114a8    00000090     mqtt_release.a : mqttclient.oem4 (.text:processPublishRxCB)
                  01011538    00000090     drivers_cc32xx.aem4 : PowerCC32XX.oem4 (.text:restoreNVICRegs)
                  010115c8    0000008c     mqtt_release.a : client_core.oem4 (.text:MQTTClientCore_createCtx)
                  01011654    0000008c     slnetsock_release.a : slnetsock.oem4 (.text:SlNetSock_accept)
                  010116e0    0000008c     drivers_cc32xx.aem4 : UARTCC32XXDMA.oem4 (.text:UARTCC32XXDMA_write)
                  0101176c    0000008c     simplelink.a : driver.obj (.text:_SlDrvDriverIsApiAllowed)
                  010117f8    0000008c                  : driver.obj (.text:_SlDrvProtectAsyncRespSetting)
                  01011884    0000008c     freertos_builds_CC3220SF_LAUNCHXL_release_ccs.lib : clock.obj (.text:_clock_gettimeMono)
                  01011910    0000008c     simplelink.a : sl_socket.obj (.text:sl_Recv)
                  0101199c    00000088     drivers_cc32xx.aem4 : PWMTimerCC32XX.oem4 (.text:PWMTimerCC32XX_close)
                  01011a24    00000088     driverlib.a : pin.obj (.text:PinConfigSet)
                  01011aac    00000088     drivers_cc32xx.aem4 : TimerCC32XX.oem4 (.text:TimerCC32XX_setPeriod)
                  01011b34    00000088     freertos_builds_CC3220SF_LAUNCHXL_release_ccs.lib : mqueue.obj (.text:mq_receive)
                  01011bbc    00000088     mqtt_release.a : client_core.oem4 (.text:procConnackRx)
                  01011c44    00000088     freertos_builds_CC3220SF_LAUNCHXL_release_ccs.lib : timers.obj (.text:prvProcessTimerOrBlockTask)
                  01011ccc    00000088     simplelink.a : eventreg.obj (.text:sl_UnregisterLibsEventHandler)
                  01011d54    00000088     mqtt_release.a : client_core.oem4 (.text:wrConnectPayload)
                  01011ddc    00000086     rtsv7M4_T_le_eabi.lib : fd_cmp_t2.asm.obj (.text:__aeabi_cdcmple)
                  01011e62    00000086                           : fd_cmp_t2.asm.obj (.text:__aeabi_cdrcmple)
                  01011ee8    00000084     mqtt_if.obj (.text:MQTTHelperTopicMatching)
                  01011f6c    00000084     drivers_cc32xx.aem4 : PowerCC32XX.oem4 (.text:Power_init)
                  01011ff0    00000084     slnetifwifi.a : slnetifwifi.obj (.text:SlNetIfWifi_sockstartSec)
                  01012074    00000084     slnetsock_release.a : slnetutils.oem4 (.text:SlNetUtil_getHostByName)
                  010120f8    00000084     mqtt_release.a : client_core.oem4 (.text:mqpSetupProcCtxDataRecv)
                  0101217c    00000084     drivers_cc32xx.aem4 : PowerCC32XX.oem4 (.text:saveNVICRegs)
                  01012200    00000084     simplelink.a : sl_socket.obj (.text:sl_SetSockOpt)
                  01012284    00000084     freertos_builds_CC3220SF_LAUNCHXL_release_ccs.lib : timers.obj (.text:xTimerGenericCommand)
                  01012308    00000082                                                       : queue.obj (.text:xQueueGenericCreate)
                  0101238a    00000002     --HOLE-- [fill = 0]
                  0101238c    00000080     drivers_cc32xx.aem4 : PowerCC32XX.oem4 (.text:Power_setDependency)
                  0101240c    00000080                         : UARTCC32XXDMA.oem4 (.text:UARTCC32XXDMA_read)
                  0101248c    00000080     mqtt_release.a : client_core.oem4 (.text:clCtxPartSend)
                  0101250c    0000007c     mqtt_if.obj (.text:MQTTContextThread)
                  01012588    0000007c     drivers_cc32xx.aem4 : UDMACC32XX.oem4 (.text:UDMACC32XX_open)
                  01012604    0000007c     mqtt_release.a : client_core.oem4 (.text:procCtxDataRecv)
                  01012680    0000007a     drivers_cc32xx.aem4 : UARTCC32XXDMA.oem4 (.text:UARTCC32XXDMA_readPolling)
                  010126fa    0000007a     freertos_builds_CC3220SF_LAUNCHXL_release_ccs.lib : pthread.obj (.text:removeThreadKeys)
                  01012774    0000007a     rtsv7M4_T_le_eabi.lib : memset_t2.asm.obj (.text)
                  010127ee    0000007a     freertos_builds_CC3220SF_LAUNCHXL_release_ccs.lib : tasks.obj (.text:xTaskCreate)
                  01012868    00000078     drivers_cc32xx.aem4 : GPIOCC32XX.oem4 (.text:GPIO_hwiIntFxn)
                  010128e0    00000078     mqtt_release.a : mqtt_net_func.oem4 (.text:MQTTNet_recvFrom)
                  01012958    00000078     drivers_cc32xx.aem4 : TimerCC32XX.oem4 (.text:TimerCC32XX_start)
                  010129d0    00000078     freertos_builds_CC3220SF_LAUNCHXL_release_ccs.lib : timers.obj (.text:prvInsertTimerInActiveList)
                  01012a48    00000078     simplelink.a : sl_socket.obj (.text:sl_Socket)
                  01012ac0    00000078     freertos_builds_CC3220SF_LAUNCHXL_release_ccs.lib : tasks.obj (.text:vTaskPlaceOnEventListRestricted)
                  01012b38    00000074     drivers_cc32xx.aem4 : ADCCC32XX.oem4 (.text:ADCCC32XX_close)
                  01012bac    00000074     mqtt_release.a : mqtt_net_func.oem4 (.text:MQTTNet_tcpAccept)
                  01012c20    00000074     slnetsock_release.a : slnetsock.oem4 (.text:SlNetSock_AllocVirtualSocket)
                  01012c94    00000074     mqtt_release.a : client_core.oem4 (.text:groupCtxsRxPrep)
                  01012d08    00000074     freertos_builds_CC3220SF_LAUNCHXL_release_ccs.lib : tasks.obj (.text:prvInitialiseTaskLists)
                  01012d7c    00000074                                                       : pthread_mutex.obj (.text:pthread_mutex_init)
                  01012df0    00000074                                                       : port.obj (.text:vPortValidateInterruptPriority)
                  01012e64    00000072     mqtt_release.a : mqtt_common.oem4 (.text:MQTT_packetProcPubRx)
                  01012ed6    00000002     --HOLE-- [fill = 0]
                  01012ed8    00000070     slnetsock_release.a : slnetsock.oem4 (.text:SlNetSock_secAttribSet)
                  01012f48    00000070     simplelink.a : driver.obj (.text:_SlDrvCmdSend_noLock)
                  01012fb8    00000070     freertos_builds_CC3220SF_LAUNCHXL_release_ccs.lib : ClockP_freertos.obj (.text:setClockObjTimeout)
                  01013028    0000006e     rtsv7M4_T_le_eabi.lib : _printfi.c.obj (.text:_mcpy)
                  01013096    00000002     --HOLE-- [fill = 0]
                  01013098    0000006c     mqtt_release.a : mqttclient.oem4 (.text:MQTTClient_run)
                  01013104    0000006c     slnetsock_release.a : slnetutils.oem4 (.text:SlNetUtil_str2BinIpV4)
                  01013170    0000006c     simplelink.a : device.obj (.text:_SlDeviceHandleResetRequestInternally)
                  010131dc    0000006c                  : sl_socket.obj (.text:_SlDrvOpenCtrlSocket)
                  01013248    0000006c                  : netapp.obj (.text:_SlNetAppSendTokenValue)
                  010132b4    0000006c     publish_task.obj (.text:pushButtonPublishHandler)
                  01013320    0000006a     mqtt_release.a : mqtt_net_func.oem4 (.text:MQTTNet_sendTo)
                  0101338a    00000068                    : mqtt_common.oem4 (.text:MQTT_qos2PubCqUnlog)
                  010133f2    00000002     --HOLE-- [fill = 0]
                  010133f4    00000068     drivers_cc32xx.aem4 : PWMTimerCC32XX.oem4 (.text:PWMTimerCC32XX_start)
                  0101345c    00000068     simplelink.a : driver.obj (.text:_SlSpawnMsgListGetCount)
                  010134c4    00000068     rtsv7M4_T_le_eabi.lib : copy_decompress_lzss.c.obj (.text:decompress:lzss:__TI_decompress_lzss)
                  0101352c    00000068     freertos_builds_CC3220SF_LAUNCHXL_release_ccs.lib : tasks.obj (.text:eTaskConfirmSleepModeStatus)
                  01013594    00000068     simplelink.a : cc_pal.obj (.text:spi_Open)
                  010135fc    00000066     freertos_builds_CC3220SF_LAUNCHXL_release_ccs.lib : memory.obj (.text:realloc)
                  01013662    00000066                                                       : list.obj (.text:vListInsert)
                  010136c8    00000064     drivers_cc32xx.aem4 : ADCCC32XX.oem4 (.text:ADCCC32XX_convert)
                  0101372c    00000064     freertos_builds_CC3220SF_LAUNCHXL_release_ccs.lib : ClockP_freertos.obj (.text:ClockP_stop)
                  01013790    00000064     drivers_cc32xx.aem4 : GPIOCC32XX.oem4 (.text:GPIO_toggle)
                  010137f4    00000064     mqtt_release.a : mqtt_common.oem4 (.text:MQTT_packetPubAppendTopic)
                  01013858    00000064     drivers_cc32xx.aem4 : PowerCC32XX.oem4 (.text:PowerCC32XX_setParkState)
                  010138bc    00000064     freertos_builds_CC3220SF_LAUNCHXL_release_ccs.lib : pthread_mutex.obj (.text:acquireMutex)
                  01013920    00000064     mqtt_release.a : client_core.oem4 (.text:clientReset)
                  01013984    00000064                    : client_core.oem4 (.text:doNetClose)
                  010139e8    00000064     freertos_builds_CC3220SF_LAUNCHXL_release_ccs.lib : tasks.obj (.text:prvGetExpectedIdleTime)
                  01013a4c    00000064     timer500.obj (.text:start500)
                  01013ab0    00000062     freertos_builds_CC3220SF_LAUNCHXL_release_ccs.lib : timers.obj (.text:prvInitialiseNewTimer)
                  01013b12    00000002     --HOLE-- [fill = 0]
                  01013b14    00000060                                                       : HwiPCC32XX_freertos.obj (.text:HwiP_create)
                  01013b74    00000060     driverlib.a : prcm.obj (.text:PRCMSysResetCauseGet)
                  01013bd4    00000060     slnetsock_release.a : slnetsock.oem4 (.text:SlNetSock_recvFrom)
                  01013c34    00000060                         : slnetsock.oem4 (.text:SlNetSock_sendTo)
                  01013c94    00000060     drivers_cc32xx.aem4 : UARTCC32XXDMA.oem4 (.text:UARTCC32XXDMA_control)
                  01013cf4    00000060     freertos_builds_CC3220SF_LAUNCHXL_release_ccs.lib : pthread_mutex.obj (.text:pthread_mutex_unlock)
                  01013d54    0000005e     slnetifwifi.a : slnetifwifi.obj (.text:SlNetIfWifi_setSockOpt)
                  01013db2    0000005e     freertos_builds_CC3220SF_LAUNCHXL_release_ccs.lib : semaphore.obj (.text:sem_timedwait)
                  01013e10    0000005c     drivers_cc32xx.aem4 : GPIOCC32XX.oem4 (.text:GPIO_setCallback)
                  01013e6c    0000005c     uart_term.obj (.text:InitTerm)
                  01013ec8    0000005c     mqtt_release.a : client_core.oem4 (.text:MQTTClientCore_exitLib)
                  01013f24    0000005c                    : mqtt_net_func.oem4 (.text:MQTTNet_tcpListen)
                  01013f80    0000005c     simplelink.a : spawn.obj (.text:_SlInternalSpawn)
                  01013fdc    0000005c     freertos_builds_CC3220SF_LAUNCHXL_release_ccs.lib : memory.obj (.text:calloc)
                  01014038    0000005c     timer70.obj (.text:convert_To_mm)
                  01014094    0000005c     rtsv7M4_T_le_eabi.lib : s_frexp.c.obj (.text:frexp)
                  010140f0    0000005c     freertos_builds_CC3220SF_LAUNCHXL_release_ccs.lib : tasks.obj (.text:prvIdleTask)
                  0101414c    0000005c                                                       : pthread.obj (.text:pthread_exit)
                  010141a8    0000005c     timer70.obj (.text:start70)
                  01014204    0000005c     freertos_builds_CC3220SF_LAUNCHXL_release_ccs.lib : queue.obj (.text:vQueueWaitForMessageRestricted)
                  01014260    0000005c                                                       : tasks.obj (.text:vTaskDelay)
                  010142bc    00000058     drivers_cc32xx.aem4 : GPIOCC32XX.oem4 (.text:GPIO_write)
                  01014314    00000058     driverlib.a : interrupt.obj (.text:IntPendClear)
                  0101436c    00000058                 : prcm.obj (.text:PRCMPeripheralReset)
                  010143c4    00000058     drivers_cc32xx.aem4 : PowerCC32XX.oem4 (.text:Power_releaseDependency)
                  0101441c    00000058     slnetsock_release.a : slnetsock.oem4 (.text:SlNetSock_recv)
                  01014474    00000058                         : slnetsock.oem4 (.text:SlNetSock_send)
                  010144cc    00000058     simplelink.a : sl_socket.obj (.text:_SlDrvClearCtrlSocket)
                  01014524    00000058     mqtt_release.a : client_core.oem4 (.text:clRecv)
                  0101457c    00000058     debug.obj (.text:fatalError)
                  010145d4    00000058     mqtt_release.a : client_core.oem4 (.text:singleCtxKaSequence)
                  0101462c    00000058     simplelink.a : sl_socket.obj (.text:sl_Listen)
                  01014684    00000058                  : eventreg.obj (.text:sl_RegisterLibsEventHandler)
                  010146dc    00000058     freertos_builds_CC3220SF_LAUNCHXL_release_ccs.lib : port.obj (.text:vPortSetupTimerInterrupt)
                  01014734    00000058                                                       : queue.obj (.text:xQueueTakeMutexRecursive)
                  0101478c    00000056     mqtt_release.a : mqtt_common.oem4 (.text:MQTT_packetPubAppendData)
                  010147e2    00000056     freertos_builds_CC3220SF_LAUNCHXL_release_ccs.lib : SemaphoreP_freertos.obj (.text:SemaphoreP_create)
                  01014838    00000056     drivers_cc32xx.aem4 : TimerCC32XX.oem4 (.text:TimerCC32XX_stop)
                  0101488e    00000056     rtsv7M4_T_le_eabi.lib : _printfi.c.obj (.text:_pconv_f)
                  010148e4    00000056     mqtt_release.a : client_core.oem4 (.text:procAckMsgRx)
                  0101493a    00000002     --HOLE-- [fill = 0]
                  0101493c    00000054     freertos_builds_CC3220SF_LAUNCHXL_release_ccs.lib : ClockP_freertos.obj (.text:ClockP_delete)
                  01014990    00000054     driverlib.a : interrupt.obj (.text:IntPrioritySet)
                  010149e4    00000054     mqtt_release.a : client_core.oem4 (.text:MQTTClientCore_deleteCtx)
                  01014a38    00000054                    : client_core.oem4 (.text:MQTTClientCore_sendDisconn)
                  01014a8c    00000054     simplelink.a : driver.obj (.text:_SlDrvRxIrqHandler)
                  01014ae0    00000054     rtsv7M4_T_le_eabi.lib : _ltoa.c.obj (.text:__TI_ltoa)
                  01014b34    00000054     mqtt_release.a : client_core.oem4 (.text:grpNetSetupCreate)
                  01014b88    00000054     freertos_builds_CC3220SF_LAUNCHXL_release_ccs.lib : timers.obj (.text:xTimerCreateTimerTask)
                  01014bdc    00000052     drivers_cc32xx.aem4 : PowerCC32XX_asm.oem4 (.text:PowerCC32XX_resumeLPDS)
                  01014c2e    00000052     rtsv7M4_T_le_eabi.lib : _printfi.c.obj (.text:_ecpy)
                  01014c80    00000052     drivers_cc32xx.aem4 : TimerCC32XX.oem4 (.text:initHw)
                  01014cd2    00000002     --HOLE-- [fill = 0]
                  01014cd4    00000050     simplelink.a : cc_pal.obj (.text:NwpRegisterInterruptHandler)
                  01014d24    00000050     slnetsock_release.a : slnetif.oem4 (.text:SlNetIf_queryIf)
                  01014d74    00000050     drivers_cc32xx.aem4 : TimerCC32XX.oem4 (.text:TimerCC32XX_allocateTimerResource)
                  01014dc4    00000050                         : UARTCC32XXDMA.oem4 (.text:UARTCC32XXDMA_writePolling)
                  01014e14    00000050     simplelink.a : sl_socket.obj (.text:_SlDrvCloseCtrlSocket)
                  01014e64    00000050                  : driver.obj (.text:_SlDrvCmdSend_noWait)
                  01014eb4    00000050                  : driver.obj (.text:_SlDrvUpdateApiInProgress)
                  01014f04    00000050                  : spawn.obj (.text:_SlInternalSpawnTaskEntry)
                  01014f54    00000050                  : eventreg.obj (.text:_SlNetAppHttpServerHdlr)
                  01014fa4    00000050                  : eventreg.obj (.text:_SlNetAppRequestHdlr)
                  01014ff4    00000050     mqtt_release.a : client_core.oem4 (.text:_procAckMsgRx)
                  01015044    00000050     freertos_builds_CC3220SF_LAUNCHXL_release_ccs.lib : mqueue.obj (.text:mq_close)
                  01015094    00000050                                                       : port.obj (.text:pxPortInitialiseStack)
                  010150e4    00000050                                                       : semaphore.obj (.text:sem_init)
                  01015134    00000050                                                       : queue.obj (.text:xQueueGiveMutexRecursive)
                  01015184    0000004e     mqtt_release.a : client_core.oem4 (.text:MQTTClientCore_registerWillInfo)
                  010151d2    0000004e     drivers_cc32xx.aem4 : UARTCC32XXDMA.oem4 (.text:writeCancel)
                  01015220    0000004c                         : GPIOCC32XX.oem4 (.text:GPIO_disableInt)
                  0101526c    0000004c                         : GPIOCC32XX.oem4 (.text:GPIO_enableInt)
                  010152b8    0000004c     simplelink.a : cc_pal.obj (.text:NwpWaitForShutDownInd)
                  01015304    0000004c     drivers_cc32xx.aem4 : PowerCC32XX.oem4 (.text:PowerCC32XX_parkPin)
                  01015350    0000004c     slnetifwifi.a : slnetifwifi.obj (.text:SlNetIfWifi_getConnectionStatus)
                  0101539c    0000004c     slnetsock_release.a : slnetsock.oem4 (.text:SlNetSock_freeVirtualSocket)
                  010153e8    0000004c                         : slnetsock.oem4 (.text:SlNetSock_startSec)
                  01015434    0000004c     mqtt_release.a : client_core.oem4 (.text:ack1WlMqpDispatch)
                  01015480    0000004c     rtsv7M4_T_le_eabi.lib : atoi.c.obj (.text:atoi)
                  010154cc    0000004c     drivers_cc32xx.aem4 : PWMTimerCC32XX.oem4 (.text:getDutyCounts)
                  01015518    0000004c                         : PWMTimerCC32XX.oem4 (.text:getPeriodCounts)
                  01015564    0000004c     freertos_builds_CC3220SF_LAUNCHXL_release_ccs.lib : startup_cc32xx_ccs.obj (.text:initVectors)
                  010155b0    0000004c     mqtt_release.a : client_core.oem4 (.text:loopbTrigger)
                  010155fc    0000004c     freertos_builds_CC3220SF_LAUNCHXL_release_ccs.lib : timers.obj (.text:prvCheckForValidListAndQueue)
                  01015648    0000004c                                                       : tasks.obj (.text:prvCheckTasksWaitingTermination)
                  01015694    0000004c                                                       : timers.obj (.text:prvProcessExpiredTimer)
                  010156e0    0000004c     drivers_cc32xx.aem4 : PowerCC32XX.oem4 (.text:restorePeriphClocks)
                  0101572c    0000004c     mqtt_release.a : client_core.oem4 (.text:singleCtxRxPrep)
                  01015778    0000004c     simplelink.a : wlan.obj (.text:sl_WlanSetMode)
                  010157c4    0000004c     rtsv7M4_T_le_eabi.lib : snprintf.c.obj (.text:snprintf)
                  01015810    0000004c     freertos_builds_CC3220SF_LAUNCHXL_release_ccs.lib : port.obj (.text:vPortEnterCritical)
                  0101585c    0000004c                                                       : tasks.obj (.text:vTaskSetThreadLocalStoragePointer)
                  010158a8    0000004b     publish_task.obj (.text:ToggleLED1CB)
                  010158f3    00000001     --HOLE-- [fill = 0]
                  010158f4    0000004b     publish_task.obj (.text:ToggleLED2CB)
                  0101593f    00000001     --HOLE-- [fill = 0]
                  01015940    0000004b     publish_task.obj (.text:ToggleLED3CB)
                  0101598b    00000001     --HOLE-- [fill = 0]
                  0101598c    0000004a     mqtt_release.a : client_core.oem4 (.text:clCtxRecv)
                  010159d6    0000004a     drivers_cc32xx.aem4 : UARTCC32XXDMA.oem4 (.text:readCancel)
                  01015a20    00000048     driverlib.a : flash.obj (.text:FlashDisable)
                  01015a68    00000048     freertos_builds_CC3220SF_LAUNCHXL_release_ccs.lib : HwiPCC32XX_freertos.obj (.text:HwiP_dispatch)
                  01015ab0    00000048     mqtt_release.a : mqttclient.oem4 (.text:MQTTClient_set)
                  01015af8    00000048     driverlib.a : prcm.obj (.text:PRCMLPDSEnter)
                  01015b40    00000048                 : prcm.obj (.text:PRCMPeripheralClkEnable)
                  01015b88    00000048     drivers_cc32xx.aem4 : PowerCC32XX.oem4 (.text:Power_releaseConstraint)
                  01015bd0    00000048     slnetsock_release.a : slnetsock.oem4 (.text:SlNetSock_connect)
                  01015c18    00000048                         : slnetsock.oem4 (.text:SlNetSock_init)
                  01015c60    00000048                         : slnetsock.oem4 (.text:SlNetSock_setOpt)
                  01015ca8    00000048     simplelink.a : eventreg.obj (.text:_SlDeviceFatalErrorEvtHdlr)
                  01015cf0    00000048                  : eventreg.obj (.text:_SlDeviceGeneralEvtHdlr)
                  01015d38    00000048                  : driver.obj (.text:_SlDrvBasicCmd)
                  01015d80    00000048                  : driver.obj (.text:_SlDrvSyncObjWaitTimeout)
                  01015dc8    00000048                  : eventreg.obj (.text:_SlNetAppEvtHdlr)
                  01015e10    00000048                  : eventreg.obj (.text:_SlNetAppRequestMemFree)
                  01015e58    00000048                  : eventreg.obj (.text:_SlSockEvtHdlr)
                  01015ea0    00000048                  : eventreg.obj (.text:_SlWlanEvtHdlr)
                  01015ee8    00000048     mqtt_release.a : client_core.oem4 (.text:bufUTF8WrTry)
                  01015f30    00000048                    : client_core.oem4 (.text:clCtxSetup)
                  01015f78    00000048     freertos_builds_CC3220SF_LAUNCHXL_release_ccs.lib : timers.obj (.text:prvSwitchTimerLists)
                  01015fc0    00000048     rtsv7M4_T_le_eabi.lib : fd_toi_t2.asm.obj (.text)
                  01016008    00000048     freertos_builds_CC3220SF_LAUNCHXL_release_ccs.lib : sleep.obj (.text:sleep)
                  01016050    00000048                                                       : list.obj (.text:uxListRemove)
                  01016098    00000048     mqtt_release.a : client_core.oem4 (.text:wrConnectVh)
                  010160e0    00000046     drivers_cc32xx.aem4 : TimerCC32XX.oem4 (.text:getPrescaler)
                  01016126    00000046     freertos_builds_CC3220SF_LAUNCHXL_release_ccs.lib : queue.obj (.text:xQueueCreateCountingSemaphore)
                  0101616c    00000044     drivers_cc32xx.aem4 : ADC.oem4 (.text:ADC_init)
                  010161b0    00000044     mqtt_release.a : client_core.oem4 (.text:MQTTClientCore_run)
                  010161f4    00000044                    : mqtt_net_func.oem4 (.text:MQTTNet_tcpRecv)
                  01016238    00000044                    : mqttclient.oem4 (.text:MqttClientCtxDelete)
                  0101627c    00000044     driverlib.a : prcm.obj (.text:PRCMLPDSRestoreInfoSet)
                  010162c0    00000044     drivers_cc32xx.aem4 : PWM.oem4 (.text:PWM_init)
                  01016304    00000044                         : PowerCC32XX_asm.oem4 (.text:PowerCC32XX_enterLPDS)
                  01016348    00000044                         : SPI.oem4 (.text:SPI_init)
                  0101638c    00000044     slnetsock_release.a : slnetutils.oem4 (.text:SlNetUtil_strTok)
                  010163d0    00000044     drivers_cc32xx.aem4 : Timer.oem4 (.text:Timer_init)
                  01016414    00000044                         : UART.oem4 (.text:UART_init)
                  01016458    00000044     rtsv7M4_T_le_eabi.lib : autoinit.c.obj (.text:__TI_auto_init_nobinit_nopinit:__TI_auto_init_nobinit_nopinit)
                  0101649c    00000044     freertos_builds_CC3220SF_LAUNCHXL_release_ccs.lib : queue.obj (.text:prvInitialiseNewQueue)
                  010164e0    00000044     rtsv7M4_T_le_eabi.lib : fd_tou_t2.asm.obj (.text)
                  01016524    00000044     ti_net_config.obj (.text:ti_net_SlNet_initConfig)
                  01016568    00000044     freertos_builds_CC3220SF_LAUNCHXL_release_ccs.lib : tasks.obj (.text:vTaskStepTick)
                  010165ac    00000044     mqtt_release.a : client_core.oem4 (.text:vhMsgSend)
                  010165f0    00000043     publish_task.obj (.text:BrokerCB)
                  01016633    00000001     --HOLE-- [fill = 0]
                  01016634    00000042     mqtt_release.a : mqtt_common.oem4 (.text:MQTT_packetBufRdRemlen)
                  01016676    00000042     freertos_builds_CC3220SF_LAUNCHXL_release_ccs.lib : memory.obj (.text:malloc)
                  010166b8    00000040     drivers_cc32xx.aem4 : ADC.oem4 (.text:ADC_open)
                  010166f8    00000040     simplelink.a : sl_socket.obj (.text:CountSetBits)
                  01016738    00000040     network_if.obj (.text:InitializeAppVariables)
                  01016778    00000040     mqtt_release.a : client_core.oem4 (.text:MQTTClientCore_registerCtxInfo)
                  010167b8    00000040     drivers_cc32xx.aem4 : PWM.oem4 (.text:PWM_open)
                  010167f8    00000040     driverlib.a : pin.obj (.text:PinModeSet)
                  01016838    00000040     drivers_cc32xx.aem4 : SPI.oem4 (.text:SPI_open)
                  01016878    00000040     network_if.obj (.text:SimpleLinkGeneralEventHandler)
                  010168b8    00000040     slnetsock_release.a : slnetsock.oem4 (.text:SlNetSock_bind)
                  010168f8    00000040     drivers_cc32xx.aem4 : Timer.oem4 (.text:Timer_open)
                  01016938    00000040                         : UART.oem4 (.text:UART_open)
                  01016978    00000040                         : UDMACC32XX.oem4 (.text:UDMACC32XX_init)
                  010169b8    00000040     simplelink.a : driver.obj (.text:_SlDrvGlobalObjUnLock)
                  010169f8    00000040                  : driver.obj (.text:_SlFindAndReleasePendingCmd)
                  01016a38    00000040                  : spawn.obj (.text:_SlInternalSpawnWaitForEvent)
                  01016a78    00000040                  : eventreg.obj (.text:_SlIsEventRegistered)
                  01016ab8    00000040     freertos_builds_CC3220SF_LAUNCHXL_release_ccs.lib : aeabi_portable.obj (.text:__aeabi_errno_addr)
                  01016af8    00000040     mqtt_release.a : mqttclient.oem4 (.text:_sl_ExtLib_ServerAckLockedWait)
                  01016b38    00000040     mqtt_if.obj (.text:jsmn_alloc_token)
                  01016b78    00000040     mqtt_release.a : client_core.oem4 (.text:netConnect)
                  01016bb8    00000040     rtsv7M4_T_le_eabi.lib : vsnprintf.c.obj (.text:vsnprintf)
                  01016bf8    0000003e     freertos_builds_CC3220SF_LAUNCHXL_release_ccs.lib : ClockP_freertos.obj (.text:ClockP_callbackFxn)
                  01016c36    0000003e     mqtt_release.a : mqtt_common.oem4 (.text:MQTT_packetAckWlistRemove)
                  01016c74    0000003e                    : mqtt_common.oem4 (.text:MQTT_packetBufTailWrRemlen)
                  01016cb2    0000003e     slnetsock_release.a : slnetsock.oem4 (.text:SlNetSock_close)
                  01016cf0    0000003e     simplelink.a : sl_socket.obj (.text:_SlSocketBuildAddress)
                  01016d2e    0000003e     rtsv7M4_T_le_eabi.lib : _printfi.c.obj (.text:_fcpy)
                  01016d6c    0000003e     mqtt_release.a : client_core.oem4 (.text:clCtxSeg1Send)
                  01016daa    0000003e                    : client_core.oem4 (.text:procPingrspRx)
                  01016de8    0000003e     freertos_builds_CC3220SF_LAUNCHXL_release_ccs.lib : pthread.obj (.text:pthread_setcancelstate)
                  01016e26    0000003e                                                       : semaphore.obj (.text:sem_post)
                  01016e64    0000003c     mqtt_release.a : client_core.oem4 (.text:MQTTClientCore_registerBuffers)
                  01016ea0    0000003c                    : mqttclient.oem4 (.text:MQTTClient_disconnect)
                  01016edc    0000003c                    : mqtt_common.oem4 (.text:MQTT_qos2PubCqCheck)
                  01016f18    0000003c     network_if.obj (.text:Network_IF_DisconnectFromAP)
                  01016f54    0000003c     driverlib.a : prcm.obj (.text:PRCMSlowClkCtrFastGet)
                  01016f90    0000003c     drivers_cc32xx.aem4 : PowerCC32XX.oem4 (.text:Power_setConstraint)
                  01016fcc    0000003c     simplelink.a : netapp.obj (.text:_SlNetAppCopyPingResultsToReport)
                  01017008    0000003c     mqtt_release.a : mqttclient.oem4 (.text:processDisconnCB)
                  01017044    0000003c     freertos_builds_CC3220SF_LAUNCHXL_release_ccs.lib : queue.obj (.text:prvCopyDataFromQueue)
                  01017080    0000003c                                                       : tasks.obj (.text:pvTaskGetThreadLocalStoragePointer)
                  010170bc    0000003c     mqtt_release.a : client_core.oem4 (.text:singleCtxRxPrepLocked)
                  010170f8    0000003c                    : client_core.oem4 (.text:tailIncorpMsgID)
                  01017134    0000003c     simplelink.a : sl_socket.obj (.text:to_mSec)
                  01017170    0000003c     freertos_builds_CC3220SF_LAUNCHXL_release_ccs.lib : sleep.obj (.text:usleep)
                  010171ac    0000003c                                                       : list.obj (.text:vListInsertEnd)
                  010171e8    0000003c                                                       : timers.obj (.text:xTimerCreate)
                  01017224    0000003a     slnetifwifi.a : slnetifwifi.obj (.text:SlNetIfWifi_getIPAddr)
                  0101725e    0000003a     drivers_cc32xx.aem4 : TimerCC32XX.oem4 (.text:TimerCC32XX_close)
                  01017298    0000003a                         : PWMTimerCC32XX.oem4 (.text:getPowerMgrId)
                  010172d2    0000003a     mqtt_release.a : mqtt_common.oem4 (.text:mqpProcVhMsgIdRx)
                  0101730c    00000038                    : client_core.oem4 (.text:MQTTClientCore_registerNetSvc)
                  01017344    00000038                    : mqtt_common.oem4 (.text:MQTT_qos2PubCqLogup)
                  0101737c    00000038     driverlib.a : prcm.obj (.text:PRCMLPDSEnterKeepDebugIf)
                  010173b4    00000038     slnetifwifi.a : slnetifwifi.obj (.text:SlNetIfWifi_recvFrom)
                  010173ec    00000038                   : slnetifwifi.obj (.text:SlNetIfWifi_sendTo)
                  01017424    00000038                   : slnetifwifi.obj (.text:SlNetIfWifi_socket)
                  0101745c    00000038     slnetsock_release.a : slnetif.oem4 (.text:SlNetIf_configCheck)
                  01017494    00000038                         : slnetsock.oem4 (.text:SlNetSock_listen)
                  010174cc    00000038                         : slnetutils.oem4 (.text:SlNetUtil_htonl)
                  01017504    00000038     drivers_cc32xx.aem4 : TimerCC32XX.oem4 (.text:TimerCC32XX_hwiIntFunction)
                  0101753c    00000038     mqtt_release.a : client_core.oem4 (.text:mqpAllocAtomic)
                  01017574    00000038     mqtt_if.obj (.text:myNodeAlloc)
                  010175ac    00000038     mqtt_release.a : client_core.oem4 (.text:netRecv)
                  010175e4    00000038     drivers_cc32xx.aem4 : PowerCC32XX.oem4 (.text:notify)
                  0101761c    00000038     freertos_builds_CC3220SF_LAUNCHXL_release_ccs.lib : timers.obj (.text:prvGetNextExpireTime)
                  01017654    00000038                                                       : port.obj (.text:prvTaskExitError)
                  0101768c    00000038     drivers_cc32xx.aem4 : UARTCC32XXDMA.oem4 (.text:startTxFifoEmptyClk)
                  010176c4    00000037     network_if.obj (.text:Network_IF_DeInitDriver)
                  010176fb    00000001     --HOLE-- [fill = 0]
                  010176fc    00000036     mqtt_release.a : mqtt_common.oem4 (.text:MQTT_packetPrepFh)
                  01017732    00000036     slnetifwifi.a : slnetifwifi.obj (.text:SlNetIfWifi_getHostByName)
                  01017768    00000036                   : slnetifwifi.obj (.text:SlNetIfWifi_select)
                  0101779e    00000036     driverlib.a : timer.obj (.text:TimerControlStall)
                  010177d4    00000036     mqtt_release.a : client_core.oem4 (.text:_procPubRecRx)
                  0101780a    00000036     freertos_builds_CC3220SF_LAUNCHXL_release_ccs.lib : timers.obj (.text:prvReloadTimer)
                  01017840    00000036     rtsv7M4_T_le_eabi.lib : strncpy.c.obj (.text:strncpy)
                  01017876    00000002     --HOLE-- [fill = 0]
                  01017878    00000034     driverlib.a : pin.obj (.text:PinModeGet)
                  010178ac    00000034     drivers_cc32xx.aem4 : PowerCC32XX.oem4 (.text:PowerCC32XX_restoreParkState)
                  010178e0    00000034     freertos_builds_CC3220SF_LAUNCHXL_release_ccs.lib : SemaphoreP_freertos.obj (.text:SemaphoreP_pend)
                  01017914    00000034     slnetsock_release.a : slnetutils.oem4 (.text:SlNetUtil_htons)
                  01017948    00000034     drivers_cc32xx.aem4 : TimerCC32XX.oem4 (.text:TimerCC32XX_freeTimerResource)
                  0101797c    00000034                         : UDMACC32XX.oem4 (.text:UDMACC32XX_close)
                  010179b0    00000034     timer500.obj (.text:callback500)
                  010179e4    00000034     freertos_builds_CC3220SF_LAUNCHXL_release_ccs.lib : mqueue.obj (.text:findInList)
                  01017a18    00000034     drivers_cc32xx.aem4 : TimerCC32XX.oem4 (.text:getPowerMgrId)
                  01017a4c    00000034     mqtt_release.a : client_core.oem4 (.text:groupCtxsKaSequence)
                  01017a80    00000034                    : client_core.oem4 (.text:mqpFreeLocked)
                  01017ab4    00000034                    : client_core.oem4 (.text:procLoopbackRecv)
                  01017ae8    00000034     freertos_builds_CC3220SF_LAUNCHXL_release_ccs.lib : timers.obj (.text:prvSampleTimeNow)
                  01017b1c    00000034                                                       : tasks.obj (.text:vTaskPlaceOnEventList)
                  01017b50    00000034     drivers_cc32xx.aem4 : UARTCC32XXDMA.oem4 (.text:writeFinishedDoCallback)
                  01017b84    00000032     mqtt_release.a : mqtt_common.oem4 (.text:MQTT_clCtxTimeoutInsert)
                  01017bb6    00000032                    : client_core.oem4 (.text:connectedStateRx)
                  01017be8    00000030     drivers_cc32xx.aem4 : PowerCC32XX.oem4 (.text:PowerCC32XX_restoreParkedPin)
                  01017c18    00000030     simplelink.a : fs.obj (.text:_SlFsStrlen)
                  01017c48    00000030     rtsv7M4_T_le_eabi.lib : snprintf.c.obj (.text:_outs)
                  01017c78    00000030                           : vsnprintf.c.obj (.text:_outs)
                  01017ca8    00000030     mqtt_release.a : client_core.oem4 (.text:ack2MsgIdUnlog)
                  01017cd8    00000030                    : client_core.oem4 (.text:clientDescInit)
                  01017d08    00000030                    : mqttclient.oem4 (.text:getAvailableClictxMem)
                  01017d38    00000030     freertos_builds_CC3220SF_LAUNCHXL_release_ccs.lib : tasks.obj (.text:prvResetNextTaskUnblockTime)
                  01017d68    00000030                                                       : list.obj (.text:vListInitialise)
                  01017d98    00000030                                                       : port.obj (.text:vPortExitCritical)
                  01017dc8    00000030                                                       : tasks.obj (.text:xTaskGetSchedulerState)
                  01017df8    0000002e     simplelink.a : cc_pal.obj (.text:Mutex_create_handle)
                  01017e26    0000002e     freertos_builds_CC3220SF_LAUNCHXL_release_ccs.lib : timers.obj (.text:pvTimerGetTimerID)
                  01017e54    0000002e     rtsv7M4_T_le_eabi.lib : i_tofd_t2.asm.obj (.text)
                  01017e82    00000002     --HOLE-- [fill = 0]
                  01017e84    0000002c     drivers_cc32xx.aem4 : GPIOCC32XX.oem4 (.text:GPIO_clearInt)
                  01017eb0    0000002c     freertos_builds_CC3220SF_LAUNCHXL_release_ccs.lib : HwiPCC32XX_freertos.obj (.text:HwiP_disable)
                  01017edc    0000002c     simplelink.a : cc_pal.obj (.text:NwpPowerOn)
                  01017f08    0000002c     driverlib.a : prcm.obj (.text:PRCMLPDSIntervalSet)
                  01017f34    0000002c     drivers_cc32xx.aem4 : PowerCC32XX.oem4 (.text:PowerCC32XX_getParkState)
                  01017f60    0000002c     freertos_builds_CC3220SF_LAUNCHXL_release_ccs.lib : SemaphoreP_freertos.obj (.text:SemaphoreP_createBinary)
                  01017f8c    0000002c     slnetifwifi.a : slnetifwifi.obj (.text:SlNetIfWifi_recv)
                  01017fb8    0000002c                   : slnetifwifi.obj (.text:SlNetIfWifi_send)
                  01017fe4    0000002c     simplelink.a : driver.obj (.text:_SlDrvSyncObjWaitForever)
                  01018010    0000002c     mqtt_release.a : client_core.oem4 (.text:doNetCloseRx)
                  0101803c    0000002c     mqtt_if.obj (.text:jsmn_fill_token)
                  01018068    0000002c     freertos_builds_CC3220SF_LAUNCHXL_release_ccs.lib : pthread_mutex.obj (.text:pthread_mutexattr_settype)
                  01018094    0000002c     mqtt_release.a : client_core.oem4 (.text:singleCtxAdjWaitSecsGet)
                  010180c0    0000002c     freertos_builds_CC3220SF_LAUNCHXL_release_ccs.lib : tasks.obj (.text:vTaskSetApplicationTaskTag)
                  010180ec    0000002c                                                       : port.obj (.text:xPortSysTickHandler)
                  01018118    0000002c                                                       : queue.obj (.text:xQueueCreateMutex)
                  01018144    0000002a     slnetsock_release.a : slnetutils.oem4 (.text:SlNetUtil_inetPton)
                  0101816e    0000002a     driverlib.a : timer.obj (.text:TimerLoadSet)
                  01018198    0000002a                 : timer.obj (.text:TimerPrescaleSet)
                  010181c2    0000002a     drivers_cc32xx.aem4 : UARTCC32XXDMA.oem4 (.text:UARTCC32XXDMA_readCancel)
                  010181ec    0000002a                         : UARTCC32XXDMA.oem4 (.text:UARTCC32XXDMA_writeCancel)
                  01018216    0000002a     mqtt_release.a : client_core.oem4 (.text:ack2MsgIdDispatch)
                  01018240    0000002a                    : client_core.oem4 (.text:pingReqSend)
                  0101826a    0000002a     freertos_builds_CC3220SF_LAUNCHXL_release_ccs.lib : queue.obj (.text:prvInitialiseMutex)
                  01018294    0000002a     mqtt_release.a : client_core.oem4 (.text:txPartSetup)
                  010182be    0000002a     freertos_builds_CC3220SF_LAUNCHXL_release_ccs.lib : queue.obj (.text:uxQueueMessagesWaiting)
                  010182e8    00000028                                                       : HwiPCC32XX_freertos.obj (.text:HwiP_inISR)
                  01018310    00000028     mqtt_release.a : mqtt_common.oem4 (.text:MQTT_packetBufWrUtf8)
                  01018338    00000028     driverlib.a : prcm.obj (.text:PRCMLPDSWakeupSourceEnable)
                  01018360    00000028                 : prcm.obj (.text:PRCMPeripheralClkDisable)
                  01018388    00000028     drivers_cc32xx.aem4 : PowerCC32XX.oem4 (.text:Power_registerNotify)
                  010183b0    00000028     slnetsock_release.a : slnetif.oem4 (.text:SlNetIf_getIfByID)
                  010183d8    00000028                         : slnetsock.oem4 (.text:SlNetSock_sdsIsSet)
                  01018400    00000028                         : slnetsock.oem4 (.text:SlNetSock_sdsSet)
                  01018428    00000028                         : slnetsock.oem4 (.text:SlNetSock_secAttribDelete)
                  01018450    00000028     simplelink.a : driver.obj (.text:_SlDrvProtectionObjLockWaitForever)
                  01018478    00000028                  : driver.obj (.text:_SlDrvProtectionObjUnLock)
                  010184a0    00000028                  : flowcont.obj (.text:_SlFlowContSet)
                  010184c8    00000028     mqtt_release.a : client_core.oem4 (.text:_procPubRelRx)
                  010184f0    00000028                    : mqttclient.oem4 (.text:_sl_ExtLib_AwaitedAckLockedSet)
                  01018518    00000028     chain_queue.obj (.text:add_to_chain_queue)
                  01018540    00000028     rtsv7M4_T_le_eabi.lib : memmov.c.obj (.text:memmove)
                  01018568    00000028     freertos_builds_CC3220SF_LAUNCHXL_release_ccs.lib : pthread.obj (.text:pthread_attr_setschedparam)
                  01018590    00000028                                                       : semaphore.obj (.text:sem_trywait)
                  010185b8    00000028                                                       : tasks.obj (.text:xTaskGetApplicationTaskTag)
                  010185e0    00000026     drivers_cc32xx.aem4 : List.oem4 (.text:List_put)
                  01018606    00000026                         : List.oem4 (.text:List_remove)
                  0101862c    00000026     mqtt_release.a : mqtt_common.oem4 (.text:MQTT_clCtxRemove)
                  01018652    00000026     freertos_builds_CC3220SF_LAUNCHXL_release_ccs.lib : pthread.obj (.text:_pthread_cleanup_pop)
                  01018678    00000026                                                       : queue.obj (.text:prvIsQueueFull)
                  0101869e    00000002     --HOLE-- [fill = 0]
                  010186a0    00000024     driverlib.a : interrupt.obj (.text:IntUnregister)
                  010186c4    00000024     drivers_cc32xx.aem4 : PowerCC32XX.oem4 (.text:PowerCC32XX_reset)
                  010186e8    00000024     slnetsock_release.a : slnetif.oem4 (.text:SlNetIf_getConnectionStatus)
                  0101870c    00000024     simplelink.a : driver.obj (.text:_SlDrvIsApiInProgress)
                  01018730    00000024                  : driver.obj (.text:_SlDrvStartMeasureTimeout)
                  01018754    00000024     rtsv7M4_T_le_eabi.lib : boot_cortex_m.c.obj (.text:_c_int00_noargs:_c_int00_noargs)
                  01018778    00000024     mqtt_release.a : client_core.oem4 (.text:conn2usedCtxs)
                  0101879c    00000024     chain_queue.obj (.text:create_chain_queue)
                  010187c0    00000024     control_queue.obj (.text:create_control_queue)
                  010187e4    00000024     publish_queue.obj (.text:create_publish_queue)
                  01018808    00000024     rtsv7M4_T_le_eabi.lib : memcmp.c.obj (.text:memcmp)
                  0101882c    00000024     freertos_builds_CC3220SF_LAUNCHXL_release_ccs.lib : queue.obj (.text:prvGetDisinheritPriorityAfterTimeout)
                  01018850    00000024     mqtt_release.a : client_core.oem4 (.text:recvHvecLoad)
                  01018874    00000024     freertos_builds_CC3220SF_LAUNCHXL_release_ccs.lib : semaphore.obj (.text:sem_getvalue)
                  01018898    00000024     simplelink.a : wlan.obj (.text:sl_WlanDisconnect)
                  010188bc    00000024     freertos_builds_CC3220SF_LAUNCHXL_release_ccs.lib : queue.obj (.text:vQueueDelete)
                  010188e0    00000024                                                       : tasks.obj (.text:vTaskInternalSetTimeOutState)
                  01018904    00000022     mqtt_release.a : mqtt_common.oem4 (.text:MQTT_packetProcMsgIdAckRx)
                  01018926    00000022     freertos_builds_CC3220SF_LAUNCHXL_release_ccs.lib : SemaphoreP_freertos.obj (.text:SemaphoreP_post)
                  01018948    00000022     debug.obj (.text:dbgEvent)
                  0101896a    00000022     freertos_builds_CC3220SF_LAUNCHXL_release_ccs.lib : pthread.obj (.text:pthread_attr_setdetachstate)
                  0101898c    00000020     drivers_cc32xx.aem4 : ADCCC32XX.oem4 (.text:ADCCC32XX_convertToMicroVolts)
                  010189ac    00000020     freertos_builds_CC3220SF_LAUNCHXL_release_ccs.lib : ClockP_freertos.obj (.text:ClockP_getCpuFreq)
                  010189cc    00000020                                                       : HwiPCC32XX_freertos.obj (.text:HwiP_restore)
                  010189ec    00000020     driverlib.a : interrupt.obj (.text:IntRegister)
                  01018a0c    00000020     mqtt_release.a : mqtt_common.oem4 (.text:MQTT_qos2PubCqReset)
                  01018a2c    00000020     drivers_cc32xx.aem4 : PowerCC32XX.oem4 (.text:Power_unregisterNotify)
                  01018a4c    00000020     slnetifwifi.a : slnetifwifi.obj (.text:SlNetIfWifi_accept)
                  01018a6c    00000020     parsing_queue.obj (.text:create_parsing_queue)
                  01018a8c    00000020     sensor_thread_queue.obj (.text:create_sensor_queue)
                  01018aac    00000020     drivers_cc32xx.aem4 : SPICC32XXDMA.oem4 (.text:getPowerMgrId)
                  01018acc    00000020                         : UARTCC32XXDMA.oem4 (.text:getPowerMgrId)
                  01018aec    00000020     freertos_builds_CC3220SF_LAUNCHXL_release_ccs.lib : queue.obj (.text:prvIsQueueEmpty)
                  01018b0c    00000020     rtsv7M4_T_le_eabi.lib : u_tofd_t2.asm.obj (.text)
                  01018b2c    00000020     freertos_builds_CC3220SF_LAUNCHXL_release_ccs.lib : semaphore.obj (.text:semaphorePend)
                  01018b4c    00000020     mqtt_release.a : client_core.oem4 (.text:session311fix)
                  01018b6c    00000020     publish_task.obj (.text:topic_subscribe_callback)
                  01018b8c    0000001e     freertos_builds_CC3220SF_LAUNCHXL_release_ccs.lib : ClockP_freertos.obj (.text:ClockP_start)
                  01018baa    0000001e                                                       : HwiPCC32XX_freertos.obj (.text:HwiP_Params_init)
                  01018bc8    0000001e     mqtt_release.a : client_core.oem4 (.text:MQTTClientCore_alloc)
                  01018be6    0000001e                    : client_core.oem4 (.text:MQTTClientCore_ctxRun)
                  01018c04    0000001e     slnetifwifi.a : slnetifwifi.obj (.text:SlNetIfWifi_bind)
                  01018c22    0000001e                   : slnetifwifi.obj (.text:SlNetIfWifi_connect)
                  01018c40    0000001e     driverlib.a : timer.obj (.text:TimerDisable)
                  01018c5e    0000001e                 : timer.obj (.text:TimerEnable)
                  01018c7c    0000001e     simplelink.a : driver.obj (.text:_SlDrvObjLockWaitForever)
                  01018c9a    0000001e                  : driver.obj (.text:_SlDrvObjUnLock)
                  01018cb8    0000001e                  : driver.obj (.text:_SlDrvSyncObjSignal)
                  01018cd6    0000001e     freertos_builds_CC3220SF_LAUNCHXL_release_ccs.lib : pthread.obj (.text:_pthread_runStub)
                  01018cf4    0000001e     timer70.obj (.text:callback70)
                  01018d12    0000001e     mqtt_if.obj (.text:jsmn_init)
                  01018d30    0000001e     drivers_cc32xx.aem4 : UDMACC32XX.oem4 (.text:postNotifyFxn)
                  01018d4e    0000001e     mqtt_release.a : client_core.oem4 (.text:procNetDataRecv)
                  01018d6c    0000001e                    : client_core.oem4 (.text:sessionDelete)
                  01018d8a    0000001c     freertos_builds_CC3220SF_LAUNCHXL_release_ccs.lib : ClockP_freertos.obj (.text:ClockP_Params_init)
                  01018da6    00000002     --HOLE-- [fill = 0]
                  01018da8    0000001c     uart_term.obj (.text:Message)
                  01018dc4    0000001c     driverlib.a : pin.obj (.text:PinToPadGet)
                  01018de0    0000001c     simplelink.a : device.obj (.text:_SlDeviceGetStartResponseConvert)
                  01018dfc    0000001c                  : spawn.obj (.text:_SlInternalIsItSpawnThread)
                  01018e18    0000001c     sensor_thread_queue.obj (.text:addSensor)
                  01018e34    0000001c     parsing_queue.obj (.text:addSubscribe)
                  01018e50    0000001c     publish_queue.obj (.text:add_to_publish_queue)
                  01018e6c    0000001c     mqtt_release.a : client_core.oem4 (.text:awaitsPkts)
                  01018e88    0000001c                    : client_core.oem4 (.text:doNetCloseTx)
                  01018ea4    0000001c     rtsv7M4_T_le_eabi.lib : memccpy.c.obj (.text:memccpy)
                  01018ec0    0000001c     mqtt_release.a : client_core.oem4 (.text:processRecv)
                  01018edc    0000001c     freertos_builds_CC3220SF_LAUNCHXL_release_ccs.lib : pthread.obj (.text:pthread_attr_init)
                  01018ef8    0000001c                                                       : pthread_mutex.obj (.text:pthread_mutexattr_init)
                  01018f14    0000001c                                                       : tasks.obj (.text:pvTaskIncrementMutexHeldCount)
                  01018f30    0000001c     mqtt_release.a : client_core.oem4 (.text:usedCtxsTOSort)
                  01018f4c    0000001a                    : mqtt_common.oem4 (.text:MQTT_packetAckWlistPurge)
                  01018f66    0000001a     freertos_builds_CC3220SF_LAUNCHXL_release_ccs.lib : PTLS.obj (.text:PTLS_taskDeleteHook)
                  01018f80    0000001a     slnetifwifi.a : slnetifwifi.obj (.text:SlNetIfWifi_listen)
                  01018f9a    0000001a     freertos_builds_CC3220SF_LAUNCHXL_release_ccs.lib : timers.obj (.text:prvTimerTask)
                  01018fb4    0000001a                                                       : pthread_mutex.obj (.text:pthread_mutex_destroy)
                  01018fce    00000018     mqtt_release.a : mqtt_common.oem4 (.text:MQTT_clCtxTimeoutUpdate)
                  01018fe6    00000002     --HOLE-- [fill = 0]
                  01018fe8    00000018     drivers_cc32xx.aem4 : PowerCC32XX.oem4 (.text:Power_idleFunc)
                  01019000    00000018                         : TimerCC32XX.oem4 (.text:TimerCC32XX_getCount)
                  01019018    00000018     driverlib.a : timer.obj (.text:TimerIntDisable)
                  01019030    00000018                 : timer.obj (.text:TimerIntEnable)
                  01019048    00000018                 : uart.obj (.text:UARTBusy)
                  01019060    00000018     drivers_cc32xx.aem4 : UART.oem4 (.text:UART_Params_init)
                  01019078    00000018     rtsv7M4_T_le_eabi.lib : snprintf.c.obj (.text:_outc)
                  01019090    00000018                           : vsnprintf.c.obj (.text:_outc)
                  010190a8    00000018     control_queue.obj (.text:add_to_control_queue)
                  010190c0    00000018     freertos_builds_CC3220SF_LAUNCHXL_release_ccs.lib : memory.obj (.text:free)
                  010190d8    00000018     mqtt_release.a : client_core.oem4 (.text:groupCtxsAdjWaitSecsGet)
                  010190f0    00000018                    : client_core.oem4 (.text:netClCtxFind)
                  01019108    00000018     control_queue.obj (.text:retrieve_from_control_queue)
                  01019120    00000018     publish_queue.obj (.text:retrieve_publish_queue)
                  01019138    00000018     rtsv7M4_T_le_eabi.lib : ll_mul_t2.asm.obj (.text)
                  01019150    00000018     freertos_builds_CC3220SF_LAUNCHXL_release_ccs.lib : semaphore.obj (.text:sem_wait)
                  01019168    00000018     rtsv7M4_T_le_eabi.lib : strcmp.c.obj (.text:strcmp)
                  01019180    00000018     freertos_builds_CC3220SF_LAUNCHXL_release_ccs.lib : tasks.obj (.text:xTaskGetTickCountFromISR)
                  01019198    00000016                                                       : ClockP_freertos.obj (.text:ClockP_setTimeout)
                  010191ae    00000016     mqtt_release.a : mqtt_net_func.oem4 (.text:MQTTNet_commClose)
                  010191c4    00000016                    : mqtt_common.oem4 (.text:MQTT_clCtxReset)
                  010191da    00000016                    : mqtt_common.oem4 (.text:MQTT_packetFree)
                  010191f0    00000016                    : mqtt_common.oem4 (.text:MQTT_packetInit)
                  01019206    00000016     driverlib.a : prcm.obj (.text:PRCMHIBRegRead)
                  0101921c    00000016                 : prcm.obj (.text:PRCMHIBRegWrite)
                  01019232    00000016     freertos_builds_CC3220SF_LAUNCHXL_release_ccs.lib : PTLS.obj (.text:PTLS_getBuf)
                  01019248    00000016                                                       : PTLS.obj (.text:PTLS_setBuf)
                  0101925e    00000016                                                       : SemaphoreP_freertos.obj (.text:SemaphoreP_Params_init)
                  01019274    00000016     simplelink.a : driver.obj (.text:_SlDrvMemZero)
                  0101928a    00000002     --HOLE-- [fill = 0]
                  0101928c    00000016     freertos_builds_CC3220SF_LAUNCHXL_release_ccs.lib : startup_cc32xx_ccs.obj (.text:resetISR)
                  010192a2    00000016     rtsv7M4_T_le_eabi.lib : strchr.c.obj (.text:strchr)
                  010192b8    00000014     driverlib.a : cpu.obj (.text:CPUcpsie)
                  010192cc    00000014                 : interrupt.obj (.text:IntVTableBaseSet)
                  010192e0    00000014     mqtt_release.a : mqttclient.oem4 (.text:MQTTClient_publish)
                  010192f4    00000014                    : mqtt_net_func.oem4 (.text:MQTTNet_rtcSecs)
                  01019308    00000014                    : mqtt_common.oem4 (.text:MQTT_packetAckWlistAppend)
                  0101931c    00000014                    : mqtt_common.oem4 (.text:MQTT_packetReset)
                  01019330    00000014     drivers_cc32xx.aem4 : PWM.oem4 (.text:PWM_Params_init)
                  01019344    00000014                         : PowerCC32XX.oem4 (.text:Power_getDependencyCount)
                  01019358    00000014                         : SPI.oem4 (.text:SPI_Params_init)
                  0101936c    00000014     slnetsock_release.a : slnetsock.oem4 (.text:SlNetSock_sdsClrAll)
                  01019380    00000014     mqtt_release.a : client_core.oem4 (.text:ack1WlRmfree)
                  01019394    00000014     freertos_builds_CC3220SF_LAUNCHXL_release_ccs.lib : tasks.obj (.text:prvDeleteTCB)
[...]
01017915  SlNetUtil_htons                           
01017915  SlNetUtil_ntohs                           
01017949  TimerCC32XX_freeTimerResource             
0101797d  UDMACC32XX_close                          
010179b1  callback500                               
01017b1d  vTaskPlaceOnEventList                     
01017b85  MQTT_clCtxTimeoutInsert                   
01017be9  PowerCC32XX_restoreParkedPin              
01017d69  vListInitialise                           
01017d99  vPortExitCritical                         
01017dc9  xTaskGetSchedulerState                    
01017df9  Mutex_create_handle                       
01017e27  pvTimerGetTimerID                         
01017e55  __aeabi_i2d                               
01017e85  GPIO_clearInt                             
01017eb1  HwiP_disable                              
01017edd  NwpPowerOn                                
01017f09  PRCMLPDSIntervalSet                       
01017f35  PowerCC32XX_getParkState                  
01017f61  SemaphoreP_createBinary                   
01017f8d  SlNetIfWifi_recv                          
01017fb9  SlNetIfWifi_send                          
01017fe5  _SlDrvSyncObjWaitForever                  
01018069  pthread_mutexattr_settype                 
010180c1  vTaskSetApplicationTaskTag                
010180ed  xPortSysTickHandler                       
01018119  xQueueCreateMutex                         
01018145  SlNetUtil_inetPton                        
0101816f  TimerLoadSet                              
01018199  TimerPrescaleSet                          
010181c3  UARTCC32XXDMA_readCancel                  
010181ed  UARTCC32XXDMA_writeCancel                 
010182bf  uxQueueMessagesWaiting                    
010182e9  HwiP_inISR                                
01018311  MQTT_packetBufWrUtf8                      
01018339  PRCMLPDSWakeupSourceEnable                
01018361  PRCMPeripheralClkDisable                  
01018389  Power_registerNotify                      
010183b1  SlNetIf_getIfByID                         
010183d9  SlNetSock_sdsIsSet                        
01018401  SlNetSock_sdsSet                          
01018429  SlNetSock_secAttribDelete                 
01018451  _SlDrvProtectionObjLockWaitForever        
01018479  _SlDrvProtectionObjUnLock                 
010184a1  _SlFlowContSet                            
010184f1  _sl_ExtLib_AwaitedAckLockedSet            
01018519  add_to_chain_queue                        
01018541  memmove                                   
01018569  pthread_attr_setschedparam                
01018591  sem_trywait                               
010185b9  xTaskGetApplicationTaskTag                
010185e1  List_put                                  
01018607  List_remove                               
0101862d  MQTT_clCtxRemove                          
01018653  _pthread_cleanup_pop                      
010186a1  IntUnregister                             
010186c5  PowerCC32XX_reset                         
010186e9  SlNetIf_getConnectionStatus               
0101870d  _SlDrvIsApiInProgress                     
01018731  _SlDrvStartMeasureTimeout                 
01018755  _c_int00_noargs                           
0101879d  create_chain_queue                        
010187c1  create_control_queue                      
010187e5  create_publish_queue                      
01018809  memcmp                                    
01018875  sem_getvalue                              
01018899  sl_WlanDisconnect                         
010188bd  vQueueDelete                              
010188e1  vTaskInternalSetTimeOutState              
01018905  MQTT_packetProcMsgIdAckRx                 
01018927  SemaphoreP_post                           
01018949  dbgEvent                                  
0101896b  pthread_attr_setdetachstate               
0101898d  ADCCC32XX_convertToMicroVolts             
010189ad  ClockP_getCpuFreq                         
010189cd  HwiP_restore                              
010189ed  IntRegister                               
01018a0d  MQTT_qos2PubCqReset                       
01018a2d  Power_unregisterNotify                    
01018a4d  SlNetIfWifi_accept                        
01018a6d  create_parsing_queue                      
01018a8d  create_sensor_queue                       
01018b0d  __aeabi_ui2d                              
01018b6d  topic_subscribe_callback                  
01018b8d  ClockP_start                              
01018bab  HwiP_Params_init                          
01018bc9  MQTTClientCore_alloc                      
01018be7  MQTTClientCore_ctxRun                     
01018c05  SlNetIfWifi_bind                          
01018c23  SlNetIfWifi_connect                       
01018c41  TimerDisable                              
01018c5f  TimerEnable                               
01018c7d  _SlDrvObjLockWaitForever                  
01018c9b  _SlDrvObjUnLock                           
01018cb9  _SlDrvSyncObjSignal                       
01018cf5  callback70                                
01018d13  jsmn_init                                 
01018d8b  ClockP_Params_init                        
01018da9  Message                                   
01018dc5  PinToPadGet                               
01018dfd  _SlInternalIsItSpawnThread                
01018e19  addSensor                                 
01018e35  addSubscribe                              
01018e51  add_to_publish_queue                      
01018ea5  memccpy                                   
01018edd  pthread_attr_init                         
01018ef9  pthread_mutexattr_init                    
01018f15  pvTaskIncrementMutexHeldCount             
01018f4d  MQTT_packetAckWlistPurge                  
01018f67  PTLS_taskDeleteHook                       
01018f81  SlNetIfWifi_listen                        
01018fb5  pthread_mutex_destroy                     
01018fcf  MQTT_clCtxTimeoutUpdate                   
01018fe9  Power_idleFunc                            
01019001  TimerCC32XX_getCount                      
01019019  TimerIntDisable                           
01019031  TimerIntEnable                            
01019049  UARTBusy                                  
01019061  UART_Params_init                          
010190a9  add_to_control_queue                      
010190c1  free                                      
01019109  retrieve_from_control_queue               
01019121  retrieve_publish_queue                    
01019139  __aeabi_lmul                              
01019151  sem_wait                                  
01019169  strcmp                                    
01019181  xTaskGetTickCountFromISR                  
01019199  ClockP_setTimeout                         
010191af  MQTTNet_commClose                         
010191c5  MQTT_clCtxReset                           
010191db  MQTT_packetFree                           
010191f1  MQTT_packetInit                           
01019207  PRCMHIBRegRead                            
0101921d  PRCMHIBRegWrite                           
01019233  PTLS_getBuf                               
01019249  PTLS_setBuf                               
0101925f  SemaphoreP_Params_init                    
01019275  _SlDrvMemZero                             
0101928d  resetISR                                  
0101929c  resetVectorAddr                           
010192a3  strchr                                    
010192b9  CPUcpsie                                  
010192cd  IntVTableBaseSet                          
010192e1  MQTTClient_publish                        
010192f5  MQTTNet_rtcSecs                           
01019309  MQTT_packetAckWlistAppend                 
0101931d  MQTT_packetReset                          
01019331  PWM_Params_init                           
01019345  Power_getDependencyCount                  
01019359  SPI_Params_init                           
0101936d  SlNetSock_sdsClrAll                       
010193a9  pthread_attr_setstacksize                 
010193bd  pthread_mutex_lock                        
010193d1  pthread_self                              
010193e5  sem_destroy                               
010193f9  strcpy                                    
0101940d  strlen                                    
01019421  timerCallback                             
0101945d  vPortSuppressTicksAndSleep                
01019471  xTaskGetCurrentTaskHandle                 
01019485  xTaskGetTickCount                         
01019499  HwiP_delete                               
010194ab  SlNetIfWifi_close                         
010194bd  TimerIntClear                             
01019505  wcslen                                    
01019517  Board_init                                
01019527  ClockP_getSystemTickPeriod                
01019537  SlNetSock_secAttribCreate                 
01019549  SysTickDisable                            
01019559  SysTickEnable                             
01019569  Timer_Params_init                         
01019579  _SlDrvDispatchHttpServerEvents            
01019589  _SlDrvDispatchNetAppRequestEvents         
01019599  _SlDrvIsSpawnOwnGlobalLock                
010195f9  vListInitialiseItem                       
01019609  vTaskSuspendAll                           
01019619  MQTTClient_subscribe                      
01019627  Power_getTransitionLatency                
01019635  _SlDrvResetCmdExt                         
01019643  _sl_ExtLib_AwaitedAckSet                  
0101965f  __TI_decompress_none                      
0101967b  spi_Close                                 
01019689  vApplicationStackOverflowHook             
01019697  CPUwfi                                    
010196a3  HwiP_clearInterrupt                       
010196af  HwiP_disableInterrupt                     
010196bb  HwiP_enableInterrupt                      
010196c7  MQTTClientCore_sendConnectMsg             
010196d3  MQTT_secureConnStructInit                 
010196e1  Network_IF_ResetMCUStateMachine           
010196ed  NwpMaskInterrupt                          
010196f9  NwpUnMaskInterrupt                        
01019705  Power_getConstraintMask                   
01019711  SemaphoreP_delete                         
0101971d  SimpleLinkHttpServerEventHandler          
01019729  SimpleLinkNetAppRequestEventHandler       
01019735  _SlDeviceResetRequestInitCompletedCB      
0101974d  copysign                                  
0101974d  copysignl                                 
01019759  __TI_zero_init                            
0101977d  timerLEDCallback                          
01019789  uDMAErrorStatusClear                      
01019795  uDMAErrorStatusGet                        
010197a1  vTaskMissedYield                          
010197ad  ADC_Params_init                           
010197b7  ADC_close                                 
010197c1  ADC_convert                               
010197cb  ADC_convertToMicroVolts                   
010197d5  IntMasterEnable                           
010197df  PWM_setDuty                               
010197e9  PWM_start                                 
010197f3  SPI_close                                 
010197fd  SPI_transfer                              
01019807  SimpleLinkNetAppRequestMemFreeEventHandler
01019811  Timer_close                               
0101981b  Timer_start                               
01019825  Timer_stop                                
0101982f  UART_control                              
01019839  UART_readPolling                          
01019843  UART_writePolling                         
0101984d  sl_Task                                   
01019857  ADCCC32XX_init                            
0101985f  ClockP_getSystemTicks                     
01019867  MQTTClientCore_sendSubMsg                 
0101986f  MQTTNet_tcpSend                           
01019877  PRCMSleepEnter                            
0101987f  TimerGetCurrentTimestamp                  
010198a7  ADCCC32XX_control                         
010198ad  PWMTimerCC32XX_control                    
010198b3  SPICC32XXDMA_control                      
010198b9  TimerCC32XX_control                       
010198bf  UtilsDelay                                
010198dd  SPICC32XXDMA_init                         
010198e1  SlNetIf_init                              
010198e5  SlNetUtil_init                            
010198e9  _system_pre_init                          
010198ed  C$$EXIT                                   
010198ed  abort                                     
010198f8  _ctypes_                                  
01019c78  spiCC32XXDMAHWAttrs                       
01019cf0  OpcodeTranslateTable                      
01019dbc  _SlActionLookupTable                      
01019e0c  PowerCC32XX_config                        
01019e4c  timerCC32XXHWAttrs                        
01019e7c  UARTCC32XXDMA_fxnTable                    
01019ea4  PWMTimerCC32XX_fxnTable                   
01019ec8  Timer_config                              
01019eec  UART_defaultParams                        
01019f55  Display_count                             
01019f56  CONFIG_ADC_0_CONST                        
01019f57  ADC_count                                 
01019f58  CONFIG_Crypto_0_CONST                     
01019f59  CryptoCC32XX_count                        
01019f5a  CONFIG_GPIO_BUTTON_0_CONST                
01019f5b  CONFIG_GPIO_BUTTON_1_CONST                
01019f5c  CONFIG_GPIO_LED_0_CONST                   
01019f5d  CONFIG_GPIO_LED_1_CONST                   
01019f5e  CONFIG_GPIO_LED_2_CONST                   
01019f5f  CONFIG_GPIO_0_CONST                       
01019f60  CONFIG_GPIO_1_CONST                       
01019f61  CONFIG_GPIO_2_CONST                       
01019f62  CONFIG_GPIO_3_CONST                       
01019f63  CONFIG_GPIO_4_CONST                       
01019f64  CONFIG_GPIO_5_CONST                       
01019f65  CONFIG_GPIO_6_CONST                       
01019f66  CONFIG_GPIO_7_CONST                       
01019f67  CONFIG_GPIO_8_CONST                       
01019f68  CONFIG_PWM_0_CONST                        
01019f69  CONFIG_PWM_1_CONST                        
01019f6a  PWM_count                                 
01019f6b  CONFIG_SPI_0_CONST                        
01019f6c  CONFIG_NWP_SPI_CONST                      
01019f6d  SPI_count                                 
01019f6e  CONFIG_TIMER_0_CONST                      
01019f6f  CONFIG_TIMER_1_CONST                      
01019f70  CONFIG_TIMER_2_CONST                      
01019f71  Timer_count                               
01019f72  CONFIG_UART_0_CONST                       
01019f73  UART_count                                
01019f74  CONFIG_WATCHDOG_0_CONST                   
01019f75  Watchdog_count                            
01019f98  SPI_defaultParams                         
01019fd8  TimerCC32XX_fxnTable                      
0101a018  ADCCC32XX_fxnTable                        
0101a030  PWM_config                                
0101a048  PWM_defaultParams                         
0101a060  SPICC32XXDMA_fxnTable                     
0101a078  SPI_config                                
0101a1a8  GPIOCC32XX_config                         
0101a29c  ADC_config                                
0101a2a8  UART_config                               
0101a2e4  udmaCC3220SHWAttrs                        
0101a2f0  ADC_defaultParams                         
0101a2f8  UDMACC32XX_config                         
0101a300  ulMaxSyscallInterruptPriority             
0101a320  outPinTypes                               
0101a328  pwmTimerCC32XXHWAttrs                     
0101a346  inPinTypes                                
0101a34c  outPinStrengths                           
0101a394  _SlNetAppSendResponseCmdCtrl              
0101a398  _SlNetAppSendTokenValueCmdCtrl            
0101a3c8  adcCC32XXHWAttrs                          
0101a3d0  uxTopUsedPriority                         
0101a3e0  __TI_static_base__                        
0101a5bc  __TI_Handler_Table_Base                   
0101a5c8  __TI_Handler_Table_Limit                  
0101a5d0  __TI_CINIT_Base                           
0101a5e0  __TI_CINIT_Limit                          
20000000  __start___llvm_prf_cnts                   
20000000  __stop___llvm_prf_cnts                    
20009000  g_CB                                      
200093fc  clients                                   
200096ac  PowerCC32XX_contextSave                   
20009a38  timerCC32XXObjects                        
20009ad4  spiCC32XXDMAObjects                       
20009bdc  uartCC32XXObjects0                        
20009d30  pwmTimerCC32XXObjects                     
20009da4  GlobalLockObj                             
20009dd0  g_SlInternalSpawnCB                       
20009df8  g_ucConnectionSSID                        
20009f34  MQTTClient_Lib_CB                         
20009f5c  DeviceCB                                  
20009f68  Msg                                       
20009f8c  g_ucConnectionBSSID                       
20009f94  spiCC32XXSDMAscratchBuf                   
20009f9c  udmaCC3220SObject                         
20009fcc  adcCC32XXObjects                          
20009fd0  appQueue                                  
20009fd4  connected                                 
20009fd8  deinit                                    
20009fdc  timer0                                    
20009fe0  MQTTClient_waitSecs                       
20009fe2  g_usConnectIndex                          
20009fe4  RxIrqCnt                                  
20009fe8  HwiP_dispatchTable                        
2000a7e8  PowerCC32XX_module                        
2000a954  parkInfo                                  
2000aa4c  SlNetIfConfigWifi                         
2000aaa4  gpioCallbackFunctions                     
2000aadc  gpioPinConfigs                            
2000ab4c  pxCurrentTCB                              
2000ab80  MQTTClient_net                            
2000aba8  g_LibsEvents                              
2000abcc  g_UserEvents                              
2000ac3c  mqttClientParams                          
2000ac54  mqttConnParams                            
2000ac90  IRmessages                                
2000ac94  count                                     
2000ac98  avg                                       
2000aca0  ClientId                                  
2000acc8  mqttWillParams                            
2000acd4  g_ulStaIp                                 
2000acd8  g_ulGatewayIP                             
2000acdc  g_ulStatus                                
2000ace0  gGlobalLockCntRequested                   
2000ace1  gGlobalLockCntReleased                    
2000ace2  g_SlDeviceStatus                          
2000ace4  g_pCB                                     
2000ace8  pPingCallBackFunc                         
2000ad04  MQTTClient_closeContext                   
2000ad08  MQTTClient_clientContext                  
2000ad0c  MQTTClient_multiSrvConn                   
2000ad10  MQTTClient_clientCfg                      
2000ad28  mqttInitParams                            
2000ad50  MQTTClient_connectCfg                     
2000ad60  longPress                                 
2000ad64  g_intHandle                               
2003fc00  __stack                                   
20040000  __STACK_END                               
ffffffff  __TI_pprof_out_hndl                       
ffffffff  __TI_prof_data_size                       
ffffffff  __TI_prof_data_start                      
ffffffff  __binit__                                 
ffffffff  __c_args__                                
ffffffff  binit                                     
UNDEFED   __mpu_init                                
UNDEFED   _system_post_cinit                        

[782 symbols]
