******************************************************************************
                  TI ARM Linker PC v20.2.5                     
******************************************************************************
>> Linked Mon Dec  6 10:35:29 2021

OUTPUT FILE NAME:   <mqtt_client_CC3220SF_LAUNCHXL_freertos_ccs.out>
ENTRY POINT SYMBOL: "resetISR"  address: 01019161


MEMORY CONFIGURATION

         name            origin    length      used     unused   attr    fill
----------------------  --------  ---------  --------  --------  ----  --------
  FLASH_HDR             01000000   000007ff  00000000  000007ff  R  X
  FLASH                 01000800   000ff800  00019c7e  000e5b82  R  X
  SRAM                  20000000   00040000  0000b071  00034f8f  RW X


SEGMENT ALLOCATION MAP

run origin  load origin   length   init length attrs members
----------  ----------- ---------- ----------- ----- -------
01000800    01000800    00019c80   00019c80    r-x
  01000800    01000800    00000040   00000040    r-- .resetVecs
  01000840    01000840    00018f64   00018f64    r-x .text
  010197a4    010197a4    00000ada   00000ada    r-- .const
  0101a280    0101a280    00000200   00000200    r-- .cinit
20000400    20000400    0000a968   00000000    rw-
  20000400    20000400    00009be1   00000000    rw- .bss
  20009fe4    20009fe4    00000d84   00000000    rw- .data
2003fc00    2003fc00    00000400   00000000    rw-
  2003fc00    2003fc00    00000400   00000000    rw- .stack


SECTION ALLOCATION MAP

 output                                  attributes/
section   page    origin      length       input sections
--------  ----  ----------  ----------   ----------------
.resetVecs 
*          0    01000800    00000040     
                  01000800    00000040     freertos_builds_CC3220SF_LAUNCHXL_release_ccs.lib : startup_cc32xx_ccs.obj (.resetVecs:retain)

.text      0    01000840    00018f64     
                  01000840    00000a4e     rtsv7M4_T_le_eabi.lib : _printfi.c.obj (.text:__TI_printfi)
                  0100128e    00000002     ti_drivers_config.obj (.text:Board_initHook)
                  01001290    000008e8     simplelink.a : driver.obj (.text:_SlDrvMsgRead)
                  01001b78    00000540     mqtt_if.obj (.text:MQTTClientCallback)
                  010020b8    000004bc     simplelink.a : sl_socket.obj (.text:_SlSocketHandleAsync_Select)
                  01002574    0000042c     driverlib.a : prcm.obj (.text:PRCMCC3200MCUInit)
                  010029a0    00000384     simplelink.a : driver.obj (.text:_SlDrvMsgWrite)
                  01002d24    00000370     publish_task.obj (.text:publish_task)
                  01003094    00000320     network_if.obj (.text:Network_IF_ConnectAP)
                  010033b4    0000031c     simplelink.a : driver.obj (.text:_SlDrvReleasePoolObj)
                  010036d0    0000031c     mqtt_if.obj (.text:jsmn_parse)
                  010039ec    000002e0     simplelink.a : driver.obj (.text:_SlDrvWaitForPoolObj)
                  01003ccc    000002d8                  : driver.obj (.text:_SlDrvRxHdrRead)
                  01003fa4    000002b8     mqtt_if.obj (.text:MQTTAppThread)
                  0100425c    000002b0     simplelink.a : wlan.obj (.text:sl_WlanProfileAdd)
                  0100450c    000002ac                  : sl_socket.obj (.text:sl_Select)
                  010047b8    0000028d     network_if.obj (.text:SimpleLinkSockEventHandler)
                  01004a45    00000001     --HOLE-- [fill = 0]
                  01004a46    00000002     driverlib.a : interrupt.obj (.text:IntDefaultHandler)
                  01004a48    0000028c     publish_task.obj (.text:WifiInit)
                  01004cd4    0000027c     simplelink.a : wlan.obj (.text:sl_WlanConnect)
                  01004f50    00000278     freertos_builds_CC3220SF_LAUNCHXL_release_ccs.lib : mqueue.obj (.text:mq_open)
                  010051c8    00000270     claw_control.obj (.text:claw_control_task)
                  01005438    00000268     rtsv7M4_T_le_eabi.lib : _printfi.c.obj (.text:_pconv_a)
                  010056a0    00000264     network_if.obj (.text:Network_IF_InitDriver)
                  01005904    0000025c     simplelink.a : driver.obj (.text:_SlDrvDataReadOp)
                  01005b60    0000024c     mqtt_if.obj (.text:MQTT_IF_Connect)
                  01005dac    00000238     publish_task.obj (.text:DisplayAppBanner)
                  01005fe4    0000022c     publish_task.obj (.text:MQTT_EventCallback)
                  01006210    00000224     simplelink.a : driver.obj (.text:_SlDrvDriverCBInit)
                  01006434    00000218                  : driver.obj (.text:_SlDrvDataWriteOp)
                  0100664c    0000020c     drivers_cc32xx.aem4 : UARTCC32XXDMA.oem4 (.text:UARTCC32XXDMA_open)
                  01006858    00000208     freertos_builds_CC3220SF_LAUNCHXL_release_ccs.lib : tasks.obj (.text:xTaskIncrementTick)
                  01006a60    000001f4     simplelink.a : driver.obj (.text:_SlDrvMsgReadCmdCtx)
                  01006c54    000001f2                  : netapp.obj (.text:_SlNetAppEventHandler)
                  01006e46    00000002     drivers_cc32xx.aem4 : PWMTimerCC32XX.oem4 (.text:PWMTimerCC32XX_init)
                  01006e48    000001e4                         : GPIOCC32XX.oem4 (.text:GPIO_setConfig)
                  0100702c    000001e1     network_if.obj (.text:SimpleLinkFatalErrorEventHandler)
                  0100720d    00000001     --HOLE-- [fill = 0]
                  0100720e    00000002     freertos_builds_CC3220SF_LAUNCHXL_release_ccs.lib : PowerCC32XX_freertos.obj (.text:PowerCC32XX_initPolicy)
                  01007210    000001e0     simplelink.a : device.obj (.text:sl_Stop)
                  010073f0    000001d8     network_if.obj (.text:SimpleLinkWlanEventHandler)
                  010075c8    000001d0     drivers_cc32xx.aem4 : SPICC32XXDMA.oem4 (.text:SPICC32XXDMA_transfer)
                  01007798    000001d0     freertos_builds_CC3220SF_LAUNCHXL_release_ccs.lib : queue.obj (.text:xQueueSemaphoreTake)
                  01007968    000001cc     rtsv7M4_T_le_eabi.lib : _printfi.c.obj (.text:_pconv_g)
                  01007b34    000001cc     freertos_builds_CC3220SF_LAUNCHXL_release_ccs.lib : tasks.obj (.text:xTaskResumeAll)
                  01007d00    000001c4     mqtt_if.obj (.text:MQTT_IF_Subscribe)
                  01007ec4    000001b8     drivers_cc32xx.aem4 : SPICC32XXDMA.oem4 (.text:configDMA)
                  0100807c    000001b8     freertos_builds_CC3220SF_LAUNCHXL_release_ccs.lib : queue.obj (.text:xQueueGenericSend)
                  01008234    000001b6     rtsv7M4_T_le_eabi.lib : fd_add_t2.asm.obj (.text)
                  010083ea    00000002     drivers_cc32xx.aem4 : TimerCC32XX.oem4 (.text:TimerCC32XX_init)
                  010083ec    000001b4     simplelink.a : driver.obj (.text:_SlDrvReleaseAllActivePendingPoolObj)
                  010085a0    000001b0     freertos_builds_CC3220SF_LAUNCHXL_release_ccs.lib : PowerCC32XX_freertos.obj (.text:PowerCC32XX_sleepPolicy)
                  01008750    000001a8     simplelink.a : sl_socket.obj (.text:sl_Accept)
                  010088f8    000001a4     freertos_builds_CC3220SF_LAUNCHXL_release_ccs.lib : heap_4.obj (.text:pvPortMalloc)
                  01008a9c    000001a0     mqtt_if.obj (.text:MQTT_IF_Init)
                  01008c3c    00000198     slnetsock_release.a : slnetsock.oem4 (.text:SlNetSock_select)
                  01008dd4    00000190     simplelink.a : sl_socket.obj (.text:_SlDrvRegisterForSelectAsync)
                  01008f64    0000018c     mqtt_if.obj (.text:jsmn_parse_string)
                  010090f0    00000188     freertos_builds_CC3220SF_LAUNCHXL_release_ccs.lib : tasks.obj (.text:xTaskRemoveFromEventList)
                  01009278    00000184     simplelink.a : driver.obj (.text:_SlDrvFindAndSetActiveObj)
                  010093fc    00000180     network_if.obj (.text:SimpleLinkNetAppEventHandler)
                  0100957c    0000017c     freertos_builds_CC3220SF_LAUNCHXL_release_ccs.lib : queue.obj (.text:xQueueReceive)
                  010096f8    00000178     simplelink.a : sl_socket.obj (.text:sl_Connect)
                  01009870    00000170                  : netapp.obj (.text:sl_NetAppDnsGetHostByName)
                  010099e0    00000160     mqtt_release.a : mqtt_net_func.oem4 (.text:createSocket)
                  01009b40    00000158     drivers_cc32xx.aem4 : SPICC32XXDMA.oem4 (.text:SPICC32XXDMA_open)
                  01009c98    00000154     mqtt_release.a : mqttclient.oem4 (.text:MQTTClient_connect)
                  01009dec    00000154     freertos_builds_CC3220SF_LAUNCHXL_release_ccs.lib : timers.obj (.text:prvProcessReceivedCommands)
                  01009f40    00000154     simplelink.a : sl_socket.obj (.text:sl_RecvFrom)
                  0100a094    00000148                  : sl_socket.obj (.text:_SlDrvGetNextTimeoutValue)
                  0100a1dc    00000148     drivers_cc32xx.aem4 : PowerCC32XX.oem4 (.text:parkPins)
                  0100a324    00000148     simplelink.a : sl_socket.obj (.text:sl_StartTLS)
                  0100a46c    00000148     freertos_builds_CC3220SF_LAUNCHXL_release_ccs.lib : tasks.obj (.text:vTaskPriorityDisinheritAfterTimeout)
                  0100a5b4    00000140     drivers_cc32xx.aem4 : PWMTimerCC32XX.oem4 (.text:PWMTimerCC32XX_setDutyAndPeriod)
                  0100a6f4    00000140     simplelink.a : driver.obj (.text:_SlDrvMsgReadSpawnCtx)
                  0100a834    0000013c     rtsv7M4_T_le_eabi.lib : _printfi.c.obj (.text:_pconv_e)
                  0100a970    0000013a     freertos_builds_CC3220SF_LAUNCHXL_release_ccs.lib : tasks.obj (.text:prvInitialiseNewTask)
                  0100aaaa    00000002     drivers_cc32xx.aem4 : UARTCC32XXDMA.oem4 (.text:UARTCC32XXDMA_init)
                  0100aaac    00000138                         : PowerCC32XX.oem4 (.text:Power_sleep)
                  0100abe4    00000138     simplelink.a : driver.obj (.text:_SlSpawnMsgListInsert)
                  0100ad1c    00000138     freertos_builds_CC3220SF_LAUNCHXL_release_ccs.lib : pthread.obj (.text:pthread_create)
                  0100ae54    00000136     rtsv7M4_T_le_eabi.lib : fd_div_t2.asm.obj (.text)
                  0100af8a    00000002     freertos_builds_CC3220SF_LAUNCHXL_release_ccs.lib : startup_cc32xx_ccs.obj (.text:busFaultHandler)
                  0100af8c    00000134     simplelink.a : sl_socket.obj (.text:_SlSocketHandleAsync_StartTLS)
                  0100b0c0    00000130                  : driver.obj (.text:_SlDrvDriverCBDeinit)
                  0100b1f0    00000128     drivers_cc32xx.aem4 : TimerCC32XX.oem4 (.text:TimerCC32XX_open)
                  0100b318    00000128     simplelink.a : driver.obj (.text:_SlDrvClassifyRxMsg)
                  0100b440    00000128     freertos_builds_CC3220SF_LAUNCHXL_release_ccs.lib : queue.obj (.text:xQueueGenericSendFromISR)
                  0100b568    00000124     simplelink.a : fs.obj (.text:sl_FsOpen)
                  0100b68c    00000120                  : driver.obj (.text:_SlDrvAsyncEventGenericHandler)
                  0100b7ac    00000120     rtsv7M4_T_le_eabi.lib : _printfi.c.obj (.text:fcvt)
                  0100b8cc    00000120     freertos_builds_CC3220SF_LAUNCHXL_release_ccs.lib : tasks.obj (.text:xTaskPriorityInherit)
                  0100b9ec    0000011c     simplelink.a : device.obj (.text:sl_Start)
                  0100bb08    00000118                  : netapp.obj (.text:_SlNetAppHandleAsync_DnsGetHostByService)
                  0100bc20    00000118     freertos_builds_CC3220SF_LAUNCHXL_release_ccs.lib : tasks.obj (.text:vTaskSuspend)
                  0100bd38    00000118                                                       : tasks.obj (.text:xTaskPriorityDisinherit)
                  0100be50    00000112     mqtt_release.a : mqtt_common.oem4 (.text:MQTT_PacketRecv)
                  0100bf62    00000002     freertos_builds_CC3220SF_LAUNCHXL_release_ccs.lib : startup_cc32xx_ccs.obj (.text:defaultHandler)
                  0100bf64    00000110     rtsv7M4_T_le_eabi.lib : strtoul.c.obj (.text:strtoul)
                  0100c074    0000010e     freertos_builds_CC3220SF_LAUNCHXL_release_ccs.lib : queue.obj (.text:xQueueGiveFromISR)
                  0100c182    00000002                                                       : startup_cc32xx_ccs.obj (.text:faultISR)
                  0100c184    00000108     slnetsock_release.a : slnetutils.oem4 (.text:SlNetUtil_str2BinIpV6)
                  0100c28c    00000104     simplelink.a : device.obj (.text:_SlDeviceEventHandler)
                  0100c390    00000104                  : driver.obj (.text:_SlDrvCmdOp)
                  0100c494    00000104     freertos_builds_CC3220SF_LAUNCHXL_release_ccs.lib : tasks.obj (.text:prvAddNewTaskToReadyList)
                  0100c598    00000104                                                       : queue.obj (.text:xQueueGenericReset)
                  0100c69c    00000100     simplelink.a : driver.obj (.text:_SlDrvObjGlobalLockWaitForever)
                  0100c79c    00000100                  : fs.obj (.text:sl_FsWrite)
                  0100c89c    00000100     freertos_builds_CC3220SF_LAUNCHXL_release_ccs.lib : tasks.obj (.text:vTaskDelete)
                  0100c99c    000000fc     rtsv7M4_T_le_eabi.lib : fd_mul_t2.asm.obj (.text)
                  0100ca98    000000f8     mqtt_release.a : mqttclient.oem4 (.text:MqttClientCtxCreate)
                  0100cb90    000000f8     slnetifwifi.a : slnetifwifi.obj (.text:SlNetIfWifi_loadSecObj)
                  0100cc88    000000f8     drivers_cc32xx.aem4 : UARTCC32XXDMA.oem4 (.text:UARTCC32XXDMA_close)
                  0100cd80    000000f8     simplelink.a : sl_socket.obj (.text:sl_Close)
                  0100ce78    000000f8     mqtt_release.a : client_core.oem4 (.text:utf8ArraySend)
                  0100cf70    000000f6                    : mqtt_net_func.oem4 (.text:MQTTNet_commOpen)
                  0100d066    000000f6     freertos_builds_CC3220SF_LAUNCHXL_release_ccs.lib : queue.obj (.text:xQueueReceiveFromISR)
                  0100d15c    000000f4     simplelink.a : sl_socket.obj (.text:sl_SendTo)
                  0100d250    000000f2     drivers_cc32xx.aem4 : SPICC32XXDMA.oem4 (.text:SPICC32XXDMA_transferCancel)
                  0100d342    00000002     freertos_builds_CC3220SF_LAUNCHXL_release_ccs.lib : startup_cc32xx_ccs.obj (.text:nmiISR)
                  0100d344    000000f0     drivers_cc32xx.aem4 : PWMTimerCC32XX.oem4 (.text:PWMTimerCC32XX_open)
                  0100d434    000000e8                         : UARTCC32XXDMA.oem4 (.text:initHw)
                  0100d51c    000000e8     freertos_builds_CC3220SF_LAUNCHXL_release_ccs.lib : tasks.obj (.text:prvAddCurrentTaskToDelayedList)
                  0100d604    000000e4     slnetsock_release.a : slnetif.oem4 (.text:SlNetIf_add)
                  0100d6e8    000000de     mqtt_release.a : client_core.oem4 (.text:connectMsgSend)
                  0100d7c6    00000002     rtsv7M4_T_le_eabi.lib : div0.asm.obj (.text)
                  0100d7c8    000000dc     main_freertos.obj (.text:main)
                  0100d8a4    000000dc     freertos_builds_CC3220SF_LAUNCHXL_release_ccs.lib : tasks.obj (.text:vTaskSwitchContext)
                  0100d980    000000d8     uart_term.obj (.text:GetCmd)
                  0100da58    000000d8     drivers_cc32xx.aem4 : SPICC32XXDMA.oem4 (.text:SPICC32XXDMA_close)
                  0100db30    000000d8     simplelink.a : device.obj (.text:_SlDeviceHandleAsync_InitComplete)
                  0100dc08    000000d8                  : driver.obj (.text:_SlDrvWaitForInternalAsyncEvent)
                  0100dce0    000000d8                  : netapp.obj (.text:_SlNetAppHandleAsync_NetAppReceive)
                  0100ddb8    000000d0     publish_task.obj (.text:SetClientIdNamefromMacAddress)
                  0100de88    000000d0     simplelink.a : driver.obj (.text:_SlDrvRemoveFromList)
                  0100df58    000000d0     rtsv7M4_T_le_eabi.lib : s_scalbn.c.obj (.text:scalbn)
                  0100e028    000000cc     mqtt_release.a : mqttclient.oem4 (.text:processNotifyAckCB)
                  0100e0f4    000000c8     mqtt_if.obj (.text:jsmn_parse_primitive)
                  0100e1bc    000000c8     drivers_cc32xx.aem4 : SPICC32XXDMA.oem4 (.text:spiHwiFxn)
                  0100e284    000000c4                         : GPIOCC32XX.oem4 (.text:GPIO_init)
                  0100e348    000000c4                         : PWMTimerCC32XX.oem4 (.text:PWMTimerCC32XX_stop)
                  0100e40c    000000c0     mqtt_release.a : mqttclient.oem4 (.text:MqttClientSub)
                  0100e4cc    000000c0     simplelink.a : cc_pal.obj (.text:NwpPowerOff)
                  0100e58c    000000c0     drivers_cc32xx.aem4 : PowerCC32XX.oem4 (.text:restoreParkedPins)
                  0100e64c    000000c0     simplelink.a : netcfg.obj (.text:sl_NetCfgGet)
                  0100e70c    000000c0     freertos_builds_CC3220SF_LAUNCHXL_release_ccs.lib : port.obj (.text:xPortStartScheduler)
                  0100e7cc    000000bc     simplelink.a : netapp.obj (.text:_SlNetAppSendResponse)
                  0100e888    000000bc     mqtt_release.a : client_core.oem4 (.text:clCtxConnStateTryLocked)
                  0100e944    000000bc     freertos_builds_CC3220SF_LAUNCHXL_release_ccs.lib : queue.obj (.text:prvCopyDataToQueue)
                  0100ea00    000000bc                                                       : heap_4.obj (.text:prvHeapInit)
                  0100eabc    000000bc     simplelink.a : sl_socket.obj (.text:sl_Send)
                  0100eb78    000000ba     freertos_builds_CC3220SF_LAUNCHXL_release_ccs.lib : portasm.obj (.text)
                  0100ec32    000000ba     debug.obj (.text:setGPIOs)
                  0100ecec    000000b8     drivers_cc32xx.aem4 : PWMTimerCC32XX.oem4 (.text:PWMTimerCC32XX_setDuty)
                  0100eda4    000000b8                         : UARTCC32XXDMA.oem4 (.text:UARTCC32XXDMA_configDMA)
                  0100ee5c    000000b8     simplelink.a : netapp.obj (.text:_SlNetAppHandleAsync_DnsGetHostByName)
                  0100ef14    000000b8                  : netapp.obj (.text:_SlNetAppHandleAsync_PingResponse)
                  0100efcc    000000b8     publish_task.obj (.text:pushButtonConnectionHandler)
                  0100f084    000000b8     simplelink.a : device.obj (.text:sl_DeviceGet)
                  0100f13c    000000b8                  : wlan.obj (.text:sl_WlanGet)
                  0100f1f4    000000b4     mqtt_release.a : mqttclient.oem4 (.text:MqttClient_send)
                  0100f2a8    000000b4     drivers_cc32xx.aem4 : UARTCC32XXDMA.oem4 (.text:UARTCC32XXDMA_hwiIntFxn)
                  0100f35c    000000b4     simplelink.a : driver.obj (.text:_SlDrvHandleFatalError)
                  0100f410    000000b4                  : netutil.obj (.text:_SlNetUtilHandleAsync_Cmd)
                  0100f4c4    000000b4     freertos_builds_CC3220SF_LAUNCHXL_release_ccs.lib : clock.obj (.text:_clock_abstime2ticks)
                  0100f578    000000b4     simplelink.a : sl_socket.obj (.text:sl_GetSockOpt)
                  0100f62c    000000b4     freertos_builds_CC3220SF_LAUNCHXL_release_ccs.lib : tasks.obj (.text:xTaskCheckForTimeOut)
                  0100f6e0    000000b2     uart_term.obj (.text:Report)
                  0100f792    00000002     --HOLE-- [fill = 0]
                  0100f794    000000b1     rtsv7M4_T_le_eabi.lib : _printfi.c.obj (.text:_ltostr)
                  0100f845    00000003     --HOLE-- [fill = 0]
                  0100f848    000000b0     slnetifwifi.a : slnetifwifi.obj (.text:SlNetIfWifi_getSockOpt)
                  0100f8f8    000000ae                   : slnetifwifi.obj (.text:matchModeByRole)
                  0100f9a6    000000ae     freertos_builds_CC3220SF_LAUNCHXL_release_ccs.lib : queue.obj (.text:prvUnlockQueue)
                  0100fa54    000000ac     simplelink.a : sl_socket.obj (.text:_SlSocketHandleAsync_Close)
                  0100fb00    000000ac                  : sl_socket.obj (.text:_SlSocketHandleAsync_Connect)
                  0100fbac    000000ac     freertos_builds_CC3220SF_LAUNCHXL_release_ccs.lib : clock.obj (.text:clock_gettime)
                  0100fc58    000000a8     driverlib.a : interrupt.obj (.text:IntDisable)
                  0100fd00    000000a8                 : interrupt.obj (.text:IntEnable)
                  0100fda8    000000a8     network_if.obj (.text:Network_IF_IpConfigGet)
                  0100fe50    000000a8     driverlib.a : prcm.obj (.text:PRCMPeripheralClockGet)
                  0100fef8    000000a8     drivers_cc32xx.aem4 : PowerCC32XX.oem4 (.text:PowerCC32XX_configureWakeup)
                  0100ffa0    000000a8     freertos_builds_CC3220SF_LAUNCHXL_release_ccs.lib : heap_4.obj (.text:prvInsertBlockIntoFreeList)
                  01010048    000000a8     simplelink.a : fs.obj (.text:sl_FsClose)
                  010100f0    000000a8     freertos_builds_CC3220SF_LAUNCHXL_release_ccs.lib : heap_4.obj (.text:vPortFree)
                  01010198    000000a6     simplelink.a : driver.obj (.text:_SlDrvIsTimeoutExpired)
                  0101023e    00000002     --HOLE-- [fill = 0]
                  01010240    000000a4     mqtt_release.a : mqttclient.oem4 (.text:MQTTClient_create)
                  010102e4    000000a4                    : mqttclient.oem4 (.text:MQTTClient_delete)
                  01010388    000000a4                    : mqttclient.oem4 (.text:MqttClientConfig)
                  0101042c    000000a4     drivers_cc32xx.aem4 : PWMTimerCC32XX.oem4 (.text:initHw)
                  010104d0    000000a4     simplelink.a : sl_socket.obj (.text:sl_Bind)
                  01010574    000000a0     freertos_builds_CC3220SF_LAUNCHXL_release_ccs.lib : ClockP_freertos.obj (.text:ClockP_create)
                  01010614    000000a0     simplelink.a : fs.obj (.text:FsGetCreateFsMode)
                  010106b4    000000a0                  : sl_socket.obj (.text:_SlDrvUnRegisterForSelectAsync)
                  01010754    000000a0                  : driver.obj (.text:_SlSpawnMsgListProcess)
                  010107f4    0000009e                  : cc_pal.obj (.text:spi_Read)
                  01010892    0000009e                  : cc_pal.obj (.text:spi_Write)
                  01010930    0000009c     mqtt_release.a : client_core.oem4 (.text:MQTTClientCore_initLib)
                  010109cc    0000009c                    : client_core.oem4 (.text:MQTTClientCore_sendPubMsg)
                  01010a68    0000009c                    : client_core.oem4 (.text:_msgDispatch)
                  01010b04    0000009c     rtsv7M4_T_le_eabi.lib : memcpy_t2.asm.obj (.text)
                  01010ba0    0000009c     freertos_builds_CC3220SF_LAUNCHXL_release_ccs.lib : tasks.obj (.text:vTaskStartScheduler)
                  01010c3c    0000009a     mqtt_release.a : client_core.oem4 (.text:procPubMsgRx)
                  01010cd6    00000002     --HOLE-- [fill = 0]
                  01010cd8    00000098     mqtt_if.obj (.text:MQTT_IF_Publish)
                  01010d70    00000098     drivers_cc32xx.aem4 : PWMTimerCC32XX.oem4 (.text:PWMTimerCC32XX_setPeriod)
                  01010e08    00000098     uart_term.obj (.text:TrimSpace)
                  01010ea0    00000098     drivers_cc32xx.aem4 : GPIOCC32XX.oem4 (.text:powerNotifyFxn)
                  01010f38    00000096     mqtt_release.a : mqtt_net_func.oem4 (.text:MQTTNet_tcpSelect)
                  01010fce    00000096     rtsv7M4_T_le_eabi.lib : ull_div_t2.asm.obj (.text)
                  01011064    00000094     drivers_cc32xx.aem4 : ADCCC32XX.oem4 (.text:ADCCC32XX_open)
                  010110f8    00000094     simplelink.a : cc_pal.obj (.text:Semaphore_pend_handle)
                  0101118c    00000094     drivers_cc32xx.aem4 : SPICC32XXDMA.oem4 (.text:initHw)
                  01011220    00000092     slnetsock_release.a : slnetsock.oem4 (.text:SlNetSock_create)
                  010112b2    00000092     freertos_builds_CC3220SF_LAUNCHXL_release_ccs.lib : mqueue.obj (.text:mq_send)
                  01011344    00000090     slnetsock_release.a : slnetsock.oem4 (.text:SlNetSock_getVirtualSdConf)
                  010113d4    00000090     simplelink.a : device.obj (.text:_SlDeviceHandleAsync_Stop)
                  01011464    00000090                  : sl_socket.obj (.text:_SlSocketHandleAsync_Accept)
                  010114f4    00000090     mqtt_release.a : mqttclient.oem4 (.text:processPublishRxCB)
                  01011584    00000090     drivers_cc32xx.aem4 : PowerCC32XX.oem4 (.text:restoreNVICRegs)
                  01011614    0000008c     mqtt_release.a : client_core.oem4 (.text:MQTTClientCore_createCtx)
                  010116a0    0000008c     slnetsock_release.a : slnetsock.oem4 (.text:SlNetSock_accept)
                  0101172c    0000008c     drivers_cc32xx.aem4 : UARTCC32XXDMA.oem4 (.text:UARTCC32XXDMA_write)
                  010117b8    0000008c     simplelink.a : driver.obj (.text:_SlDrvDriverIsApiAllowed)
                  01011844    0000008c                  : driver.obj (.text:_SlDrvProtectAsyncRespSetting)
                  010118d0    0000008c     freertos_builds_CC3220SF_LAUNCHXL_release_ccs.lib : clock.obj (.text:_clock_gettimeMono)
                  0101195c    0000008c     simplelink.a : sl_socket.obj (.text:sl_Recv)
                  010119e8    00000088     drivers_cc32xx.aem4 : PWMTimerCC32XX.oem4 (.text:PWMTimerCC32XX_close)
                  01011a70    00000088     driverlib.a : pin.obj (.text:PinConfigSet)
                  01011af8    00000088     drivers_cc32xx.aem4 : TimerCC32XX.oem4 (.text:TimerCC32XX_setPeriod)
                  01011b80    00000088     freertos_builds_CC3220SF_LAUNCHXL_release_ccs.lib : mqueue.obj (.text:mq_receive)
                  01011c08    00000088     mqtt_release.a : client_core.oem4 (.text:procConnackRx)
                  01011c90    00000088     freertos_builds_CC3220SF_LAUNCHXL_release_ccs.lib : timers.obj (.text:prvProcessTimerOrBlockTask)
                  01011d18    00000088     simplelink.a : eventreg.obj (.text:sl_UnregisterLibsEventHandler)
                  01011da0    00000088     mqtt_release.a : client_core.oem4 (.text:wrConnectPayload)
                  01011e28    00000086     rtsv7M4_T_le_eabi.lib : fd_cmp_t2.asm.obj (.text:__aeabi_cdcmple)
                  01011eae    00000086                           : fd_cmp_t2.asm.obj (.text:__aeabi_cdrcmple)
                  01011f34    00000084     mqtt_if.obj (.text:MQTTHelperTopicMatching)
                  01011fb8    00000084     drivers_cc32xx.aem4 : PowerCC32XX.oem4 (.text:Power_init)
                  0101203c    00000084     slnetifwifi.a : slnetifwifi.obj (.text:SlNetIfWifi_sockstartSec)
                  010120c0    00000084     slnetsock_release.a : slnetutils.oem4 (.text:SlNetUtil_getHostByName)
                  01012144    00000084     mqtt_release.a : client_core.oem4 (.text:mqpSetupProcCtxDataRecv)
                  010121c8    00000084     drivers_cc32xx.aem4 : PowerCC32XX.oem4 (.text:saveNVICRegs)
                  0101224c    00000084     simplelink.a : sl_socket.obj (.text:sl_SetSockOpt)
                  010122d0    00000084     freertos_builds_CC3220SF_LAUNCHXL_release_ccs.lib : timers.obj (.text:xTimerGenericCommand)
                  01012354    00000082                                                       : queue.obj (.text:xQueueGenericCreate)
                  010123d6    00000002     --HOLE-- [fill = 0]
                  010123d8    00000080     drivers_cc32xx.aem4 : PowerCC32XX.oem4 (.text:Power_setDependency)
                  01012458    00000080                         : UARTCC32XXDMA.oem4 (.text:UARTCC32XXDMA_read)
                  010124d8    00000080     mqtt_release.a : client_core.oem4 (.text:clCtxPartSend)
                  01012558    0000007c     mqtt_if.obj (.text:MQTTContextThread)
                  010125d4    0000007c     drivers_cc32xx.aem4 : UDMACC32XX.oem4 (.text:UDMACC32XX_open)
                  01012650    0000007c     mqtt_release.a : client_core.oem4 (.text:procCtxDataRecv)
                  010126cc    0000007a     drivers_cc32xx.aem4 : UARTCC32XXDMA.oem4 (.text:UARTCC32XXDMA_readPolling)
                  01012746    0000007a     freertos_builds_CC3220SF_LAUNCHXL_release_ccs.lib : pthread.obj (.text:removeThreadKeys)
                  010127c0    0000007a     rtsv7M4_T_le_eabi.lib : memset_t2.asm.obj (.text)
                  0101283a    0000007a     freertos_builds_CC3220SF_LAUNCHXL_release_ccs.lib : tasks.obj (.text:xTaskCreate)
                  010128b4    00000078     drivers_cc32xx.aem4 : GPIOCC32XX.oem4 (.text:GPIO_hwiIntFxn)
                  0101292c    00000078     mqtt_release.a : mqtt_net_func.oem4 (.text:MQTTNet_recvFrom)
                  010129a4    00000078     drivers_cc32xx.aem4 : TimerCC32XX.oem4 (.text:TimerCC32XX_start)
                  01012a1c    00000078     freertos_builds_CC3220SF_LAUNCHXL_release_ccs.lib : timers.obj (.text:prvInsertTimerInActiveList)
                  01012a94    00000078     simplelink.a : sl_socket.obj (.text:sl_Socket)
                  01012b0c    00000078     freertos_builds_CC3220SF_LAUNCHXL_release_ccs.lib : tasks.obj (.text:vTaskPlaceOnEventListRestricted)
                  01012b84    00000074     drivers_cc32xx.aem4 : ADCCC32XX.oem4 (.text:ADCCC32XX_close)
                  01012bf8    00000074     mqtt_release.a : mqtt_net_func.oem4 (.text:MQTTNet_tcpAccept)
                  01012c6c    00000074     slnetsock_release.a : slnetsock.oem4 (.text:SlNetSock_AllocVirtualSocket)
                  01012ce0    00000074     mqtt_release.a : client_core.oem4 (.text:groupCtxsRxPrep)
                  01012d54    00000074     freertos_builds_CC3220SF_LAUNCHXL_release_ccs.lib : tasks.obj (.text:prvInitialiseTaskLists)
                  01012dc8    00000074                                                       : pthread_mutex.obj (.text:pthread_mutex_init)
                  01012e3c    00000074                                                       : port.obj (.text:vPortValidateInterruptPriority)
                  01012eb0    00000072     mqtt_release.a : mqtt_common.oem4 (.text:MQTT_packetProcPubRx)
                  01012f22    00000002     --HOLE-- [fill = 0]
                  01012f24    00000070     slnetsock_release.a : slnetsock.oem4 (.text:SlNetSock_secAttribSet)
                  01012f94    00000070     simplelink.a : driver.obj (.text:_SlDrvCmdSend_noLock)
                  01013004    00000070     freertos_builds_CC3220SF_LAUNCHXL_release_ccs.lib : ClockP_freertos.obj (.text:setClockObjTimeout)
                  01013074    0000006e     rtsv7M4_T_le_eabi.lib : _printfi.c.obj (.text:_mcpy)
                  010130e2    00000002     --HOLE-- [fill = 0]
                  010130e4    0000006c     mqtt_release.a : mqttclient.oem4 (.text:MQTTClient_run)
                  01013150    0000006c     slnetsock_release.a : slnetutils.oem4 (.text:SlNetUtil_str2BinIpV4)
                  010131bc    0000006c     simplelink.a : device.obj (.text:_SlDeviceHandleResetRequestInternally)
                  01013228    0000006c                  : sl_socket.obj (.text:_SlDrvOpenCtrlSocket)
                  01013294    0000006c                  : netapp.obj (.text:_SlNetAppSendTokenValue)
                  01013300    0000006c     publish_task.obj (.text:pushButtonPublishHandler)
                  0101336c    0000006a     mqtt_release.a : mqtt_net_func.oem4 (.text:MQTTNet_sendTo)
                  010133d6    00000068                    : mqtt_common.oem4 (.text:MQTT_qos2PubCqUnlog)
                  0101343e    00000002     --HOLE-- [fill = 0]
                  01013440    00000068     drivers_cc32xx.aem4 : PWMTimerCC32XX.oem4 (.text:PWMTimerCC32XX_start)
                  010134a8    00000068     simplelink.a : driver.obj (.text:_SlSpawnMsgListGetCount)
                  01013510    00000068     rtsv7M4_T_le_eabi.lib : copy_decompress_lzss.c.obj (.text:decompress:lzss:__TI_decompress_lzss)
                  01013578    00000068     freertos_builds_CC3220SF_LAUNCHXL_release_ccs.lib : tasks.obj (.text:eTaskConfirmSleepModeStatus)
                  010135e0    00000068     simplelink.a : cc_pal.obj (.text:spi_Open)
                  01013648    00000066     freertos_builds_CC3220SF_LAUNCHXL_release_ccs.lib : memory.obj (.text:realloc)
                  010136ae    00000066                                                       : list.obj (.text:vListInsert)
                  01013714    00000064     drivers_cc32xx.aem4 : ADCCC32XX.oem4 (.text:ADCCC32XX_convert)
                  01013778    00000064     freertos_builds_CC3220SF_LAUNCHXL_release_ccs.lib : ClockP_freertos.obj (.text:ClockP_stop)
                  010137dc    00000064     drivers_cc32xx.aem4 : GPIOCC32XX.oem4 (.text:GPIO_toggle)
                  01013840    00000064     mqtt_release.a : mqtt_common.oem4 (.text:MQTT_packetPubAppendTopic)
                  010138a4    00000064     drivers_cc32xx.aem4 : PowerCC32XX.oem4 (.text:PowerCC32XX_setParkState)
                  01013908    00000064     freertos_builds_CC3220SF_LAUNCHXL_release_ccs.lib : pthread_mutex.obj (.text:acquireMutex)
                  0101396c    00000064     mqtt_release.a : client_core.oem4 (.text:clientReset)
                  010139d0    00000064                    : client_core.oem4 (.text:doNetClose)
                  01013a34    00000064     freertos_builds_CC3220SF_LAUNCHXL_release_ccs.lib : tasks.obj (.text:prvGetExpectedIdleTime)
                  01013a98    00000062                                                       : timers.obj (.text:prvInitialiseNewTimer)
                  01013afa    00000002     --HOLE-- [fill = 0]
                  01013afc    00000060                                                       : HwiPCC32XX_freertos.obj (.text:HwiP_create)
                  01013b5c    00000060     driverlib.a : prcm.obj (.text:PRCMSysResetCauseGet)
                  01013bbc    00000060     slnetsock_release.a : slnetsock.oem4 (.text:SlNetSock_recvFrom)
                  01013c1c    00000060                         : slnetsock.oem4 (.text:SlNetSock_sendTo)
                  01013c7c    00000060     drivers_cc32xx.aem4 : UARTCC32XXDMA.oem4 (.text:UARTCC32XXDMA_control)
                  01013cdc    00000060     freertos_builds_CC3220SF_LAUNCHXL_release_ccs.lib : pthread_mutex.obj (.text:pthread_mutex_unlock)
                  01013d3c    0000005e     slnetifwifi.a : slnetifwifi.obj (.text:SlNetIfWifi_setSockOpt)
                  01013d9a    0000005e     freertos_builds_CC3220SF_LAUNCHXL_release_ccs.lib : semaphore.obj (.text:sem_timedwait)
                  01013df8    0000005c     drivers_cc32xx.aem4 : GPIOCC32XX.oem4 (.text:GPIO_setCallback)
                  01013e54    0000005c     uart_term.obj (.text:InitTerm)
                  01013eb0    0000005c     mqtt_release.a : client_core.oem4 (.text:MQTTClientCore_exitLib)
                  01013f0c    0000005c                    : mqtt_net_func.oem4 (.text:MQTTNet_tcpListen)
                  01013f68    0000005c     simplelink.a : spawn.obj (.text:_SlInternalSpawn)
                  01013fc4    0000005c     freertos_builds_CC3220SF_LAUNCHXL_release_ccs.lib : memory.obj (.text:calloc)
                  01014020    0000005c     rtsv7M4_T_le_eabi.lib : s_frexp.c.obj (.text:frexp)
                  0101407c    0000005c     freertos_builds_CC3220SF_LAUNCHXL_release_ccs.lib : tasks.obj (.text:prvIdleTask)
                  010140d8    0000005c                                                       : pthread.obj (.text:pthread_exit)
                  01014134    0000005c                                                       : queue.obj (.text:vQueueWaitForMessageRestricted)
                  01014190    0000005c                                                       : tasks.obj (.text:vTaskDelay)
                  010141ec    00000058     drivers_cc32xx.aem4 : GPIOCC32XX.oem4 (.text:GPIO_write)
                  01014244    00000058     driverlib.a : interrupt.obj (.text:IntPendClear)
                  0101429c    00000058                 : prcm.obj (.text:PRCMPeripheralReset)
                  010142f4    00000058     drivers_cc32xx.aem4 : PowerCC32XX.oem4 (.text:Power_releaseDependency)
                  0101434c    00000058     slnetsock_release.a : slnetsock.oem4 (.text:SlNetSock_recv)
                  010143a4    00000058                         : slnetsock.oem4 (.text:SlNetSock_send)
                  010143fc    00000058     simplelink.a : sl_socket.obj (.text:_SlDrvClearCtrlSocket)
                  01014454    00000058     mqtt_release.a : client_core.oem4 (.text:clRecv)
                  010144ac    00000058     debug.obj (.text:fatalError)
                  01014504    00000058     mqtt_release.a : client_core.oem4 (.text:singleCtxKaSequence)
                  0101455c    00000058     simplelink.a : sl_socket.obj (.text:sl_Listen)
                  010145b4    00000058                  : eventreg.obj (.text:sl_RegisterLibsEventHandler)
                  0101460c    00000058     freertos_builds_CC3220SF_LAUNCHXL_release_ccs.lib : port.obj (.text:vPortSetupTimerInterrupt)
                  01014664    00000058                                                       : queue.obj (.text:xQueueTakeMutexRecursive)
                  010146bc    00000056     mqtt_release.a : mqtt_common.oem4 (.text:MQTT_packetPubAppendData)
                  01014712    00000056     freertos_builds_CC3220SF_LAUNCHXL_release_ccs.lib : SemaphoreP_freertos.obj (.text:SemaphoreP_create)
                  01014768    00000056     drivers_cc32xx.aem4 : TimerCC32XX.oem4 (.text:TimerCC32XX_stop)
                  010147be    00000056     rtsv7M4_T_le_eabi.lib : _printfi.c.obj (.text:_pconv_f)
                  01014814    00000056     mqtt_release.a : client_core.oem4 (.text:procAckMsgRx)
                  0101486a    00000002     --HOLE-- [fill = 0]
                  0101486c    00000054     freertos_builds_CC3220SF_LAUNCHXL_release_ccs.lib : ClockP_freertos.obj (.text:ClockP_delete)
                  010148c0    00000054     driverlib.a : interrupt.obj (.text:IntPrioritySet)
                  01014914    00000054     mqtt_release.a : client_core.oem4 (.text:MQTTClientCore_deleteCtx)
                  01014968    00000054                    : client_core.oem4 (.text:MQTTClientCore_sendDisconn)
                  010149bc    00000054     simplelink.a : driver.obj (.text:_SlDrvRxIrqHandler)
                  01014a10    00000054     rtsv7M4_T_le_eabi.lib : _ltoa.c.obj (.text:__TI_ltoa)
                  01014a64    00000054     mqtt_release.a : client_core.oem4 (.text:grpNetSetupCreate)
                  01014ab8    00000054     freertos_builds_CC3220SF_LAUNCHXL_release_ccs.lib : timers.obj (.text:xTimerCreateTimerTask)
                  01014b0c    00000052     drivers_cc32xx.aem4 : PowerCC32XX_asm.oem4 (.text:PowerCC32XX_resumeLPDS)
                  01014b5e    00000052     rtsv7M4_T_le_eabi.lib : _printfi.c.obj (.text:_ecpy)
                  01014bb0    00000052     drivers_cc32xx.aem4 : TimerCC32XX.oem4 (.text:initHw)
                  01014c02    00000002     --HOLE-- [fill = 0]
                  01014c04    00000050     simplelink.a : cc_pal.obj (.text:NwpRegisterInterruptHandler)
                  01014c54    00000050     slnetsock_release.a : slnetif.oem4 (.text:SlNetIf_queryIf)
                  01014ca4    00000050     drivers_cc32xx.aem4 : TimerCC32XX.oem4 (.text:TimerCC32XX_allocateTimerResource)
                  01014cf4    00000050                         : UARTCC32XXDMA.oem4 (.text:UARTCC32XXDMA_writePolling)
                  01014d44    00000050     simplelink.a : sl_socket.obj (.text:_SlDrvCloseCtrlSocket)
                  01014d94    00000050                  : driver.obj (.text:_SlDrvCmdSend_noWait)
                  01014de4    00000050                  : driver.obj (.text:_SlDrvUpdateApiInProgress)
                  01014e34    00000050                  : spawn.obj (.text:_SlInternalSpawnTaskEntry)
                  01014e84    00000050                  : eventreg.obj (.text:_SlNetAppHttpServerHdlr)
                  01014ed4    00000050                  : eventreg.obj (.text:_SlNetAppRequestHdlr)
                  01014f24    00000050     mqtt_release.a : client_core.oem4 (.text:_procAckMsgRx)
                  01014f74    00000050     freertos_builds_CC3220SF_LAUNCHXL_release_ccs.lib : mqueue.obj (.text:mq_close)
                  01014fc4    00000050                                                       : port.obj (.text:pxPortInitialiseStack)
                  01015014    00000050                                                       : semaphore.obj (.text:sem_init)
                  01015064    00000050     timer50.obj (.text:start50)
                  010150b4    00000050     freertos_builds_CC3220SF_LAUNCHXL_release_ccs.lib : queue.obj (.text:xQueueGiveMutexRecursive)
                  01015104    0000004e     mqtt_release.a : client_core.oem4 (.text:MQTTClientCore_registerWillInfo)
                  01015152    0000004e     drivers_cc32xx.aem4 : UARTCC32XXDMA.oem4 (.text:writeCancel)
                  010151a0    0000004c                         : GPIOCC32XX.oem4 (.text:GPIO_disableInt)
                  010151ec    0000004c                         : GPIOCC32XX.oem4 (.text:GPIO_enableInt)
                  01015238    0000004c     simplelink.a : cc_pal.obj (.text:NwpWaitForShutDownInd)
                  01015284    0000004c     drivers_cc32xx.aem4 : PowerCC32XX.oem4 (.text:PowerCC32XX_parkPin)
                  010152d0    0000004c     slnetifwifi.a : slnetifwifi.obj (.text:SlNetIfWifi_getConnectionStatus)
                  0101531c    0000004c     slnetsock_release.a : slnetsock.oem4 (.text:SlNetSock_freeVirtualSocket)
                  01015368    0000004c                         : slnetsock.oem4 (.text:SlNetSock_startSec)
                  010153b4    0000004c     mqtt_release.a : client_core.oem4 (.text:ack1WlMqpDispatch)
                  01015400    0000004c     rtsv7M4_T_le_eabi.lib : atoi.c.obj (.text:atoi)
                  0101544c    0000004c     drivers_cc32xx.aem4 : PWMTimerCC32XX.oem4 (.text:getDutyCounts)
                  01015498    0000004c                         : PWMTimerCC32XX.oem4 (.text:getPeriodCounts)
                  010154e4    0000004c     freertos_builds_CC3220SF_LAUNCHXL_release_ccs.lib : startup_cc32xx_ccs.obj (.text:initVectors)
                  01015530    0000004c     mqtt_release.a : client_core.oem4 (.text:loopbTrigger)
                  0101557c    0000004c     freertos_builds_CC3220SF_LAUNCHXL_release_ccs.lib : timers.obj (.text:prvCheckForValidListAndQueue)
                  010155c8    0000004c                                                       : tasks.obj (.text:prvCheckTasksWaitingTermination)
                  01015614    0000004c                                                       : timers.obj (.text:prvProcessExpiredTimer)
                  01015660    0000004c     drivers_cc32xx.aem4 : PowerCC32XX.oem4 (.text:restorePeriphClocks)
                  010156ac    0000004c     mqtt_release.a : client_core.oem4 (.text:singleCtxRxPrep)
                  010156f8    0000004c     simplelink.a : wlan.obj (.text:sl_WlanSetMode)
                  01015744    0000004c     rtsv7M4_T_le_eabi.lib : snprintf.c.obj (.text:snprintf)
                  01015790    0000004c     freertos_builds_CC3220SF_LAUNCHXL_release_ccs.lib : port.obj (.text:vPortEnterCritical)
                  010157dc    0000004c                                                       : tasks.obj (.text:vTaskSetThreadLocalStoragePointer)
                  01015828    0000004b     publish_task.obj (.text:ToggleLED1CB)
                  01015873    00000001     --HOLE-- [fill = 0]
                  01015874    0000004b     publish_task.obj (.text:ToggleLED2CB)
                  010158bf    00000001     --HOLE-- [fill = 0]
                  010158c0    0000004b     publish_task.obj (.text:ToggleLED3CB)
                  0101590b    00000001     --HOLE-- [fill = 0]
                  0101590c    0000004a     mqtt_release.a : client_core.oem4 (.text:clCtxRecv)
                  01015956    0000004a     drivers_cc32xx.aem4 : UARTCC32XXDMA.oem4 (.text:readCancel)
                  010159a0    00000048     driverlib.a : flash.obj (.text:FlashDisable)
                  010159e8    00000048     freertos_builds_CC3220SF_LAUNCHXL_release_ccs.lib : HwiPCC32XX_freertos.obj (.text:HwiP_dispatch)
                  01015a30    00000048     mqtt_release.a : mqttclient.oem4 (.text:MQTTClient_set)
                  01015a78    00000048     driverlib.a : prcm.obj (.text:PRCMLPDSEnter)
                  01015ac0    00000048                 : prcm.obj (.text:PRCMPeripheralClkEnable)
                  01015b08    00000048     drivers_cc32xx.aem4 : PowerCC32XX.oem4 (.text:Power_releaseConstraint)
                  01015b50    00000048     slnetsock_release.a : slnetsock.oem4 (.text:SlNetSock_connect)
                  01015b98    00000048                         : slnetsock.oem4 (.text:SlNetSock_init)
                  01015be0    00000048                         : slnetsock.oem4 (.text:SlNetSock_setOpt)
                  01015c28    00000048     simplelink.a : eventreg.obj (.text:_SlDeviceFatalErrorEvtHdlr)
                  01015c70    00000048                  : eventreg.obj (.text:_SlDeviceGeneralEvtHdlr)
                  01015cb8    00000048                  : driver.obj (.text:_SlDrvBasicCmd)
                  01015d00    00000048                  : driver.obj (.text:_SlDrvSyncObjWaitTimeout)
                  01015d48    00000048                  : eventreg.obj (.text:_SlNetAppEvtHdlr)
                  01015d90    00000048                  : eventreg.obj (.text:_SlNetAppRequestMemFree)
                  01015dd8    00000048                  : eventreg.obj (.text:_SlSockEvtHdlr)
                  01015e20    00000048                  : eventreg.obj (.text:_SlWlanEvtHdlr)
                  01015e68    00000048     mqtt_release.a : client_core.oem4 (.text:bufUTF8WrTry)
                  01015eb0    00000048                    : client_core.oem4 (.text:clCtxSetup)
                  01015ef8    00000048     freertos_builds_CC3220SF_LAUNCHXL_release_ccs.lib : timers.obj (.text:prvSwitchTimerLists)
                  01015f40    00000048     rtsv7M4_T_le_eabi.lib : fd_toi_t2.asm.obj (.text)
                  01015f88    00000048     freertos_builds_CC3220SF_LAUNCHXL_release_ccs.lib : sleep.obj (.text:sleep)
                  01015fd0    00000048                                                       : list.obj (.text:uxListRemove)
                  01016018    00000048     mqtt_release.a : client_core.oem4 (.text:wrConnectVh)
                  01016060    00000046     drivers_cc32xx.aem4 : TimerCC32XX.oem4 (.text:getPrescaler)
                  010160a6    00000046     freertos_builds_CC3220SF_LAUNCHXL_release_ccs.lib : queue.obj (.text:xQueueCreateCountingSemaphore)
                  010160ec    00000044     drivers_cc32xx.aem4 : ADC.oem4 (.text:ADC_init)
                  01016130    00000044     mqtt_release.a : client_core.oem4 (.text:MQTTClientCore_run)
                  01016174    00000044                    : mqtt_net_func.oem4 (.text:MQTTNet_tcpRecv)
                  010161b8    00000044                    : mqttclient.oem4 (.text:MqttClientCtxDelete)
                  010161fc    00000044     driverlib.a : prcm.obj (.text:PRCMLPDSRestoreInfoSet)
                  01016240    00000044     drivers_cc32xx.aem4 : PWM.oem4 (.text:PWM_init)
                  01016284    00000044                         : PowerCC32XX_asm.oem4 (.text:PowerCC32XX_enterLPDS)
                  010162c8    00000044                         : SPI.oem4 (.text:SPI_init)
                  0101630c    00000044     slnetsock_release.a : slnetutils.oem4 (.text:SlNetUtil_strTok)
                  01016350    00000044     drivers_cc32xx.aem4 : Timer.oem4 (.text:Timer_init)
                  01016394    00000044                         : UART.oem4 (.text:UART_init)
                  010163d8    00000044     rtsv7M4_T_le_eabi.lib : autoinit.c.obj (.text:__TI_auto_init_nobinit_nopinit:__TI_auto_init_nobinit_nopinit)
                  0101641c    00000044     freertos_builds_CC3220SF_LAUNCHXL_release_ccs.lib : queue.obj (.text:prvInitialiseNewQueue)
                  01016460    00000044     rtsv7M4_T_le_eabi.lib : fd_tou_t2.asm.obj (.text)
                  010164a4    00000044     ti_net_config.obj (.text:ti_net_SlNet_initConfig)
                  010164e8    00000044     freertos_builds_CC3220SF_LAUNCHXL_release_ccs.lib : tasks.obj (.text:vTaskStepTick)
                  0101652c    00000044     mqtt_release.a : client_core.oem4 (.text:vhMsgSend)
                  01016570    00000043     publish_task.obj (.text:BrokerCB)
                  010165b3    00000001     --HOLE-- [fill = 0]
                  010165b4    00000042     mqtt_release.a : mqtt_common.oem4 (.text:MQTT_packetBufRdRemlen)
                  010165f6    00000042     freertos_builds_CC3220SF_LAUNCHXL_release_ccs.lib : memory.obj (.text:malloc)
                  01016638    00000040     simplelink.a : sl_socket.obj (.text:CountSetBits)
                  01016678    00000040     network_if.obj (.text:InitializeAppVariables)
                  010166b8    00000040     mqtt_release.a : client_core.oem4 (.text:MQTTClientCore_registerCtxInfo)
                  010166f8    00000040     drivers_cc32xx.aem4 : PWM.oem4 (.text:PWM_open)
                  01016738    00000040     driverlib.a : pin.obj (.text:PinModeSet)
                  01016778    00000040     drivers_cc32xx.aem4 : SPI.oem4 (.text:SPI_open)
                  010167b8    00000040     network_if.obj (.text:SimpleLinkGeneralEventHandler)
                  010167f8    00000040     slnetsock_release.a : slnetsock.oem4 (.text:SlNetSock_bind)
                  01016838    00000040     drivers_cc32xx.aem4 : Timer.oem4 (.text:Timer_open)
                  01016878    00000040                         : UART.oem4 (.text:UART_open)
                  010168b8    00000040                         : UDMACC32XX.oem4 (.text:UDMACC32XX_init)
                  010168f8    00000040     simplelink.a : driver.obj (.text:_SlDrvGlobalObjUnLock)
                  01016938    00000040                  : driver.obj (.text:_SlFindAndReleasePendingCmd)
                  01016978    00000040                  : spawn.obj (.text:_SlInternalSpawnWaitForEvent)
                  010169b8    00000040                  : eventreg.obj (.text:_SlIsEventRegistered)
                  010169f8    00000040     freertos_builds_CC3220SF_LAUNCHXL_release_ccs.lib : aeabi_portable.obj (.text:__aeabi_errno_addr)
                  01016a38    00000040     mqtt_release.a : mqttclient.oem4 (.text:_sl_ExtLib_ServerAckLockedWait)
                  01016a78    00000040     mqtt_if.obj (.text:jsmn_alloc_token)
                  01016ab8    00000040     mqtt_release.a : client_core.oem4 (.text:netConnect)
                  01016af8    00000040     rtsv7M4_T_le_eabi.lib : vsnprintf.c.obj (.text:vsnprintf)
                  01016b38    0000003e     freertos_builds_CC3220SF_LAUNCHXL_release_ccs.lib : ClockP_freertos.obj (.text:ClockP_callbackFxn)
                  01016b76    0000003e     mqtt_release.a : mqtt_common.oem4 (.text:MQTT_packetAckWlistRemove)
                  01016bb4    0000003e                    : mqtt_common.oem4 (.text:MQTT_packetBufTailWrRemlen)
                  01016bf2    0000003e     slnetsock_release.a : slnetsock.oem4 (.text:SlNetSock_close)
                  01016c30    0000003e     simplelink.a : sl_socket.obj (.text:_SlSocketBuildAddress)
                  01016c6e    0000003e     rtsv7M4_T_le_eabi.lib : _printfi.c.obj (.text:_fcpy)
                  01016cac    0000003e     mqtt_release.a : client_core.oem4 (.text:clCtxSeg1Send)
                  01016cea    0000003e                    : client_core.oem4 (.text:procPingrspRx)
                  01016d28    0000003e     freertos_builds_CC3220SF_LAUNCHXL_release_ccs.lib : pthread.obj (.text:pthread_setcancelstate)
                  01016d66    0000003e                                                       : semaphore.obj (.text:sem_post)
                  01016da4    0000003c     mqtt_release.a : client_core.oem4 (.text:MQTTClientCore_registerBuffers)
                  01016de0    0000003c                    : mqttclient.oem4 (.text:MQTTClient_disconnect)
                  01016e1c    0000003c                    : mqtt_common.oem4 (.text:MQTT_qos2PubCqCheck)
                  01016e58    0000003c     network_if.obj (.text:Network_IF_DisconnectFromAP)
                  01016e94    0000003c     driverlib.a : prcm.obj (.text:PRCMSlowClkCtrFastGet)
                  01016ed0    0000003c     drivers_cc32xx.aem4 : PowerCC32XX.oem4 (.text:Power_setConstraint)
                  01016f0c    0000003c     simplelink.a : netapp.obj (.text:_SlNetAppCopyPingResultsToReport)
                  01016f48    0000003c     mqtt_release.a : mqttclient.oem4 (.text:processDisconnCB)
                  01016f84    0000003c     freertos_builds_CC3220SF_LAUNCHXL_release_ccs.lib : queue.obj (.text:prvCopyDataFromQueue)
                  01016fc0    0000003c                                                       : tasks.obj (.text:pvTaskGetThreadLocalStoragePointer)
                  01016ffc    0000003c     mqtt_release.a : client_core.oem4 (.text:singleCtxRxPrepLocked)
                  01017038    0000003c                    : client_core.oem4 (.text:tailIncorpMsgID)
                  01017074    0000003c     simplelink.a : sl_socket.obj (.text:to_mSec)
                  010170b0    0000003c     freertos_builds_CC3220SF_LAUNCHXL_release_ccs.lib : sleep.obj (.text:usleep)
                  010170ec    0000003c                                                       : list.obj (.text:vListInsertEnd)
                  01017128    0000003c                                                       : timers.obj (.text:xTimerCreate)
                  01017164    0000003a     slnetifwifi.a : slnetifwifi.obj (.text:SlNetIfWifi_getIPAddr)
                  0101719e    0000003a     drivers_cc32xx.aem4 : TimerCC32XX.oem4 (.text:TimerCC32XX_close)
                  010171d8    0000003a                         : PWMTimerCC32XX.oem4 (.text:getPowerMgrId)
                  01017212    0000003a     mqtt_release.a : mqtt_common.oem4 (.text:mqpProcVhMsgIdRx)
                  0101724c    00000038                    : client_core.oem4 (.text:MQTTClientCore_registerNetSvc)
                  01017284    00000038                    : mqtt_common.oem4 (.text:MQTT_qos2PubCqLogup)
                  010172bc    00000038     driverlib.a : prcm.obj (.text:PRCMLPDSEnterKeepDebugIf)
                  010172f4    00000038     slnetifwifi.a : slnetifwifi.obj (.text:SlNetIfWifi_recvFrom)
                  0101732c    00000038                   : slnetifwifi.obj (.text:SlNetIfWifi_sendTo)
                  01017364    00000038                   : slnetifwifi.obj (.text:SlNetIfWifi_socket)
                  0101739c    00000038     slnetsock_release.a : slnetif.oem4 (.text:SlNetIf_configCheck)
                  010173d4    00000038                         : slnetsock.oem4 (.text:SlNetSock_listen)
                  0101740c    00000038                         : slnetutils.oem4 (.text:SlNetUtil_htonl)
                  01017444    00000038     drivers_cc32xx.aem4 : TimerCC32XX.oem4 (.text:TimerCC32XX_hwiIntFunction)
                  0101747c    00000038     mqtt_release.a : client_core.oem4 (.text:mqpAllocAtomic)
                  010174b4    00000038     mqtt_if.obj (.text:myNodeAlloc)
                  010174ec    00000038     mqtt_release.a : client_core.oem4 (.text:netRecv)
                  01017524    00000038     drivers_cc32xx.aem4 : PowerCC32XX.oem4 (.text:notify)
                  0101755c    00000038     freertos_builds_CC3220SF_LAUNCHXL_release_ccs.lib : timers.obj (.text:prvGetNextExpireTime)
                  01017594    00000038                                                       : port.obj (.text:prvTaskExitError)
                  010175cc    00000038     drivers_cc32xx.aem4 : UARTCC32XXDMA.oem4 (.text:startTxFifoEmptyClk)
                  01017604    00000037     network_if.obj (.text:Network_IF_DeInitDriver)
                  0101763b    00000001     --HOLE-- [fill = 0]
                  0101763c    00000036     mqtt_release.a : mqtt_common.oem4 (.text:MQTT_packetPrepFh)
                  01017672    00000036     slnetifwifi.a : slnetifwifi.obj (.text:SlNetIfWifi_getHostByName)
                  010176a8    00000036                   : slnetifwifi.obj (.text:SlNetIfWifi_select)
                  010176de    00000036     driverlib.a : timer.obj (.text:TimerControlStall)
                  01017714    00000036     mqtt_release.a : client_core.oem4 (.text:_procPubRecRx)
                  0101774a    00000036     freertos_builds_CC3220SF_LAUNCHXL_release_ccs.lib : timers.obj (.text:prvReloadTimer)
                  01017780    00000036     rtsv7M4_T_le_eabi.lib : strncpy.c.obj (.text:strncpy)
                  010177b6    00000002     --HOLE-- [fill = 0]
                  010177b8    00000034     driverlib.a : pin.obj (.text:PinModeGet)
                  010177ec    00000034     drivers_cc32xx.aem4 : PowerCC32XX.oem4 (.text:PowerCC32XX_restoreParkState)
                  01017820    00000034     freertos_builds_CC3220SF_LAUNCHXL_release_ccs.lib : SemaphoreP_freertos.obj (.text:SemaphoreP_pend)
                  01017854    00000034     slnetsock_release.a : slnetutils.oem4 (.text:SlNetUtil_htons)
                  01017888    00000034     drivers_cc32xx.aem4 : TimerCC32XX.oem4 (.text:TimerCC32XX_freeTimerResource)
                  010178bc    00000034                         : UDMACC32XX.oem4 (.text:UDMACC32XX_close)
                  010178f0    00000034     freertos_builds_CC3220SF_LAUNCHXL_release_ccs.lib : mqueue.obj (.text:findInList)
                  01017924    00000034     drivers_cc32xx.aem4 : TimerCC32XX.oem4 (.text:getPowerMgrId)
                  01017958    00000034     mqtt_release.a : client_core.oem4 (.text:groupCtxsKaSequence)
                  0101798c    00000034                    : client_core.oem4 (.text:mqpFreeLocked)
                  010179c0    00000034                    : client_core.oem4 (.text:procLoopbackRecv)
                  010179f4    00000034     freertos_builds_CC3220SF_LAUNCHXL_release_ccs.lib : timers.obj (.text:prvSampleTimeNow)
                  01017a28    00000034                                                       : tasks.obj (.text:vTaskPlaceOnEventList)
                  01017a5c    00000034     drivers_cc32xx.aem4 : UARTCC32XXDMA.oem4 (.text:writeFinishedDoCallback)
                  01017a90    00000032     mqtt_release.a : mqtt_common.oem4 (.text:MQTT_clCtxTimeoutInsert)
                  01017ac2    00000032                    : client_core.oem4 (.text:connectedStateRx)
                  01017af4    00000030     drivers_cc32xx.aem4 : PowerCC32XX.oem4 (.text:PowerCC32XX_restoreParkedPin)
                  01017b24    00000030     simplelink.a : fs.obj (.text:_SlFsStrlen)
                  01017b54    00000030     rtsv7M4_T_le_eabi.lib : snprintf.c.obj (.text:_outs)
                  01017b84    00000030                           : vsnprintf.c.obj (.text:_outs)
                  01017bb4    00000030     mqtt_release.a : client_core.oem4 (.text:ack2MsgIdUnlog)
                  01017be4    00000030                    : client_core.oem4 (.text:clientDescInit)
                  01017c14    00000030                    : mqttclient.oem4 (.text:getAvailableClictxMem)
                  01017c44    00000030     freertos_builds_CC3220SF_LAUNCHXL_release_ccs.lib : tasks.obj (.text:prvResetNextTaskUnblockTime)
                  01017c74    00000030                                                       : list.obj (.text:vListInitialise)
                  01017ca4    00000030                                                       : port.obj (.text:vPortExitCritical)
                  01017cd4    00000030                                                       : tasks.obj (.text:xTaskGetSchedulerState)
                  01017d04    0000002e     simplelink.a : cc_pal.obj (.text:Mutex_create_handle)
                  01017d32    0000002e     freertos_builds_CC3220SF_LAUNCHXL_release_ccs.lib : timers.obj (.text:pvTimerGetTimerID)
                  01017d60    0000002e     rtsv7M4_T_le_eabi.lib : i_tofd_t2.asm.obj (.text)
                  01017d8e    00000002     --HOLE-- [fill = 0]
                  01017d90    0000002c     drivers_cc32xx.aem4 : GPIOCC32XX.oem4 (.text:GPIO_clearInt)
                  01017dbc    0000002c     freertos_builds_CC3220SF_LAUNCHXL_release_ccs.lib : HwiPCC32XX_freertos.obj (.text:HwiP_disable)
                  01017de8    0000002c     simplelink.a : cc_pal.obj (.text:NwpPowerOn)
                  01017e14    0000002c     driverlib.a : prcm.obj (.text:PRCMLPDSIntervalSet)
                  01017e40    0000002c     drivers_cc32xx.aem4 : PowerCC32XX.oem4 (.text:PowerCC32XX_getParkState)
                  01017e6c    0000002c     freertos_builds_CC3220SF_LAUNCHXL_release_ccs.lib : SemaphoreP_freertos.obj (.text:SemaphoreP_createBinary)
                  01017e98    0000002c     slnetifwifi.a : slnetifwifi.obj (.text:SlNetIfWifi_recv)
                  01017ec4    0000002c                   : slnetifwifi.obj (.text:SlNetIfWifi_send)
                  01017ef0    0000002c     simplelink.a : driver.obj (.text:_SlDrvSyncObjWaitForever)
                  01017f1c    0000002c     mqtt_release.a : client_core.oem4 (.text:doNetCloseRx)
                  01017f48    0000002c     mqtt_if.obj (.text:jsmn_fill_token)
                  01017f74    0000002c     freertos_builds_CC3220SF_LAUNCHXL_release_ccs.lib : pthread_mutex.obj (.text:pthread_mutexattr_settype)
                  01017fa0    0000002c     mqtt_release.a : client_core.oem4 (.text:singleCtxAdjWaitSecsGet)
                  01017fcc    0000002c     freertos_builds_CC3220SF_LAUNCHXL_release_ccs.lib : tasks.obj (.text:vTaskSetApplicationTaskTag)
                  01017ff8    0000002c                                                       : port.obj (.text:xPortSysTickHandler)
                  01018024    0000002c                                                       : queue.obj (.text:xQueueCreateMutex)
                  01018050    0000002a     slnetsock_release.a : slnetutils.oem4 (.text:SlNetUtil_inetPton)
                  0101807a    0000002a     driverlib.a : timer.obj (.text:TimerLoadSet)
                  010180a4    0000002a                 : timer.obj (.text:TimerPrescaleSet)
                  010180ce    0000002a     drivers_cc32xx.aem4 : UARTCC32XXDMA.oem4 (.text:UARTCC32XXDMA_readCancel)
                  010180f8    0000002a                         : UARTCC32XXDMA.oem4 (.text:UARTCC32XXDMA_writeCancel)
                  01018122    0000002a     mqtt_release.a : client_core.oem4 (.text:ack2MsgIdDispatch)
                  0101814c    0000002a                    : client_core.oem4 (.text:pingReqSend)
                  01018176    0000002a     freertos_builds_CC3220SF_LAUNCHXL_release_ccs.lib : queue.obj (.text:prvInitialiseMutex)
                  010181a0    0000002a     mqtt_release.a : client_core.oem4 (.text:txPartSetup)
                  010181ca    0000002a     freertos_builds_CC3220SF_LAUNCHXL_release_ccs.lib : queue.obj (.text:uxQueueMessagesWaiting)
                  010181f4    00000028                                                       : HwiPCC32XX_freertos.obj (.text:HwiP_inISR)
                  0101821c    00000028     mqtt_release.a : mqtt_common.oem4 (.text:MQTT_packetBufWrUtf8)
                  01018244    00000028     driverlib.a : prcm.obj (.text:PRCMLPDSWakeupSourceEnable)
                  0101826c    00000028                 : prcm.obj (.text:PRCMPeripheralClkDisable)
                  01018294    00000028     drivers_cc32xx.aem4 : PowerCC32XX.oem4 (.text:Power_registerNotify)
                  010182bc    00000028     slnetsock_release.a : slnetif.oem4 (.text:SlNetIf_getIfByID)
                  010182e4    00000028                         : slnetsock.oem4 (.text:SlNetSock_sdsIsSet)
                  0101830c    00000028                         : slnetsock.oem4 (.text:SlNetSock_sdsSet)
                  01018334    00000028                         : slnetsock.oem4 (.text:SlNetSock_secAttribDelete)
                  0101835c    00000028     simplelink.a : driver.obj (.text:_SlDrvProtectionObjLockWaitForever)
                  01018384    00000028                  : driver.obj (.text:_SlDrvProtectionObjUnLock)
                  010183ac    00000028                  : flowcont.obj (.text:_SlFlowContSet)
                  010183d4    00000028     mqtt_release.a : client_core.oem4 (.text:_procPubRelRx)
                  010183fc    00000028                    : mqttclient.oem4 (.text:_sl_ExtLib_AwaitedAckLockedSet)
                  01018424    00000028     chain_queue.obj (.text:add_to_chain_queue)
                  0101844c    00000028     rtsv7M4_T_le_eabi.lib : memmov.c.obj (.text:memmove)
                  01018474    00000028     freertos_builds_CC3220SF_LAUNCHXL_release_ccs.lib : pthread.obj (.text:pthread_attr_setschedparam)
                  0101849c    00000028                                                       : semaphore.obj (.text:sem_trywait)
                  010184c4    00000028                                                       : tasks.obj (.text:xTaskGetApplicationTaskTag)
                  010184ec    00000026     drivers_cc32xx.aem4 : List.oem4 (.text:List_put)
                  01018512    00000026                         : List.oem4 (.text:List_remove)
                  01018538    00000026     mqtt_release.a : mqtt_common.oem4 (.text:MQTT_clCtxRemove)
                  0101855e    00000026     freertos_builds_CC3220SF_LAUNCHXL_release_ccs.lib : pthread.obj (.text:_pthread_cleanup_pop)
                  01018584    00000026                                                       : queue.obj (.text:prvIsQueueFull)
                  010185aa    00000002     --HOLE-- [fill = 0]
                  010185ac    00000024     driverlib.a : interrupt.obj (.text:IntUnregister)
                  010185d0    00000024     drivers_cc32xx.aem4 : PowerCC32XX.oem4 (.text:PowerCC32XX_reset)
                  010185f4    00000024     slnetsock_release.a : slnetif.oem4 (.text:SlNetIf_getConnectionStatus)
                  01018618    00000024     simplelink.a : driver.obj (.text:_SlDrvIsApiInProgress)
                  0101863c    00000024                  : driver.obj (.text:_SlDrvStartMeasureTimeout)
                  01018660    00000024     rtsv7M4_T_le_eabi.lib : boot_cortex_m.c.obj (.text:_c_int00_noargs:_c_int00_noargs)
                  01018684    00000024     mqtt_release.a : client_core.oem4 (.text:conn2usedCtxs)
                  010186a8    00000024     chain_queue.obj (.text:create_chain_queue)
                  010186cc    00000024     control_queue.obj (.text:create_control_queue)
                  010186f0    00000024     publish_queue.obj (.text:create_publish_queue)
                  01018714    00000024     rtsv7M4_T_le_eabi.lib : memcmp.c.obj (.text:memcmp)
                  01018738    00000024     freertos_builds_CC3220SF_LAUNCHXL_release_ccs.lib : queue.obj (.text:prvGetDisinheritPriorityAfterTimeout)
                  0101875c    00000024     mqtt_release.a : client_core.oem4 (.text:recvHvecLoad)
                  01018780    00000024     freertos_builds_CC3220SF_LAUNCHXL_release_ccs.lib : semaphore.obj (.text:sem_getvalue)
                  010187a4    00000024     simplelink.a : wlan.obj (.text:sl_WlanDisconnect)
                  010187c8    00000024     freertos_builds_CC3220SF_LAUNCHXL_release_ccs.lib : queue.obj (.text:vQueueDelete)
                  010187ec    00000024                                                       : tasks.obj (.text:vTaskInternalSetTimeOutState)
                  01018810    00000022     mqtt_release.a : mqtt_common.oem4 (.text:MQTT_packetProcMsgIdAckRx)
                  01018832    00000022     freertos_builds_CC3220SF_LAUNCHXL_release_ccs.lib : SemaphoreP_freertos.obj (.text:SemaphoreP_post)
                  01018854    00000022     debug.obj (.text:dbgEvent)
                  01018876    00000022     freertos_builds_CC3220SF_LAUNCHXL_release_ccs.lib : pthread.obj (.text:pthread_attr_setdetachstate)
                  01018898    00000020     drivers_cc32xx.aem4 : ADCCC32XX.oem4 (.text:ADCCC32XX_convertToMicroVolts)
                  010188b8    00000020     freertos_builds_CC3220SF_LAUNCHXL_release_ccs.lib : ClockP_freertos.obj (.text:ClockP_getCpuFreq)
                  010188d8    00000020                                                       : HwiPCC32XX_freertos.obj (.text:HwiP_restore)
                  010188f8    00000020     driverlib.a : interrupt.obj (.text:IntRegister)
                  01018918    00000020     mqtt_release.a : mqtt_common.oem4 (.text:MQTT_qos2PubCqReset)
                  01018938    00000020     drivers_cc32xx.aem4 : PowerCC32XX.oem4 (.text:Power_unregisterNotify)
                  01018958    00000020     slnetifwifi.a : slnetifwifi.obj (.text:SlNetIfWifi_accept)
                  01018978    00000020     parsing_queue.obj (.text:create_parsing_queue)
                  01018998    00000020     sensor_thread_queue.obj (.text:create_sensor_queue)
                  010189b8    00000020     drivers_cc32xx.aem4 : SPICC32XXDMA.oem4 (.text:getPowerMgrId)
                  010189d8    00000020                         : UARTCC32XXDMA.oem4 (.text:getPowerMgrId)
                  010189f8    00000020     freertos_builds_CC3220SF_LAUNCHXL_release_ccs.lib : queue.obj (.text:prvIsQueueEmpty)
                  01018a18    00000020     rtsv7M4_T_le_eabi.lib : u_tofd_t2.asm.obj (.text)
                  01018a38    00000020     freertos_builds_CC3220SF_LAUNCHXL_release_ccs.lib : semaphore.obj (.text:semaphorePend)
                  01018a58    00000020     mqtt_release.a : client_core.oem4 (.text:session311fix)
                  01018a78    00000020     publish_task.obj (.text:topic_subscribe_callback)
                  01018a98    0000001e     freertos_builds_CC3220SF_LAUNCHXL_release_ccs.lib : ClockP_freertos.obj (.text:ClockP_start)
                  01018ab6    0000001e                                                       : HwiPCC32XX_freertos.obj (.text:HwiP_Params_init)
                  01018ad4    0000001e     mqtt_release.a : client_core.oem4 (.text:MQTTClientCore_alloc)
                  01018af2    0000001e                    : client_core.oem4 (.text:MQTTClientCore_ctxRun)
                  01018b10    0000001e     slnetifwifi.a : slnetifwifi.obj (.text:SlNetIfWifi_bind)
                  01018b2e    0000001e                   : slnetifwifi.obj (.text:SlNetIfWifi_connect)
                  01018b4c    0000001e     driverlib.a : timer.obj (.text:TimerDisable)
                  01018b6a    0000001e                 : timer.obj (.text:TimerEnable)
                  01018b88    0000001e     simplelink.a : driver.obj (.text:_SlDrvObjLockWaitForever)
                  01018ba6    0000001e                  : driver.obj (.text:_SlDrvObjUnLock)
                  01018bc4    0000001e                  : driver.obj (.text:_SlDrvSyncObjSignal)
                  01018be2    0000001e     freertos_builds_CC3220SF_LAUNCHXL_release_ccs.lib : pthread.obj (.text:_pthread_runStub)
                  01018c00    0000001e     mqtt_if.obj (.text:jsmn_init)
                  01018c1e    0000001e     drivers_cc32xx.aem4 : UDMACC32XX.oem4 (.text:postNotifyFxn)
                  01018c3c    0000001e     mqtt_release.a : client_core.oem4 (.text:procNetDataRecv)
                  01018c5a    0000001e                    : client_core.oem4 (.text:sessionDelete)
                  01018c78    0000001c     freertos_builds_CC3220SF_LAUNCHXL_release_ccs.lib : ClockP_freertos.obj (.text:ClockP_Params_init)
                  01018c94    0000001c     uart_term.obj (.text:Message)
                  01018cb0    0000001c     driverlib.a : pin.obj (.text:PinToPadGet)
                  01018ccc    0000001c     simplelink.a : device.obj (.text:_SlDeviceGetStartResponseConvert)
                  01018ce8    0000001c                  : spawn.obj (.text:_SlInternalIsItSpawnThread)
                  01018d04    0000001c     parsing_queue.obj (.text:addSubscribe)
                  01018d20    0000001c     publish_queue.obj (.text:add_to_publish_queue)
                  01018d3c    0000001c     mqtt_release.a : client_core.oem4 (.text:awaitsPkts)
                  01018d58    0000001c     timer50.obj (.text:callback50)
                  01018d74    0000001c     mqtt_release.a : client_core.oem4 (.text:doNetCloseTx)
                  01018d90    0000001c     rtsv7M4_T_le_eabi.lib : memccpy.c.obj (.text:memccpy)
                  01018dac    0000001c     mqtt_release.a : client_core.oem4 (.text:processRecv)
                  01018dc8    0000001c     freertos_builds_CC3220SF_LAUNCHXL_release_ccs.lib : pthread.obj (.text:pthread_attr_init)
                  01018de4    0000001c                                                       : pthread_mutex.obj (.text:pthread_mutexattr_init)
                  01018e00    0000001c                                                       : tasks.obj (.text:pvTaskIncrementMutexHeldCount)
                  01018e1c    0000001c     mqtt_release.a : client_core.oem4 (.text:usedCtxsTOSort)
                  01018e38    0000001a                    : mqtt_common.oem4 (.text:MQTT_packetAckWlistPurge)
                  01018e52    0000001a     freertos_builds_CC3220SF_LAUNCHXL_release_ccs.lib : PTLS.obj (.text:PTLS_taskDeleteHook)
                  01018e6c    0000001a     slnetifwifi.a : slnetifwifi.obj (.text:SlNetIfWifi_listen)
                  01018e86    0000001a     freertos_builds_CC3220SF_LAUNCHXL_release_ccs.lib : timers.obj (.text:prvTimerTask)
                  01018ea0    0000001a                                                       : pthread_mutex.obj (.text:pthread_mutex_destroy)
                  01018eba    00000018     mqtt_release.a : mqtt_common.oem4 (.text:MQTT_clCtxTimeoutUpdate)
                  01018ed2    00000002     --HOLE-- [fill = 0]
                  01018ed4    00000018     drivers_cc32xx.aem4 : PowerCC32XX.oem4 (.text:Power_idleFunc)
                  01018eec    00000018                         : TimerCC32XX.oem4 (.text:TimerCC32XX_getCount)
                  01018f04    00000018     driverlib.a : timer.obj (.text:TimerIntDisable)
                  01018f1c    00000018                 : timer.obj (.text:TimerIntEnable)
                  01018f34    00000018                 : uart.obj (.text:UARTBusy)
                  01018f4c    00000018     drivers_cc32xx.aem4 : UART.oem4 (.text:UART_Params_init)
                  01018f64    00000018     rtsv7M4_T_le_eabi.lib : snprintf.c.obj (.text:_outc)
                  01018f7c    00000018                           : vsnprintf.c.obj (.text:_outc)
                  01018f94    00000018     control_queue.obj (.text:add_to_control_queue)
                  01018fac    00000018     freertos_builds_CC3220SF_LAUNCHXL_release_ccs.lib : memory.obj (.text:free)
                  01018fc4    00000018     mqtt_release.a : client_core.oem4 (.text:groupCtxsAdjWaitSecsGet)
                  01018fdc    00000018                    : client_core.oem4 (.text:netClCtxFind)
                  01018ff4    00000018     control_queue.obj (.text:retrieve_from_control_queue)
                  0101900c    00000018     publish_queue.obj (.text:retrieve_publish_queue)
                  01019024    00000018     rtsv7M4_T_le_eabi.lib : ll_mul_t2.asm.obj (.text)
                  0101903c    00000018     freertos_builds_CC3220SF_LAUNCHXL_release_ccs.lib : semaphore.obj (.text:sem_wait)
                  01019054    00000018     rtsv7M4_T_le_eabi.lib : strcmp.c.obj (.text:strcmp)
                  0101906c    00000016     freertos_builds_CC3220SF_LAUNCHXL_release_ccs.lib : ClockP_freertos.obj (.text:ClockP_setTimeout)
                  01019082    00000016     mqtt_release.a : mqtt_net_func.oem4 (.text:MQTTNet_commClose)
                  01019098    00000016                    : mqtt_common.oem4 (.text:MQTT_clCtxReset)
                  010190ae    00000016                    : mqtt_common.oem4 (.text:MQTT_packetFree)
                  010190c4    00000016                    : mqtt_common.oem4 (.text:MQTT_packetInit)
                  010190da    00000016     driverlib.a : prcm.obj (.text:PRCMHIBRegRead)
                  010190f0    00000016                 : prcm.obj (.text:PRCMHIBRegWrite)
                  01019106    00000016     freertos_builds_CC3220SF_LAUNCHXL_release_ccs.lib : PTLS.obj (.text:PTLS_getBuf)
                  0101911c    00000016                                                       : PTLS.obj (.text:PTLS_setBuf)
                  01019132    00000016                                                       : SemaphoreP_freertos.obj (.text:SemaphoreP_Params_init)
                  01019148    00000016     simplelink.a : driver.obj (.text:_SlDrvMemZero)
                  0101915e    00000002     --HOLE-- [fill = 0]
                  01019160    00000016     freertos_builds_CC3220SF_LAUNCHXL_release_ccs.lib : startup_cc32xx_ccs.obj (.text:resetISR)
                  01019176    00000016     rtsv7M4_T_le_eabi.lib : strchr.c.obj (.text:strchr)
                  0101918c    00000014     driverlib.a : cpu.obj (.text:CPUcpsie)
                  010191a0    00000014                 : interrupt.obj (.text:IntVTableBaseSet)
                  010191b4    00000014     mqtt_release.a : mqttclient.oem4 (.text:MQTTClient_publish)
                  010191c8    00000014                    : mqtt_net_func.oem4 (.text:MQTTNet_rtcSecs)
                  010191dc    00000014                    : mqtt_common.oem4 (.text:MQTT_packetAckWlistAppend)
                  010191f0    00000014                    : mqtt_common.oem4 (.text:MQTT_packetReset)
                  01019204    00000014     drivers_cc32xx.aem4 : PWM.oem4 (.text:PWM_Params_init)
                  01019218    00000014                         : PowerCC32XX.oem4 (.text:Power_getDependencyCount)
                  0101922c    00000014                         : SPI.oem4 (.text:SPI_Params_init)
                  01019240    00000014     slnetsock_release.a : slnetsock.oem4 (.text:SlNetSock_sdsClrAll)
                  01019254    00000014     mqtt_release.a : client_core.oem4 (.text:ack1WlRmfree)
                  01019268    00000014     freertos_builds_CC3220SF_LAUNCHXL_release_ccs.lib : tasks.obj (.text:prvDeleteTCB)
                  0101927c    00000014                                                       : pthread.obj (.text:pthread_attr_setstacksize)
                  01019290    00000014                                                       : pthread_mutex.obj (.text:pthread_mutex_lock)
                  010192a4    00000014                                                       : pthread.obj (.text:pthread_self)
                  010192b8    00000014                                                       : semaphore.obj (.text:sem_destroy)
                  010192cc    00000014     rtsv7M4_T_le_eabi.lib : strcpy.c.obj (.text:strcpy)
[...]
0101763d  MQTT_packetPrepFh                         
01017673  SlNetIfWifi_getHostByName                 
010176a9  SlNetIfWifi_select                        
010176df  TimerControlStall                         
01017781  strncpy                                   
010177b9  PinModeGet                                
010177ed  PowerCC32XX_restoreParkState              
01017821  SemaphoreP_pend                           
01017855  SlNetUtil_htons                           
01017855  SlNetUtil_ntohs                           
01017889  TimerCC32XX_freeTimerResource             
010178bd  UDMACC32XX_close                          
01017a29  vTaskPlaceOnEventList                     
01017a91  MQTT_clCtxTimeoutInsert                   
01017af5  PowerCC32XX_restoreParkedPin              
01017c75  vListInitialise                           
01017ca5  vPortExitCritical                         
01017cd5  xTaskGetSchedulerState                    
01017d05  Mutex_create_handle                       
01017d33  pvTimerGetTimerID                         
01017d61  __aeabi_i2d                               
01017d91  GPIO_clearInt                             
01017dbd  HwiP_disable                              
01017de9  NwpPowerOn                                
01017e15  PRCMLPDSIntervalSet                       
01017e41  PowerCC32XX_getParkState                  
01017e6d  SemaphoreP_createBinary                   
01017e99  SlNetIfWifi_recv                          
01017ec5  SlNetIfWifi_send                          
01017ef1  _SlDrvSyncObjWaitForever                  
01017f75  pthread_mutexattr_settype                 
01017fcd  vTaskSetApplicationTaskTag                
01017ff9  xPortSysTickHandler                       
01018025  xQueueCreateMutex                         
01018051  SlNetUtil_inetPton                        
0101807b  TimerLoadSet                              
010180a5  TimerPrescaleSet                          
010180cf  UARTCC32XXDMA_readCancel                  
010180f9  UARTCC32XXDMA_writeCancel                 
010181cb  uxQueueMessagesWaiting                    
010181f5  HwiP_inISR                                
0101821d  MQTT_packetBufWrUtf8                      
01018245  PRCMLPDSWakeupSourceEnable                
0101826d  PRCMPeripheralClkDisable                  
01018295  Power_registerNotify                      
010182bd  SlNetIf_getIfByID                         
010182e5  SlNetSock_sdsIsSet                        
0101830d  SlNetSock_sdsSet                          
01018335  SlNetSock_secAttribDelete                 
0101835d  _SlDrvProtectionObjLockWaitForever        
01018385  _SlDrvProtectionObjUnLock                 
010183ad  _SlFlowContSet                            
010183fd  _sl_ExtLib_AwaitedAckLockedSet            
01018425  add_to_chain_queue                        
0101844d  memmove                                   
01018475  pthread_attr_setschedparam                
0101849d  sem_trywait                               
010184c5  xTaskGetApplicationTaskTag                
010184ed  List_put                                  
01018513  List_remove                               
01018539  MQTT_clCtxRemove                          
0101855f  _pthread_cleanup_pop                      
010185ad  IntUnregister                             
010185d1  PowerCC32XX_reset                         
010185f5  SlNetIf_getConnectionStatus               
01018619  _SlDrvIsApiInProgress                     
0101863d  _SlDrvStartMeasureTimeout                 
01018661  _c_int00_noargs                           
010186a9  create_chain_queue                        
010186cd  create_control_queue                      
010186f1  create_publish_queue                      
01018715  memcmp                                    
01018781  sem_getvalue                              
010187a5  sl_WlanDisconnect                         
010187c9  vQueueDelete                              
010187ed  vTaskInternalSetTimeOutState              
01018811  MQTT_packetProcMsgIdAckRx                 
01018833  SemaphoreP_post                           
01018855  dbgEvent                                  
01018877  pthread_attr_setdetachstate               
01018899  ADCCC32XX_convertToMicroVolts             
010188b9  ClockP_getCpuFreq                         
010188d9  HwiP_restore                              
010188f9  IntRegister                               
01018919  MQTT_qos2PubCqReset                       
01018939  Power_unregisterNotify                    
01018959  SlNetIfWifi_accept                        
01018979  create_parsing_queue                      
01018999  create_sensor_queue                       
01018a19  __aeabi_ui2d                              
01018a79  topic_subscribe_callback                  
01018a99  ClockP_start                              
01018ab7  HwiP_Params_init                          
01018ad5  MQTTClientCore_alloc                      
01018af3  MQTTClientCore_ctxRun                     
01018b11  SlNetIfWifi_bind                          
01018b2f  SlNetIfWifi_connect                       
01018b4d  TimerDisable                              
01018b6b  TimerEnable                               
01018b89  _SlDrvObjLockWaitForever                  
01018ba7  _SlDrvObjUnLock                           
01018bc5  _SlDrvSyncObjSignal                       
01018c01  jsmn_init                                 
01018c79  ClockP_Params_init                        
01018c95  Message                                   
01018cb1  PinToPadGet                               
01018ce9  _SlInternalIsItSpawnThread                
01018d05  addSubscribe                              
01018d21  add_to_publish_queue                      
01018d59  callback50                                
01018d91  memccpy                                   
01018dc9  pthread_attr_init                         
01018de5  pthread_mutexattr_init                    
01018e01  pvTaskIncrementMutexHeldCount             
01018e39  MQTT_packetAckWlistPurge                  
01018e53  PTLS_taskDeleteHook                       
01018e6d  SlNetIfWifi_listen                        
01018ea1  pthread_mutex_destroy                     
01018ebb  MQTT_clCtxTimeoutUpdate                   
01018ed5  Power_idleFunc                            
01018eed  TimerCC32XX_getCount                      
01018f05  TimerIntDisable                           
01018f1d  TimerIntEnable                            
01018f35  UARTBusy                                  
01018f4d  UART_Params_init                          
01018f95  add_to_control_queue                      
01018fad  free                                      
01018ff5  retrieve_from_control_queue               
0101900d  retrieve_publish_queue                    
01019025  __aeabi_lmul                              
0101903d  sem_wait                                  
01019055  strcmp                                    
0101906d  ClockP_setTimeout                         
01019083  MQTTNet_commClose                         
01019099  MQTT_clCtxReset                           
010190af  MQTT_packetFree                           
010190c5  MQTT_packetInit                           
010190db  PRCMHIBRegRead                            
010190f1  PRCMHIBRegWrite                           
01019107  PTLS_getBuf                               
0101911d  PTLS_setBuf                               
01019133  SemaphoreP_Params_init                    
01019149  _SlDrvMemZero                             
01019161  resetISR                                  
01019170  resetVectorAddr                           
01019177  strchr                                    
0101918d  CPUcpsie                                  
010191a1  IntVTableBaseSet                          
010191b5  MQTTClient_publish                        
010191c9  MQTTNet_rtcSecs                           
010191dd  MQTT_packetAckWlistAppend                 
010191f1  MQTT_packetReset                          
01019205  PWM_Params_init                           
01019219  Power_getDependencyCount                  
0101922d  SPI_Params_init                           
01019241  SlNetSock_sdsClrAll                       
0101927d  pthread_attr_setstacksize                 
01019291  pthread_mutex_lock                        
010192a5  pthread_self                              
010192b9  sem_destroy                               
010192cd  strcpy                                    
010192e1  strlen                                    
010192f5  timerCallback                             
01019331  vPortSuppressTicksAndSleep                
01019345  xTaskGetCurrentTaskHandle                 
01019359  xTaskGetTickCount                         
0101936d  HwiP_delete                               
0101937f  SlNetIfWifi_close                         
01019391  TimerIntClear                             
010193d9  wcslen                                    
010193eb  Board_init                                
010193fb  ClockP_getSystemTickPeriod                
0101940b  SlNetSock_secAttribCreate                 
0101941d  SysTickDisable                            
0101942d  SysTickEnable                             
0101943d  Timer_Params_init                         
0101944d  _SlDrvDispatchHttpServerEvents            
0101945d  _SlDrvDispatchNetAppRequestEvents         
0101946d  _SlDrvIsSpawnOwnGlobalLock                
010194cd  vListInitialiseItem                       
010194dd  vTaskSuspendAll                           
010194ed  MQTTClient_subscribe                      
010194fb  Power_getTransitionLatency                
01019509  _SlDrvResetCmdExt                         
01019517  _sl_ExtLib_AwaitedAckSet                  
01019533  __TI_decompress_none                      
0101954f  spi_Close                                 
0101955d  vApplicationStackOverflowHook             
0101956b  CPUwfi                                    
01019577  HwiP_clearInterrupt                       
01019583  HwiP_disableInterrupt                     
0101958f  HwiP_enableInterrupt                      
0101959b  MQTTClientCore_sendConnectMsg             
010195a7  MQTT_secureConnStructInit                 
010195b5  Network_IF_ResetMCUStateMachine           
010195c1  NwpMaskInterrupt                          
010195cd  NwpUnMaskInterrupt                        
010195d9  Power_getConstraintMask                   
010195e5  SemaphoreP_delete                         
010195f1  SimpleLinkHttpServerEventHandler          
010195fd  SimpleLinkNetAppRequestEventHandler       
01019609  _SlDeviceResetRequestInitCompletedCB      
01019621  copysign                                  
01019621  copysignl                                 
0101962d  __TI_zero_init                            
01019651  timerLEDCallback                          
0101965d  uDMAErrorStatusClear                      
01019669  uDMAErrorStatusGet                        
01019675  vTaskMissedYield                          
01019681  IntMasterEnable                           
0101968b  PWM_setDuty                               
01019695  PWM_start                                 
0101969f  SPI_close                                 
010196a9  SPI_transfer                              
010196b3  SimpleLinkNetAppRequestMemFreeEventHandler
010196bd  Timer_close                               
010196c7  Timer_start                               
010196d1  Timer_stop                                
010196db  UART_control                              
010196e5  UART_readPolling                          
010196ef  UART_writePolling                         
010196f9  sl_Task                                   
01019703  ADCCC32XX_init                            
0101970b  ClockP_getSystemTicks                     
01019713  MQTTClientCore_sendSubMsg                 
0101971b  MQTTNet_tcpSend                           
01019723  PRCMSleepEnter                            
0101972b  TimerGetCurrentTimestamp                  
01019753  ADCCC32XX_control                         
01019759  PWMTimerCC32XX_control                    
0101975f  SPICC32XXDMA_control                      
01019765  TimerCC32XX_control                       
0101976b  UtilsDelay                                
01019789  SPICC32XXDMA_init                         
0101978d  SlNetIf_init                              
01019791  SlNetUtil_init                            
01019795  _system_pre_init                          
01019799  C$$EXIT                                   
01019799  abort                                     
010197a4  _ctypes_                                  
01019b24  spiCC32XXDMAHWAttrs                       
01019b9c  OpcodeTranslateTable                      
01019c68  _SlActionLookupTable                      
01019cb8  PowerCC32XX_config                        
01019cf8  timerCC32XXHWAttrs                        
01019d28  UARTCC32XXDMA_fxnTable                    
01019d50  PWMTimerCC32XX_fxnTable                   
01019d74  Timer_config                              
01019d98  UART_defaultParams                        
01019e01  Display_count                             
01019e02  CONFIG_ADC_0_CONST                        
01019e03  ADC_count                                 
01019e04  CONFIG_Crypto_0_CONST                     
01019e05  CryptoCC32XX_count                        
01019e06  CONFIG_GPIO_BUTTON_0_CONST                
01019e07  CONFIG_GPIO_BUTTON_1_CONST                
01019e08  CONFIG_GPIO_LED_0_CONST                   
01019e09  CONFIG_GPIO_LED_1_CONST                   
01019e0a  CONFIG_GPIO_LED_2_CONST                   
01019e0b  CONFIG_GPIO_0_CONST                       
01019e0c  CONFIG_GPIO_1_CONST                       
01019e0d  CONFIG_GPIO_2_CONST                       
01019e0e  CONFIG_GPIO_3_CONST                       
01019e0f  CONFIG_GPIO_4_CONST                       
01019e10  CONFIG_GPIO_5_CONST                       
01019e11  CONFIG_GPIO_6_CONST                       
01019e12  CONFIG_GPIO_7_CONST                       
01019e13  CONFIG_GPIO_8_CONST                       
01019e14  CONFIG_PWM_0_CONST                        
01019e15  CONFIG_PWM_1_CONST                        
01019e16  PWM_count                                 
01019e17  CONFIG_SPI_0_CONST                        
01019e18  CONFIG_NWP_SPI_CONST                      
01019e19  SPI_count                                 
01019e1a  CONFIG_TIMER_0_CONST                      
01019e1b  CONFIG_TIMER_1_CONST                      
01019e1c  CONFIG_TIMER_2_CONST                      
01019e1d  Timer_count                               
01019e1e  CONFIG_UART_0_CONST                       
01019e1f  UART_count                                
01019e20  CONFIG_WATCHDOG_0_CONST                   
01019e21  Watchdog_count                            
01019e44  SPI_defaultParams                         
01019e84  TimerCC32XX_fxnTable                      
01019ec4  ADCCC32XX_fxnTable                        
01019edc  PWM_config                                
01019ef4  PWM_defaultParams                         
01019f0c  SPICC32XXDMA_fxnTable                     
01019f24  SPI_config                                
0101a054  GPIOCC32XX_config                         
0101a148  ADC_config                                
0101a154  UART_config                               
0101a190  udmaCC3220SHWAttrs                        
0101a19c  UDMACC32XX_config                         
0101a1a4  ulMaxSyscallInterruptPriority             
0101a1c4  outPinTypes                               
0101a1cc  pwmTimerCC32XXHWAttrs                     
0101a1ea  inPinTypes                                
0101a1f0  outPinStrengths                           
0101a238  _SlNetAppSendResponseCmdCtrl              
0101a23c  _SlNetAppSendTokenValueCmdCtrl            
0101a26c  adcCC32XXHWAttrs                          
0101a274  uxTopUsedPriority                         
0101a280  __TI_static_base__                        
0101a45c  __TI_Handler_Table_Base                   
0101a468  __TI_Handler_Table_Limit                  
0101a470  __TI_CINIT_Base                           
0101a480  __TI_CINIT_Limit                          
20000000  __start___llvm_prf_cnts                   
20000000  __stop___llvm_prf_cnts                    
20009000  g_CB                                      
200093fc  clients                                   
200096ac  PowerCC32XX_contextSave                   
20009a38  timerCC32XXObjects                        
20009ad4  spiCC32XXDMAObjects                       
20009bdc  uartCC32XXObjects0                        
20009d30  pwmTimerCC32XXObjects                     
20009da4  GlobalLockObj                             
20009dd0  g_SlInternalSpawnCB                       
20009df8  g_ucConnectionSSID                        
20009f34  MQTTClient_Lib_CB                         
20009f5c  DeviceCB                                  
20009f68  Msg                                       
20009f8c  g_ucConnectionBSSID                       
20009f94  spiCC32XXSDMAscratchBuf                   
20009f9c  udmaCC3220SObject                         
20009fc8  adcCC32XXObjects                          
20009fcc  appQueue                                  
20009fd0  connected                                 
20009fd4  deinit                                    
20009fd8  timer0                                    
20009fdc  MQTTClient_waitSecs                       
20009fde  g_usConnectIndex                          
20009fe0  RxIrqCnt                                  
20009fe4  HwiP_dispatchTable                        
2000a7e4  PowerCC32XX_module                        
2000a950  parkInfo                                  
2000aa48  SlNetIfConfigWifi                         
2000aaa0  gpioCallbackFunctions                     
2000aad8  gpioPinConfigs                            
2000ab48  pxCurrentTCB                              
2000ab7c  MQTTClient_net                            
2000aba4  g_LibsEvents                              
2000abc8  g_UserEvents                              
2000ac38  mqttClientParams                          
2000ac50  mqttConnParams                            
2000ac8c  IRmessages                                
2000ac90  count                                     
2000ac94  avg                                       
2000ac9c  ClientId                                  
2000acc4  mqttWillParams                            
2000acd0  g_ulStaIp                                 
2000acd4  g_ulGatewayIP                             
2000acd8  g_ulStatus                                
2000acdc  gGlobalLockCntRequested                   
2000acdd  gGlobalLockCntReleased                    
2000acde  g_SlDeviceStatus                          
2000ace0  g_pCB                                     
2000ace4  pPingCallBackFunc                         
2000ad00  MQTTClient_closeContext                   
2000ad04  MQTTClient_clientContext                  
2000ad08  MQTTClient_multiSrvConn                   
2000ad0c  MQTTClient_clientCfg                      
2000ad24  mqttInitParams                            
2000ad4c  MQTTClient_connectCfg                     
2000ad5c  longPress                                 
2000ad60  g_intHandle                               
2003fc00  __stack                                   
20040000  __STACK_END                               
ffffffff  __TI_pprof_out_hndl                       
ffffffff  __TI_prof_data_size                       
ffffffff  __TI_prof_data_start                      
ffffffff  __binit__                                 
ffffffff  __c_args__                                
ffffffff  binit                                     
UNDEFED   __mpu_init                                
UNDEFED   _system_post_cinit                        

[771 symbols]
